Component: ARM Compiler 5.06 update 6 (build 750) Tool: armlink [4d35ed]

==============================================================================

Section Cross References

    startup_stm32f413xx.o(STACK) refers (Special) to heapauxi.o(.text) for __use_two_region_memory
    startup_stm32f413xx.o(HEAP) refers (Special) to heapauxi.o(.text) for __use_two_region_memory
    startup_stm32f413xx.o(RESET) refers (Special) to heapauxi.o(.text) for __use_two_region_memory
    startup_stm32f413xx.o(RESET) refers to startup_stm32f413xx.o(STACK) for __initial_sp
    startup_stm32f413xx.o(RESET) refers to startup_stm32f413xx.o(.text) for Reset_Handler
    startup_stm32f413xx.o(RESET) refers to stm32f4xx_it.o(i.NMI_Handler) for NMI_Handler
    startup_stm32f413xx.o(RESET) refers to stm32f4xx_it.o(i.HardFault_Handler) for HardFault_Handler
    startup_stm32f413xx.o(RESET) refers to stm32f4xx_it.o(i.MemManage_Handler) for MemManage_Handler
    startup_stm32f413xx.o(RESET) refers to stm32f4xx_it.o(i.BusFault_Handler) for BusFault_Handler
    startup_stm32f413xx.o(RESET) refers to stm32f4xx_it.o(i.UsageFault_Handler) for UsageFault_Handler
    startup_stm32f413xx.o(RESET) refers to stm32f4xx_it.o(i.SVC_Handler) for SVC_Handler
    startup_stm32f413xx.o(RESET) refers to stm32f4xx_it.o(i.DebugMon_Handler) for DebugMon_Handler
    startup_stm32f413xx.o(RESET) refers to stm32f4xx_it.o(i.PendSV_Handler) for PendSV_Handler
    startup_stm32f413xx.o(RESET) refers to stm32f4xx_it.o(i.SysTick_Handler) for SysTick_Handler
    startup_stm32f413xx.o(.text) refers (Special) to heapauxi.o(.text) for __use_two_region_memory
    startup_stm32f413xx.o(.text) refers to system_stm32f4xx.o(i.SystemInit) for SystemInit
    startup_stm32f413xx.o(.text) refers to __main.o(!!!main) for __main
    startup_stm32f413xx.o(.text) refers to startup_stm32f413xx.o(HEAP) for Heap_Mem
    startup_stm32f413xx.o(.text) refers to startup_stm32f413xx.o(STACK) for Stack_Mem
    dht22.o(i._ZN5DHT2214Check_ResponseEv) refers to tim_delay.o(i._Z5delayt) for delay(unsigned short)
    dht22.o(i._ZN5DHT2214Check_ResponseEv) refers to stm32f4xx_hal_gpio.o(i.HAL_GPIO_ReadPin) for HAL_GPIO_ReadPin
    dht22.o(i._ZN5DHT2214GetMeasurementEPfS0_) refers to dht22.o(i._ZN5DHT225parseEPhPfS1_) for DHT22::parse(unsigned char*, float*, float*)
    dht22.o(i._ZN5DHT224ReadEv) refers to stm32f4xx_hal_gpio.o(i.HAL_GPIO_ReadPin) for HAL_GPIO_ReadPin
    dht22.o(i._ZN5DHT224ReadEv) refers to tim_delay.o(i._Z5delayt) for delay(unsigned short)
    dht22.o(i._ZN5DHT225StartEv) refers to gpio_functions.o(i._ZN4gpio14Set_Pin_OutputEP12GPIO_TypeDeft) for gpio::Set_Pin_Output(GPIO_TypeDef*, unsigned short)
    dht22.o(i._ZN5DHT225StartEv) refers to stm32f4xx_hal_gpio.o(i.HAL_GPIO_WritePin) for HAL_GPIO_WritePin
    dht22.o(i._ZN5DHT225StartEv) refers to tim_delay.o(i._Z5delayt) for delay(unsigned short)
    dht22.o(i._ZN5DHT225StartEv) refers to gpio_functions.o(i._ZN4gpio13Set_Pin_InputEP12GPIO_TypeDeft) for gpio::Set_Pin_Input(GPIO_TypeDef*, unsigned short)
    dht22.o(i._ZN5DHT225parseEPhPfS1_) refers to dflt_clz.o(x$fpl$dfltu) for __aeabi_ui2d
    dht22.o(i._ZN5DHT225parseEPhPfS1_) refers to ddiv.o(x$fpl$ddiv) for __aeabi_ddiv
    dht22.o(i._ZN5DHT225parseEPhPfS1_) refers to d2f.o(x$fpl$d2f) for __aeabi_d2f
    dht22.o(i._ZN5DHT22C1EtP12GPIO_TypeDef) refers to dht22.o(.constdata__ZTV7ISensor) for vtable for ISensor
    dht22.o(i._ZN5DHT22C1EtP12GPIO_TypeDef) refers to dht22.o(.constdata__ZTV5DHT22) for vtable for DHT22
    dht22.o(.ARM.exidx) refers to dht22.o(i._ZN5DHT22C1EtP12GPIO_TypeDef) for i._ZN5DHT22C1EtP12GPIO_TypeDef
    dht22.o(.ARM.exidx) refers to dht22.o(i._ZN5DHT225StartEv) for i._ZN5DHT225StartEv
    dht22.o(.ARM.exidx) refers to dht22.o(i._ZN5DHT2214Check_ResponseEv) for i._ZN5DHT2214Check_ResponseEv
    dht22.o(.ARM.exidx) refers to dht22.o(i._ZN5DHT224ReadEv) for i._ZN5DHT224ReadEv
    dht22.o(.ARM.exidx) refers to dht22.o(i._ZN5DHT225parseEPhPfS1_) for i._ZN5DHT225parseEPhPfS1_
    dht22.o(.ARM.exidx) refers to dht22.o(i._ZN5DHT2214GetMeasurementEPfS0_) for i._ZN5DHT2214GetMeasurementEPfS0_
    main.o(i._Z12MX_GPIO_Initv) refers to rt_memclr_w.o(.text) for __aeabi_memclr4
    main.o(i._Z12MX_GPIO_Initv) refers to stm32f4xx_hal_gpio.o(i.HAL_GPIO_WritePin) for HAL_GPIO_WritePin
    main.o(i._Z12MX_GPIO_Initv) refers to stm32f4xx_hal_gpio.o(i.HAL_GPIO_Init) for HAL_GPIO_Init
    main.o(i._Z12MX_I2C1_Initv) refers to stm32f4xx_hal_i2c.o(i.HAL_I2C_Init) for HAL_I2C_Init
    main.o(i._Z12MX_I2C1_Initv) refers to main.o(i.Error_Handler) for Error_Handler
    main.o(i._Z12MX_I2C1_Initv) refers to main.o(.bss) for hi2c1
    main.o(i._Z18SystemClock_Configv) refers to rt_memclr_w.o(.text) for __aeabi_memclr4
    main.o(i._Z18SystemClock_Configv) refers to stm32f4xx_hal_rcc_ex.o(i.HAL_RCC_OscConfig) for HAL_RCC_OscConfig
    main.o(i._Z18SystemClock_Configv) refers to main.o(i.Error_Handler) for Error_Handler
[...]
    ../clib/angel/rt.s                       0x00000000   Number         0  rt_heap_descriptor_intlibspace.o ABSOLUTE
    ../clib/angel/rt.s                       0x00000000   Number         0  aeabi_ldiv0.o ABSOLUTE
    ../clib/angel/rt.s                       0x00000000   Number         0  aeabi_ldiv0_sigfpe.o ABSOLUTE
    ../clib/angel/rt.s                       0x00000000   Number         0  rt_div0.o ABSOLUTE
    ../clib/angel/rt.s                       0x00000000   Number         0  rt_raise.o ABSOLUTE
    ../clib/angel/rt.s                       0x00000000   Number         0  rt_eh_globals_addr.o ABSOLUTE
    ../clib/angel/rt.s                       0x00000000   Number         0  rt_eh_globals_addr_intlibspace.o ABSOLUTE
    ../clib/angel/scatter.s                  0x00000000   Number         0  __scatter.o ABSOLUTE
    ../clib/angel/startup.s                  0x00000000   Number         0  __main.o ABSOLUTE
    ../clib/angel/sys.s                      0x00000000   Number         0  mutex_dummy.o ABSOLUTE
    ../clib/angel/sys.s                      0x00000000   Number         0  indicate_semi.o ABSOLUTE
    ../clib/angel/sys.s                      0x00000000   Number         0  libspace.o ABSOLUTE
    ../clib/angel/sys.s                      0x00000000   Number         0  sys_stackheap_outer.o ABSOLUTE
    ../clib/angel/sys.s                      0x00000000   Number         0  use_no_semi.o ABSOLUTE
    ../clib/angel/sysapp.c                   0x00000000   Number         0  sys_command.o ABSOLUTE
    ../clib/angel/sysapp.c                   0x00000000   Number         0  sys_wrch.o ABSOLUTE
    ../clib/angel/sysapp.c                   0x00000000   Number         0  sys_exit.o ABSOLUTE
    ../clib/armsys.c                         0x00000000   Number         0  argv_veneer.o ABSOLUTE
    ../clib/armsys.c                         0x00000000   Number         0  argv_veneer.o ABSOLUTE
    ../clib/armsys.c                         0x00000000   Number         0  _get_argv.o ABSOLUTE
    ../clib/armsys.c                         0x00000000   Number         0  _get_argv_nomalloc.o ABSOLUTE
    ../clib/armsys.c                         0x00000000   Number         0  no_argv.o ABSOLUTE
    ../clib/heap1.c                          0x00000000   Number         0  h1_alloc_mt.o ABSOLUTE
    ../clib/heap1.c                          0x00000000   Number         0  h1_free_mt.o ABSOLUTE
    ../clib/heap1.c                          0x00000000   Number         0  h1_free.o ABSOLUTE
    ../clib/heap1.c                          0x00000000   Number         0  h1_init.o ABSOLUTE
    ../clib/heap1.c                          0x00000000   Number         0  h1_final.o ABSOLUTE
    ../clib/heap1.c                          0x00000000   Number         0  h1_final_mt.o ABSOLUTE
    ../clib/heap1.c                          0x00000000   Number         0  h1_extend.o ABSOLUTE
    ../clib/heap1.c                          0x00000000   Number         0  h1_init_mt.o ABSOLUTE
    ../clib/heap1.c                          0x00000000   Number         0  h1_alloc.o ABSOLUTE
    ../clib/heap1.c                          0x00000000   Number         0  h1_extend_mt.o ABSOLUTE
    ../clib/heap2.c                          0x00000000   Number         0  fdtree.o ABSOLUTE
    ../clib/heap2.c                          0x00000000   Number         0  heap2mt.o ABSOLUTE
    ../clib/heap2.c                          0x00000000   Number         0  heap2.o ABSOLUTE
    ../clib/heapalloc.c                      0x00000000   Number         0  term_alloc.o ABSOLUTE
    ../clib/heapalloc.c                      0x00000000   Number         0  hrguard.o ABSOLUTE
    ../clib/heapalloc.c                      0x00000000   Number         0  maybetermalloc2.o ABSOLUTE
    ../clib/heapalloc.c                      0x00000000   Number         0  heapstubs.o ABSOLUTE
    ../clib/heapalloc.c                      0x00000000   Number         0  maybetermalloc2.o ABSOLUTE
    ../clib/heapalloc.c                      0x00000000   Number         0  maybetermalloc1.o ABSOLUTE
    ../clib/heapalloc.c                      0x00000000   Number         0  maybetermalloc1.o ABSOLUTE
    ../clib/heapalloc.c                      0x00000000   Number         0  malloc.o ABSOLUTE
    ../clib/heapalloc.c                      0x00000000   Number         0  init_alloc.o ABSOLUTE
    ../clib/heapalloc.c                      0x00000000   Number         0  hguard.o ABSOLUTE
    ../clib/heapalloc.c                      0x00000000   Number         0  free.o ABSOLUTE
    ../clib/heapaux.c                        0x00000000   Number         0  heapauxi.o ABSOLUTE
    ../clib/heapaux.c                        0x00000000   Number         0  heapauxa.o ABSOLUTE
    ../clib/libinit.s                        0x00000000   Number         0  libinit2.o ABSOLUTE
    ../clib/libinit.s                        0x00000000   Number         0  libshutdown.o ABSOLUTE
    ../clib/libinit.s                        0x00000000   Number         0  libshutdown2.o ABSOLUTE
    ../clib/libinit.s                        0x00000000   Number         0  libinit.o ABSOLUTE
    ../clib/longlong.s                       0x00000000   Number         0  lludivv7m.o ABSOLUTE
    ../clib/memcpset.s                       0x00000000   Number         0  rt_memcpy_w.o ABSOLUTE
    ../clib/memcpset.s                       0x00000000   Number         0  rt_memclr_w.o ABSOLUTE
    ../clib/signal.c                         0x00000000   Number         0  defsig_general.o ABSOLUTE
    ../clib/signal.c                         0x00000000   Number         0  defsig_fpe_outer.o ABSOLUTE
    ../clib/signal.c                         0x00000000   Number         0  defsig_fpe_formal.o ABSOLUTE
    ../clib/signal.c                         0x00000000   Number         0  defsig_rtmem_outer.o ABSOLUTE
    ../clib/signal.c                         0x00000000   Number         0  defsig_rtmem_formal.o ABSOLUTE
    ../clib/signal.c                         0x00000000   Number         0  defsig_abrt_inner.o ABSOLUTE
    ../clib/signal.c                         0x00000000   Number         0  defsig_pvfn_inner.o ABSOLUTE
    ../clib/signal.c                         0x00000000   Number         0  defsig_exit.o ABSOLUTE
    ../clib/signal.c                         0x00000000   Number         0  __raise.o ABSOLUTE
    ../clib/signal.c                         0x00000000   Number         0  defsig_pvfn_outer.o ABSOLUTE
    ../clib/signal.c                         0x00000000   Number         0  defsig_pvfn_formal.o ABSOLUTE
    ../clib/signal.c                         0x00000000   Number         0  defsig_segv_inner.o ABSOLUTE
    ../clib/signal.c                         0x00000000   Number         0  defsig_abrt_outer.o ABSOLUTE
    ../clib/signal.c                         0x00000000   Number         0  defsig_cppl_inner.o ABSOLUTE
    ../clib/signal.c                         0x00000000   Number         0  defsig_other.o ABSOLUTE
    ../clib/signal.c                         0x00000000   Number         0  defsig_stak_inner.o ABSOLUTE
    ../clib/signal.c                         0x00000000   Number         0  defsig_abrt_formal.o ABSOLUTE
    ../clib/signal.c                         0x00000000   Number         0  defsig_rtred_inner.o ABSOLUTE
    ../clib/signal.c                         0x00000000   Number         0  defsig_fpe_inner.o ABSOLUTE
    ../clib/signal.c                         0x00000000   Number         0  defsig_rtmem_inner.o ABSOLUTE
    ../clib/signal.s                         0x00000000   Number         0  defsig.o ABSOLUTE
    ../clib/stdlib.c                         0x00000000   Number         0  exit.o ABSOLUTE
    ../clib/stdlib.c                         0x00000000   Number         0  abort.o ABSOLUTE
    ../fplib/d2f.s                           0x00000000   Number         0  d2f.o ABSOLUTE
    ../fplib/ddiv.s                          0x00000000   Number         0  ddiv.o ABSOLUTE
    ../fplib/dflt.s                          0x00000000   Number         0  dflt_clz.o ABSOLUTE
    ../fplib/dnaninf.s                       0x00000000   Number         0  dnaninf.o ABSOLUTE
    ../fplib/dretinf.s                       0x00000000   Number         0  dretinf.o ABSOLUTE
    ../fplib/fpinit.s                        0x00000000   Number         0  fpinit.o ABSOLUTE
    ../fplib/fretinf.s                       0x00000000   Number         0  fretinf.o ABSOLUTE
    ../fplib/usenofp.s                       0x00000000   Number         0  usenofp.o ABSOLUTE
    ..\Drivers\STM32F4xx_HAL_Driver\Src\stm32f4xx_hal.c 0x00000000   Number         0  stm32f4xx_hal.o ABSOLUTE
    ..\Drivers\STM32F4xx_HAL_Driver\Src\stm32f4xx_hal_cortex.c 0x00000000   Number         0  stm32f4xx_hal_cortex.o ABSOLUTE
    ..\Drivers\STM32F4xx_HAL_Driver\Src\stm32f4xx_hal_dma.c 0x00000000   Number         0  stm32f4xx_hal_dma.o ABSOLUTE
    ..\Drivers\STM32F4xx_HAL_Driver\Src\stm32f4xx_hal_dma_ex.c 0x00000000   Number         0  stm32f4xx_hal_dma_ex.o ABSOLUTE
    ..\Drivers\STM32F4xx_HAL_Driver\Src\stm32f4xx_hal_exti.c 0x00000000   Number         0  stm32f4xx_hal_exti.o ABSOLUTE
    ..\Drivers\STM32F4xx_HAL_Driver\Src\stm32f4xx_hal_flash.c 0x00000000   Number         0  stm32f4xx_hal_flash.o ABSOLUTE
    ..\Drivers\STM32F4xx_HAL_Driver\Src\stm32f4xx_hal_flash_ex.c 0x00000000   Number         0  stm32f4xx_hal_flash_ex.o ABSOLUTE
    ..\Drivers\STM32F4xx_HAL_Driver\Src\stm32f4xx_hal_flash_ramfunc.c 0x00000000   Number         0  stm32f4xx_hal_flash_ramfunc.o ABSOLUTE
    ..\Drivers\STM32F4xx_HAL_Driver\Src\stm32f4xx_hal_gpio.c 0x00000000   Number         0  stm32f4xx_hal_gpio.o ABSOLUTE
    ..\Drivers\STM32F4xx_HAL_Driver\Src\stm32f4xx_hal_i2c.c 0x00000000   Number         0  stm32f4xx_hal_i2c.o ABSOLUTE
    ..\Drivers\STM32F4xx_HAL_Driver\Src\stm32f4xx_hal_i2c_ex.c 0x00000000   Number         0  stm32f4xx_hal_i2c_ex.o ABSOLUTE
    ..\Drivers\STM32F4xx_HAL_Driver\Src\stm32f4xx_hal_pcd.c 0x00000000   Number         0  stm32f4xx_hal_pcd.o ABSOLUTE
    ..\Drivers\STM32F4xx_HAL_Driver\Src\stm32f4xx_hal_pcd_ex.c 0x00000000   Number         0  stm32f4xx_hal_pcd_ex.o ABSOLUTE
    ..\Drivers\STM32F4xx_HAL_Driver\Src\stm32f4xx_hal_pwr.c 0x00000000   Number         0  stm32f4xx_hal_pwr.o ABSOLUTE
    ..\Drivers\STM32F4xx_HAL_Driver\Src\stm32f4xx_hal_pwr_ex.c 0x00000000   Number         0  stm32f4xx_hal_pwr_ex.o ABSOLUTE
    ..\Drivers\STM32F4xx_HAL_Driver\Src\stm32f4xx_hal_rcc.c 0x00000000   Number         0  stm32f4xx_hal_rcc.o ABSOLUTE
    ..\Drivers\STM32F4xx_HAL_Driver\Src\stm32f4xx_hal_rcc_ex.c 0x00000000   Number         0  stm32f4xx_hal_rcc_ex.o ABSOLUTE
    ..\Drivers\STM32F4xx_HAL_Driver\Src\stm32f4xx_hal_tim.c 0x00000000   Number         0  stm32f4xx_hal_tim.o ABSOLUTE
    ..\Drivers\STM32F4xx_HAL_Driver\Src\stm32f4xx_hal_tim_ex.c 0x00000000   Number         0  stm32f4xx_hal_tim_ex.o ABSOLUTE
    ..\Drivers\STM32F4xx_HAL_Driver\Src\stm32f4xx_hal_uart.c 0x00000000   Number         0  stm32f4xx_hal_uart.o ABSOLUTE
    ..\Drivers\STM32F4xx_HAL_Driver\Src\stm32f4xx_ll_usb.c 0x00000000   Number         0  stm32f4xx_ll_usb.o ABSOLUTE
    ..\Src\main.c                            0x00000000   Number         0  main.o ABSOLUTE
    ..\Src\stm32f4xx_hal_msp.c               0x00000000   Number         0  stm32f4xx_hal_msp.o ABSOLUTE
    ..\Src\stm32f4xx_it.c                    0x00000000   Number         0  stm32f4xx_it.o ABSOLUTE
    ..\Src\system_stm32f4xx.c                0x00000000   Number         0  system_stm32f4xx.o ABSOLUTE
    ComponentsManager.cpp                    0x00000000   Number         0  componentsmanager.o ABSOLUTE
    ComponentsManager.cpp                    0x00000000   Number         0  componentsmanager.o ABSOLUTE
    FloatToString.cpp                        0x00000000   Number         0  floattostring.o ABSOLUTE
    GPIO_Functions.cpp                       0x00000000   Number         0  gpio_functions.o ABSOLUTE
    GPIO_Functions.cpp                       0x00000000   Number         0  gpio_functions.o ABSOLUTE
    I2c_lcd.cpp                              0x00000000   Number         0  i2c_lcd.o ABSOLUTE
    I2c_lcd.cpp                              0x00000000   Number         0  i2c_lcd.o ABSOLUTE
    TIM_Delay.cpp                            0x00000000   Number         0  tim_delay.o ABSOLUTE
    TIM_Delay.cpp                            0x00000000   Number         0  tim_delay.o ABSOLUTE
    dc.s                                     0x00000000   Number         0  dc.o ABSOLUTE
    dht22.cpp                                0x00000000   Number         0  dht22.o ABSOLUTE
    dht22.cpp                                0x00000000   Number         0  dht22.o ABSOLUTE
    startup_stm32f413xx.s                    0x00000000   Number         0  startup_stm32f413xx.o ABSOLUTE
    RESET                                    0x08000000   Section      472  startup_stm32f413xx.o(RESET)
    !!!main                                  0x080001d8   Section        8  __main.o(!!!main)
    !!!scatter                               0x080001e0   Section       52  __scatter.o(!!!scatter)
    !!handler_copy                           0x08000214   Section       26  __scatter_copy.o(!!handler_copy)
    !!handler_zi                             0x08000230   Section       28  __scatter_zi.o(!!handler_zi)
    .ARM.Collect$$libinit$$00000000          0x0800024c   Section        2  libinit.o(.ARM.Collect$$libinit$$00000000)
    .ARM.Collect$$libinit$$00000001          0x0800024e   Section        4  libinit2.o(.ARM.Collect$$libinit$$00000001)
    .ARM.Collect$$libinit$$00000004          0x08000252   Section        0  libinit2.o(.ARM.Collect$$libinit$$00000004)
    .ARM.Collect$$libinit$$0000000A          0x08000252   Section        0  libinit2.o(.ARM.Collect$$libinit$$0000000A)
    .ARM.Collect$$libinit$$0000000C          0x08000252   Section        0  libinit2.o(.ARM.Collect$$libinit$$0000000C)
    .ARM.Collect$$libinit$$0000000E          0x08000252   Section        0  libinit2.o(.ARM.Collect$$libinit$$0000000E)
    .ARM.Collect$$libinit$$00000011          0x08000252   Section        0  libinit2.o(.ARM.Collect$$libinit$$00000011)
    .ARM.Collect$$libinit$$00000013          0x08000252   Section        0  libinit2.o(.ARM.Collect$$libinit$$00000013)
    .ARM.Collect$$libinit$$00000015          0x08000252   Section        0  libinit2.o(.ARM.Collect$$libinit$$00000015)
    .ARM.Collect$$libinit$$00000017          0x08000252   Section        0  libinit2.o(.ARM.Collect$$libinit$$00000017)
    .ARM.Collect$$libinit$$00000019          0x08000252   Section        0  libinit2.o(.ARM.Collect$$libinit$$00000019)
    .ARM.Collect$$libinit$$0000001B          0x08000252   Section        0  libinit2.o(.ARM.Collect$$libinit$$0000001B)
    .ARM.Collect$$libinit$$0000001D          0x08000252   Section        0  libinit2.o(.ARM.Collect$$libinit$$0000001D)
    .ARM.Collect$$libinit$$0000001F          0x08000252   Section        0  libinit2.o(.ARM.Collect$$libinit$$0000001F)
    .ARM.Collect$$libinit$$00000021          0x08000252   Section        0  libinit2.o(.ARM.Collect$$libinit$$00000021)
    .ARM.Collect$$libinit$$00000023          0x08000252   Section        0  libinit2.o(.ARM.Collect$$libinit$$00000023)
    .ARM.Collect$$libinit$$00000025          0x08000252   Section        0  libinit2.o(.ARM.Collect$$libinit$$00000025)
    .ARM.Collect$$libinit$$0000002C          0x08000252   Section        0  libinit2.o(.ARM.Collect$$libinit$$0000002C)
    .ARM.Collect$$libinit$$0000002E          0x08000252   Section        0  libinit2.o(.ARM.Collect$$libinit$$0000002E)
    .ARM.Collect$$libinit$$00000030          0x08000252   Section        0  libinit2.o(.ARM.Collect$$libinit$$00000030)
    .ARM.Collect$$libinit$$00000032          0x08000252   Section        0  libinit2.o(.ARM.Collect$$libinit$$00000032)
    .ARM.Collect$$libinit$$00000033          0x08000252   Section        2  libinit2.o(.ARM.Collect$$libinit$$00000033)
    .ARM.Collect$$libshutdown$$00000000      0x08000254   Section        2  libshutdown.o(.ARM.Collect$$libshutdown$$00000000)
    .ARM.Collect$$libshutdown$$00000002      0x08000256   Section        0  libshutdown2.o(.ARM.Collect$$libshutdown$$00000002)
    .ARM.Collect$$libshutdown$$00000004      0x08000256   Section        0  libshutdown2.o(.ARM.Collect$$libshutdown$$00000004)
    .ARM.Collect$$libshutdown$$00000007      0x08000256   Section        0  libshutdown2.o(.ARM.Collect$$libshutdown$$00000007)
    .ARM.Collect$$libshutdown$$0000000A      0x08000256   Section        0  libshutdown2.o(.ARM.Collect$$libshutdown$$0000000A)
    .ARM.Collect$$libshutdown$$0000000C      0x08000256   Section        0  libshutdown2.o(.ARM.Collect$$libshutdown$$0000000C)
    .ARM.Collect$$libshutdown$$0000000F      0x08000256   Section        0  libshutdown2.o(.ARM.Collect$$libshutdown$$0000000F)
    .ARM.Collect$$libshutdown$$00000010      0x08000256   Section        2  libshutdown2.o(.ARM.Collect$$libshutdown$$00000010)
    .ARM.Collect$$rtentry$$00000000          0x08000258   Section        0  __rtentry.o(.ARM.Collect$$rtentry$$00000000)
    .ARM.Collect$$rtentry$$00000002          0x08000258   Section        0  __rtentry2.o(.ARM.Collect$$rtentry$$00000002)
    .ARM.Collect$$rtentry$$00000004          0x08000258   Section        6  __rtentry4.o(.ARM.Collect$$rtentry$$00000004)
    .ARM.Collect$$rtentry$$00000009          0x0800025e   Section        0  __rtentry2.o(.ARM.Collect$$rtentry$$00000009)
    .ARM.Collect$$rtentry$$0000000A          0x0800025e   Section        4  __rtentry2.o(.ARM.Collect$$rtentry$$0000000A)
    .ARM.Collect$$rtentry$$0000000C          0x08000262   Section        0  __rtentry2.o(.ARM.Collect$$rtentry$$0000000C)
    .ARM.Collect$$rtentry$$0000000D          0x08000262   Section        8  __rtentry2.o(.ARM.Collect$$rtentry$$0000000D)
    .ARM.Collect$$rtexit$$00000000           0x0800026a   Section        2  rtexit.o(.ARM.Collect$$rtexit$$00000000)
    .ARM.Collect$$rtexit$$00000002           0x0800026c   Section        0  rtexit2.o(.ARM.Collect$$rtexit$$00000002)
    .ARM.Collect$$rtexit$$00000003           0x0800026c   Section        4  rtexit2.o(.ARM.Collect$$rtexit$$00000003)
    .ARM.Collect$$rtexit$$00000004           0x08000270   Section        6  rtexit2.o(.ARM.Collect$$rtexit$$00000004)
    .text                                    0x08000278   Section       64  startup_stm32f413xx.o(.text)
    $v0                                      0x08000278   Number         0  startup_stm32f413xx.o(.text)
    .text                                    0x080002b8   Section      238  lludivv7m.o(.text)
    .text                                    0x080003a6   Section      100  rt_memcpy_w.o(.text)
    .text                                    0x0800040a   Section       78  rt_memclr_w.o(.text)
    .text                                    0x08000458   Section        0  heapauxi.o(.text)
    .text                                    0x08000460   Section        0  sys_exit.o(.text)
    .text                                    0x0800046c   Section        8  libspace.o(.text)
    .text                                    0x08000474   Section       74  sys_stackheap_outer.o(.text)
    .text                                    0x080004be   Section        0  exit.o(.text)
    .text                                    0x080004d0   Section        2  use_no_semi.o(.text)
    .text                                    0x080004d2   Section        0  indicate_semi.o(.text)
    i.BusFault_Handler                       0x080004d2   Section        0  stm32f4xx_it.o(i.BusFault_Handler)
    i.DebugMon_Handler                       0x080004d6   Section        0  stm32f4xx_it.o(i.DebugMon_Handler)
    i.Error_Handler                          0x080004d8   Section        0  main.o(i.Error_Handler)
    i.HAL_Delay                              0x080004dc   Section        0  stm32f4xx_hal.o(i.HAL_Delay)
    i.HAL_GPIO_Init                          0x08000504   Section        0  stm32f4xx_hal_gpio.o(i.HAL_GPIO_Init)
    i.HAL_GPIO_ReadPin                       0x080006f4   Section        0  stm32f4xx_hal_gpio.o(i.HAL_GPIO_ReadPin)
    i.HAL_GPIO_WritePin                      0x08000704   Section        0  stm32f4xx_hal_gpio.o(i.HAL_GPIO_WritePin)
    i.HAL_GetTick                            0x08000710   Section        0  stm32f4xx_hal.o(i.HAL_GetTick)
    i.HAL_I2C_Init                           0x0800071c   Section        0  stm32f4xx_hal_i2c.o(i.HAL_I2C_Init)
    i.HAL_I2C_Master_Transmit                0x080008ec   Section        0  stm32f4xx_hal_i2c.o(i.HAL_I2C_Master_Transmit)
    i.HAL_I2C_MspInit                        0x08000a5c   Section        0  stm32f4xx_hal_msp.o(i.HAL_I2C_MspInit)
    i.HAL_IncTick                            0x08000ae4   Section        0  stm32f4xx_hal.o(i.HAL_IncTick)
    i.HAL_Init                               0x08000afc   Section        0  stm32f4xx_hal.o(i.HAL_Init)
    i.HAL_InitTick                           0x08000b38   Section        0  stm32f4xx_hal.o(i.HAL_InitTick)
    i.HAL_MspInit                            0x08000b84   Section        0  stm32f4xx_hal_msp.o(i.HAL_MspInit)
    i.HAL_NVIC_SetPriority                   0x08000bcc   Section        0  stm32f4xx_hal_cortex.o(i.HAL_NVIC_SetPriority)
    i.HAL_NVIC_SetPriorityGrouping           0x08000c48   Section        0  stm32f4xx_hal_cortex.o(i.HAL_NVIC_SetPriorityGrouping)
    i.HAL_PCDEx_ActivateLPM                  0x08000c70   Section        0  stm32f4xx_hal_pcd_ex.o(i.HAL_PCDEx_ActivateLPM)
    i.HAL_PCD_Init                           0x08000c98   Section        0  stm32f4xx_hal_pcd.o(i.HAL_PCD_Init)
    i.HAL_PCD_MspInit                        0x08000e0c   Section        0  stm32f4xx_hal_msp.o(i.HAL_PCD_MspInit)
    i.HAL_RCCEx_PeriphCLKConfig              0x08000eb8   Section        0  stm32f4xx_hal_rcc_ex.o(i.HAL_RCCEx_PeriphCLKConfig)
    i.HAL_RCC_ClockConfig                    0x08001304   Section        0  stm32f4xx_hal_rcc.o(i.HAL_RCC_ClockConfig)
    i.HAL_RCC_GetHCLKFreq                    0x08001488   Section        0  stm32f4xx_hal_rcc.o(i.HAL_RCC_GetHCLKFreq)
    i.HAL_RCC_GetPCLK1Freq                   0x08001494   Section        0  stm32f4xx_hal_rcc.o(i.HAL_RCC_GetPCLK1Freq)
    i.HAL_RCC_GetPCLK2Freq                   0x080014b4   Section        0  stm32f4xx_hal_rcc.o(i.HAL_RCC_GetPCLK2Freq)
    i.HAL_RCC_GetSysClockFreq                0x080014d4   Section        0  stm32f4xx_hal_rcc.o(i.HAL_RCC_GetSysClockFreq)
    i.HAL_RCC_OscConfig                      0x08001584   Section        0  stm32f4xx_hal_rcc_ex.o(i.HAL_RCC_OscConfig)
    i.HAL_SYSTICK_Config                     0x080019cc   Section        0  stm32f4xx_hal_cortex.o(i.HAL_SYSTICK_Config)
    i.HAL_TIMEx_MasterConfigSynchronization  0x08001a00   Section        0  stm32f4xx_hal_tim_ex.o(i.HAL_TIMEx_MasterConfigSynchronization)
    i.HAL_TIM_Base_Init                      0x08001ab4   Section        0  stm32f4xx_hal_tim.o(i.HAL_TIM_Base_Init)
    i.HAL_TIM_Base_MspInit                   0x08001ae8   Section        0  stm32f4xx_hal_msp.o(i.HAL_TIM_Base_MspInit)
    i.HAL_TIM_Base_Start                     0x08001b1c   Section        0  stm32f4xx_hal_tim.o(i.HAL_TIM_Base_Start)
    i.HAL_TIM_ConfigClockSource              0x08001b46   Section        0  stm32f4xx_hal_tim.o(i.HAL_TIM_ConfigClockSource)
    i.HAL_UART_Init                          0x08001c4e   Section        0  stm32f4xx_hal_uart.o(i.HAL_UART_Init)
    i.HAL_UART_MspInit                       0x08001cc0   Section        0  stm32f4xx_hal_msp.o(i.HAL_UART_MspInit)
    i.HardFault_Handler                      0x08001d48   Section        0  stm32f4xx_it.o(i.HardFault_Handler)
    i.I2C_IsAcknowledgeFailed                0x08001d4c   Section        0  stm32f4xx_hal_i2c.o(i.I2C_IsAcknowledgeFailed)
    I2C_IsAcknowledgeFailed                  0x08001d4d   Thumb Code    62  stm32f4xx_hal_i2c.o(i.I2C_IsAcknowledgeFailed)
    i.I2C_MasterRequestWrite                 0x08001d8c   Section        0  stm32f4xx_hal_i2c.o(i.I2C_MasterRequestWrite)
    I2C_MasterRequestWrite                   0x08001d8d   Thumb Code   182  stm32f4xx_hal_i2c.o(i.I2C_MasterRequestWrite)
    i.I2C_WaitOnBTFFlagUntilTimeout          0x08001e48   Section        0  stm32f4xx_hal_i2c.o(i.I2C_WaitOnBTFFlagUntilTimeout)
    I2C_WaitOnBTFFlagUntilTimeout            0x08001e49   Thumb Code    92  stm32f4xx_hal_i2c.o(i.I2C_WaitOnBTFFlagUntilTimeout)
    i.I2C_WaitOnFlagUntilTimeout             0x08001ea4   Section        0  stm32f4xx_hal_i2c.o(i.I2C_WaitOnFlagUntilTimeout)
    I2C_WaitOnFlagUntilTimeout               0x08001ea5   Thumb Code   134  stm32f4xx_hal_i2c.o(i.I2C_WaitOnFlagUntilTimeout)
    i.I2C_WaitOnMasterAddressFlagUntilTimeout 0x08001f2a   Section        0  stm32f4xx_hal_i2c.o(i.I2C_WaitOnMasterAddressFlagUntilTimeout)
    I2C_WaitOnMasterAddressFlagUntilTimeout  0x08001f2b   Thumb Code   196  stm32f4xx_hal_i2c.o(i.I2C_WaitOnMasterAddressFlagUntilTimeout)
    i.I2C_WaitOnTXEFlagUntilTimeout          0x08001fee   Section        0  stm32f4xx_hal_i2c.o(i.I2C_WaitOnTXEFlagUntilTimeout)
    I2C_WaitOnTXEFlagUntilTimeout            0x08001fef   Thumb Code    92  stm32f4xx_hal_i2c.o(i.I2C_WaitOnTXEFlagUntilTimeout)
    i.MemManage_Handler                      0x0800204a   Section        0  stm32f4xx_it.o(i.MemManage_Handler)
    i.NMI_Handler                            0x0800204e   Section        0  stm32f4xx_it.o(i.NMI_Handler)
    i.PendSV_Handler                         0x08002050   Section        0  stm32f4xx_it.o(i.PendSV_Handler)
    i.SVC_Handler                            0x08002052   Section        0  stm32f4xx_it.o(i.SVC_Handler)
    i.SysTick_Handler                        0x08002054   Section        0  stm32f4xx_it.o(i.SysTick_Handler)
    i.SystemInit                             0x0800205c   Section        0  system_stm32f4xx.o(i.SystemInit)
    i.TIM_Base_SetConfig                     0x08002078   Section        0  stm32f4xx_hal_tim.o(i.TIM_Base_SetConfig)
    i.TIM_ETR_SetConfig                      0x08002150   Section        0  stm32f4xx_hal_tim.o(i.TIM_ETR_SetConfig)
    i.TIM_ITRx_SetConfig                     0x08002166   Section        0  stm32f4xx_hal_tim.o(i.TIM_ITRx_SetConfig)
    TIM_ITRx_SetConfig                       0x08002167   Thumb Code    18  stm32f4xx_hal_tim.o(i.TIM_ITRx_SetConfig)
    i.TIM_TI1_ConfigInputStage               0x08002178   Section        0  stm32f4xx_hal_tim.o(i.TIM_TI1_ConfigInputStage)
    TIM_TI1_ConfigInputStage                 0x08002179   Thumb Code    38  stm32f4xx_hal_tim.o(i.TIM_TI1_ConfigInputStage)
    i.TIM_TI2_ConfigInputStage               0x0800219e   Section        0  stm32f4xx_hal_tim.o(i.TIM_TI2_ConfigInputStage)
    TIM_TI2_ConfigInputStage                 0x0800219f   Thumb Code    40  stm32f4xx_hal_tim.o(i.TIM_TI2_ConfigInputStage)
    i.UART_SetConfig                         0x080021c8   Section        0  stm32f4xx_hal_uart.o(i.UART_SetConfig)
    UART_SetConfig                           0x080021c9   Thumb Code  1024  stm32f4xx_hal_uart.o(i.UART_SetConfig)
    i.USB_CoreInit                           0x080025d8   Section        0  stm32f4xx_ll_usb.o(i.USB_CoreInit)
    i.USB_CoreReset                          0x0800265c   Section        0  stm32f4xx_ll_usb.o(i.USB_CoreReset)
    USB_CoreReset                            0x0800265d   Thumb Code    70  stm32f4xx_ll_usb.o(i.USB_CoreReset)
    i.USB_DevDisconnect                      0x080026a8   Section        0  stm32f4xx_ll_usb.o(i.USB_DevDisconnect)
    i.USB_DevInit                            0x080026c8   Section        0  stm32f4xx_ll_usb.o(i.USB_DevInit)
    i.USB_DisableGlobalInt                   0x080028a0   Section        0  stm32f4xx_ll_usb.o(i.USB_DisableGlobalInt)
    i.USB_FlushRxFifo                        0x080028b0   Section        0  stm32f4xx_ll_usb.o(i.USB_FlushRxFifo)
    i.USB_FlushTxFifo                        0x080028dc   Section        0  stm32f4xx_ll_usb.o(i.USB_FlushTxFifo)
    i.USB_SetCurrentMode                     0x0800290c   Section        0  stm32f4xx_ll_usb.o(i.USB_SetCurrentMode)
    i.USB_SetDevSpeed                        0x08002942   Section        0  stm32f4xx_ll_usb.o(i.USB_SetDevSpeed)
    i.UsageFault_Handler                     0x08002954   Section        0  stm32f4xx_it.o(i.UsageFault_Handler)
    i._Z12MX_GPIO_Initv                      0x08002958   Section        0  main.o(i._Z12MX_GPIO_Initv)
    MX_GPIO_Init()                           0x08002959   Thumb Code   390  main.o(i._Z12MX_GPIO_Initv)
    i._Z12MX_I2C1_Initv                      0x08002afc   Section        0  main.o(i._Z12MX_I2C1_Initv)
    MX_I2C1_Init()                           0x08002afd   Thumb Code    48  main.o(i._Z12MX_I2C1_Initv)
    i._Z12MX_TIM3_Initv                      0x08002b38   Section        0  tim_delay.o(i._Z12MX_TIM3_Initv)
    i._Z12lcd_send_cmdc                      0x08002ba4   Section        0  i2c_lcd.o(i._Z12lcd_send_cmdc)
    i._Z13Error_Handlerv                     0x08002be8   Section        0  tim_delay.o(i._Z13Error_Handlerv)
    i._Z13FloatToStringPcf                   0x08002bea   Section        0  floattostring.o(i._Z13FloatToStringPcf)
    i._Z13lcd_send_datac                     0x08002c78   Section        0  i2c_lcd.o(i._Z13lcd_send_datac)
    i._Z15lcd_send_stringPc                  0x08002cbc   Section        0  i2c_lcd.o(i._Z15lcd_send_stringPc)
    i._Z18SystemClock_Configv                0x08002cd4   Section        0  main.o(i._Z18SystemClock_Configv)
    i._Z19MX_USART3_UART_Initv               0x08002da4   Section        0  main.o(i._Z19MX_USART3_UART_Initv)
    MX_USART3_UART_Init()                    0x08002da5   Thumb Code    46  main.o(i._Z19MX_USART3_UART_Initv)
    i._Z22MX_USB_OTG_FS_PCD_Initv            0x08002ddc   Section        0  main.o(i._Z22MX_USB_OTG_FS_PCD_Initv)
    MX_USB_OTG_FS_PCD_Init()                 0x08002ddd   Thumb Code    60  main.o(i._Z22MX_USB_OTG_FS_PCD_Initv)
    i._Z5delayt                              0x08002e1c   Section        0  tim_delay.o(i._Z5delayt)
    i._Z8lcd_initv                           0x08002e38   Section        0  i2c_lcd.o(i._Z8lcd_initv)
    i._Z9TIM_Startv                          0x08002eb0   Section        0  tim_delay.o(i._Z9TIM_Startv)
    i._Z9lcd_clearv                          0x08002ec0   Section        0  i2c_lcd.o(i._Z9lcd_clearv)
    i._ZN17ComponentsManager15getDHT22MeasureEPfS0_ 0x08002eda   Section        0  componentsmanager.o(i._ZN17ComponentsManager15getDHT22MeasureEPfS0_)
    i._ZN17ComponentsManagerC1Ev             0x08002ef0   Section        0  componentsmanager.o(i._ZN17ComponentsManagerC1Ev)
    i._ZN4gpio13Set_Pin_InputEP12GPIO_TypeDeft 0x08002f08   Section        0  gpio_functions.o(i._ZN4gpio13Set_Pin_InputEP12GPIO_TypeDeft)
    i._ZN4gpio14Set_Pin_OutputEP12GPIO_TypeDeft 0x08002f2c   Section        0  gpio_functions.o(i._ZN4gpio14Set_Pin_OutputEP12GPIO_TypeDeft)
    i._ZN5DHT2214Check_ResponseEv            0x08002f52   Section        0  dht22.o(i._ZN5DHT2214Check_ResponseEv)
    i._ZN5DHT2214GetMeasurementEPfS0_        0x08002f94   Section        0  dht22.o(i._ZN5DHT2214GetMeasurementEPfS0_)
    i._ZN5DHT224ReadEv                       0x08003010   Section        0  dht22.o(i._ZN5DHT224ReadEv)
    i._ZN5DHT225StartEv                      0x08003068   Section        0  dht22.o(i._ZN5DHT225StartEv)
    i._ZN5DHT225parseEPhPfS1_                0x080030a0   Section        0  dht22.o(i._ZN5DHT225parseEPhPfS1_)
    i._ZN5DHT22C1EtP12GPIO_TypeDef           0x0800313c   Section        0  dht22.o(i._ZN5DHT22C1EtP12GPIO_TypeDef)
    i.__NVIC_GetPriorityGrouping             0x08003150   Section        0  stm32f4xx_hal_cortex.o(i.__NVIC_GetPriorityGrouping)
    __NVIC_GetPriorityGrouping               0x08003151   Thumb Code    10  stm32f4xx_hal_cortex.o(i.__NVIC_GetPriorityGrouping)
    i.__NVIC_SetPriority                     0x08003160   Section        0  stm32f4xx_hal_cortex.o(i.__NVIC_SetPriority)
    __NVIC_SetPriority                       0x08003161   Thumb Code    32  stm32f4xx_hal_cortex.o(i.__NVIC_SetPriority)
    i.main                                   0x08003188   Section        0  main.o(i.main)
    x$fpl$d2f                                0x0800322c   Section       98  d2f.o(x$fpl$d2f)
    $v0                                      0x0800322c   Number         0  d2f.o(x$fpl$d2f)
    x$fpl$ddiv                               0x08003290   Section      688  ddiv.o(x$fpl$ddiv)
    $v0                                      0x08003290   Number         0  ddiv.o(x$fpl$ddiv)
    ddiv_entry                               0x08003297   Thumb Code     0  ddiv.o(x$fpl$ddiv)
    x$fpl$dfltu                              0x08003540   Section       38  dflt_clz.o(x$fpl$dfltu)
    $v0                                      0x08003540   Number         0  dflt_clz.o(x$fpl$dfltu)
    x$fpl$dnaninf                            0x08003566   Section      156  dnaninf.o(x$fpl$dnaninf)
    $v0                                      0x08003566   Number         0  dnaninf.o(x$fpl$dnaninf)
    x$fpl$dretinf                            0x08003602   Section       12  dretinf.o(x$fpl$dretinf)
    $v0                                      0x08003602   Number         0  dretinf.o(x$fpl$dretinf)
    x$fpl$fpinit                             0x0800360e   Section       10  fpinit.o(x$fpl$fpinit)
    $v0                                      0x0800360e   Number         0  fpinit.o(x$fpl$fpinit)
    x$fpl$fretinf                            0x08003618   Section       10  fretinf.o(x$fpl$fretinf)
    $v0                                      0x08003618   Number         0  fretinf.o(x$fpl$fretinf)
    .constdata                               0x08003622   Section       24  system_stm32f4xx.o(.constdata)
    x$fpl$usenofp                            0x08003622   Section        0  usenofp.o(x$fpl$usenofp)
    .constdata__ZTV5DHT22                    0x0800363c   Section       28  dht22.o(.constdata__ZTV5DHT22)
    .constdata__ZTV7ISensor                  0x08003658   Section       28  dht22.o(.constdata__ZTV7ISensor)
    .data                                    0x20000000   Section        9  stm32f4xx_hal.o(.data)
    .data                                    0x2000000c   Section        4  system_stm32f4xx.o(.data)
    .bss                                     0x20000010   Section     1244  main.o(.bss)
    htim3                                    0x20000010   Data          64  main.o(.bss)
    .bss                                     0x200004ec   Section       64  tim_delay.o(.bss)
    htim3                                    0x200004ec   Data          64  tim_delay.o(.bss)
    .bss                                     0x2000052c   Section       96  libspace.o(.bss)
    HEAP                                     0x20000590   Section      512  startup_stm32f413xx.o(HEAP)
    Heap_Mem                                 0x20000590   Data         512  startup_stm32f413xx.o(HEAP)
    STACK                                    0x20000790   Section     1024  startup_stm32f413xx.o(STACK)
    Stack_Mem                                0x20000790   Data        1024  startup_stm32f413xx.o(STACK)
    __initial_sp                             0x20000b90   Data           0  startup_stm32f413xx.o(STACK)

    Global Symbols

    Symbol Name                              Value     Ov Type        Size  Object(Section)

    BuildAttributes$$THM_ISAv4$E$P$D$K$B$S$7EM$VFPi3$EXTD16$VFPS$VFMA$PE$A:L22UL41UL21$X:L11$S22US41US21$IEEE1$IW$USESV6$~STKCKD$USESV7$~SHL$OTIME$ROPI$EBA8$UX$STANDARDLIB$REQ8$PRES8$EABIv2 0x00000000   Number         0  anon$$obj.o ABSOLUTE
    __ARM_use_no_argv                        0x00000000   Number         0  main.o ABSOLUTE
    __ARM::default_unexpected_handler()       - Undefined Weak Reference
    __ARM_exceptions_buffer_required          - Undefined Weak Reference
    __ARM_exceptions_init                     - Undefined Weak Reference
    __alloca_initialize                       - Undefined Weak Reference
    __arm_preinit_                            - Undefined Weak Reference
    __cpp_initialize__aeabi_                  - Undefined Weak Reference
    __cxa_finalize                            - Undefined Weak Reference
    __rt_locale                               - Undefined Weak Reference
    __sigvec_lookup                           - Undefined Weak Reference
    __user_heap_extent                        - Undefined Weak Reference
    _atexit_init                              - Undefined Weak Reference
    _call_atexit_fns                          - Undefined Weak Reference
    _clock_init                               - Undefined Weak Reference
    _fp_trap_init                             - Undefined Weak Reference
    _fp_trap_shutdown                         - Undefined Weak Reference
    _get_lc_collate                           - Undefined Weak Reference
    _get_lc_ctype                             - Undefined Weak Reference
    _get_lc_monetary                          - Undefined Weak Reference
    _get_lc_numeric                           - Undefined Weak Reference
    _get_lc_time                              - Undefined Weak Reference
    _getenv_init                              - Undefined Weak Reference
    _handle_redirection                       - Undefined Weak Reference
    _initio                                   - Undefined Weak Reference
    _mutex_acquire                            - Undefined Weak Reference
    _mutex_free                               - Undefined Weak Reference
    _mutex_release                            - Undefined Weak Reference
    _rand_init                                - Undefined Weak Reference
    _signal_finish                            - Undefined Weak Reference
    _signal_init                              - Undefined Weak Reference
    _terminateio                              - Undefined Weak Reference
    __Vectors_Size                           0x000001d8   Number         0  startup_stm32f413xx.o ABSOLUTE
    __Vectors                                0x08000000   Data           4  startup_stm32f413xx.o(RESET)
    __Vectors_End                            0x080001d8   Data           0  startup_stm32f413xx.o(RESET)
    __main                                   0x080001d9   Thumb Code     8  __main.o(!!!main)
    __scatterload                            0x080001e1   Thumb Code     0  __scatter.o(!!!scatter)
    __scatterload_rt2                        0x080001e1   Thumb Code    44  __scatter.o(!!!scatter)
    __scatterload_rt2_thumb_only             0x080001e1   Thumb Code     0  __scatter.o(!!!scatter)
    __scatterload_null                       0x080001ef   Thumb Code     0  __scatter.o(!!!scatter)
    __scatterload_copy                       0x08000215   Thumb Code    26  __scatter_copy.o(!!handler_copy)
    __scatterload_zeroinit                   0x08000231   Thumb Code    28  __scatter_zi.o(!!handler_zi)
    __rt_lib_init                            0x0800024d   Thumb Code     0  libinit.o(.ARM.Collect$$libinit$$00000000)
    __rt_lib_init_fp_1                       0x0800024f   Thumb Code     0  libinit2.o(.ARM.Collect$$libinit$$00000001)
    __rt_lib_init_alloca_1                   0x08000253   Thumb Code     0  libinit2.o(.ARM.Collect$$libinit$$0000002E)
    __rt_lib_init_argv_1                     0x08000253   Thumb Code     0  libinit2.o(.ARM.Collect$$libinit$$0000002C)
    __rt_lib_init_atexit_1                   0x08000253   Thumb Code     0  libinit2.o(.ARM.Collect$$libinit$$0000001B)
    __rt_lib_init_clock_1                    0x08000253   Thumb Code     0  libinit2.o(.ARM.Collect$$libinit$$00000021)
    __rt_lib_init_cpp_1                      0x08000253   Thumb Code     0  libinit2.o(.ARM.Collect$$libinit$$00000032)
    __rt_lib_init_exceptions_1               0x08000253   Thumb Code     0  libinit2.o(.ARM.Collect$$libinit$$00000030)
    __rt_lib_init_fp_trap_1                  0x08000253   Thumb Code     0  libinit2.o(.ARM.Collect$$libinit$$0000001F)
    __rt_lib_init_getenv_1                   0x08000253   Thumb Code     0  libinit2.o(.ARM.Collect$$libinit$$00000023)
    __rt_lib_init_heap_1                     0x08000253   Thumb Code     0  libinit2.o(.ARM.Collect$$libinit$$0000000A)
    __rt_lib_init_lc_collate_1               0x08000253   Thumb Code     0  libinit2.o(.ARM.Collect$$libinit$$00000011)
    __rt_lib_init_lc_ctype_1                 0x08000253   Thumb Code     0  libinit2.o(.ARM.Collect$$libinit$$00000013)
    __rt_lib_init_lc_monetary_1              0x08000253   Thumb Code     0  libinit2.o(.ARM.Collect$$libinit$$00000015)
    __rt_lib_init_lc_numeric_1               0x08000253   Thumb Code     0  libinit2.o(.ARM.Collect$$libinit$$00000017)
    __rt_lib_init_lc_time_1                  0x08000253   Thumb Code     0  libinit2.o(.ARM.Collect$$libinit$$00000019)
    __rt_lib_init_preinit_1                  0x08000253   Thumb Code     0  libinit2.o(.ARM.Collect$$libinit$$00000004)
    __rt_lib_init_rand_1                     0x08000253   Thumb Code     0  libinit2.o(.ARM.Collect$$libinit$$0000000E)
    __rt_lib_init_return                     0x08000253   Thumb Code     0  libinit2.o(.ARM.Collect$$libinit$$00000033)
    __rt_lib_init_signal_1                   0x08000253   Thumb Code     0  libinit2.o(.ARM.Collect$$libinit$$0000001D)
    __rt_lib_init_stdio_1                    0x08000253   Thumb Code     0  libinit2.o(.ARM.Collect$$libinit$$00000025)
    __rt_lib_init_user_alloc_1               0x08000253   Thumb Code     0  libinit2.o(.ARM.Collect$$libinit$$0000000C)
    __rt_lib_shutdown                        0x08000255   Thumb Code     0  libshutdown.o(.ARM.Collect$$libshutdown$$00000000)
    __rt_lib_shutdown_cpp_1                  0x08000257   Thumb Code     0  libshutdown2.o(.ARM.Collect$$libshutdown$$00000002)
    __rt_lib_shutdown_fp_trap_1              0x08000257   Thumb Code     0  libshutdown2.o(.ARM.Collect$$libshutdown$$00000007)
    __rt_lib_shutdown_heap_1                 0x08000257   Thumb Code     0  libshutdown2.o(.ARM.Collect$$libshutdown$$0000000F)
    __rt_lib_shutdown_return                 0x08000257   Thumb Code     0  libshutdown2.o(.ARM.Collect$$libshutdown$$00000010)
    __rt_lib_shutdown_signal_1               0x08000257   Thumb Code     0  libshutdown2.o(.ARM.Collect$$libshutdown$$0000000A)
    __rt_lib_shutdown_stdio_1                0x08000257   Thumb Code     0  libshutdown2.o(.ARM.Collect$$libshutdown$$00000004)
    __rt_lib_shutdown_user_alloc_1           0x08000257   Thumb Code     0  libshutdown2.o(.ARM.Collect$$libshutdown$$0000000C)
    __rt_entry                               0x08000259   Thumb Code     0  __rtentry.o(.ARM.Collect$$rtentry$$00000000)
    __rt_entry_presh_1                       0x08000259   Thumb Code     0  __rtentry2.o(.ARM.Collect$$rtentry$$00000002)
    __rt_entry_sh                            0x08000259   Thumb Code     0  __rtentry4.o(.ARM.Collect$$rtentry$$00000004)
    __rt_entry_li                            0x0800025f   Thumb Code     0  __rtentry2.o(.ARM.Collect$$rtentry$$0000000A)
    __rt_entry_postsh_1                      0x0800025f   Thumb Code     0  __rtentry2.o(.ARM.Collect$$rtentry$$00000009)
    __rt_entry_main                          0x08000263   Thumb Code     0  __rtentry2.o(.ARM.Collect$$rtentry$$0000000D)
    __rt_entry_postli_1                      0x08000263   Thumb Code     0  __rtentry2.o(.ARM.Collect$$rtentry$$0000000C)
    __rt_exit                                0x0800026b   Thumb Code     0  rtexit.o(.ARM.Collect$$rtexit$$00000000)
    __rt_exit_ls                             0x0800026d   Thumb Code     0  rtexit2.o(.ARM.Collect$$rtexit$$00000003)
    __rt_exit_prels_1                        0x0800026d   Thumb Code     0  rtexit2.o(.ARM.Collect$$rtexit$$00000002)
    __rt_exit_exit                           0x08000271   Thumb Code     0  rtexit2.o(.ARM.Collect$$rtexit$$00000004)
    Reset_Handler                            0x08000279   Thumb Code     8  startup_stm32f413xx.o(.text)
    ADC_IRQHandler                           0x08000293   Thumb Code     0  startup_stm32f413xx.o(.text)
    CAN1_RX0_IRQHandler                      0x08000293   Thumb Code     0  startup_stm32f413xx.o(.text)
    CAN1_RX1_IRQHandler                      0x08000293   Thumb Code     0  startup_stm32f413xx.o(.text)
    CAN1_SCE_IRQHandler                      0x08000293   Thumb Code     0  startup_stm32f413xx.o(.text)
    CAN1_TX_IRQHandler                       0x08000293   Thumb Code     0  startup_stm32f413xx.o(.text)
    CAN2_RX0_IRQHandler                      0x08000293   Thumb Code     0  startup_stm32f413xx.o(.text)
    CAN2_RX1_IRQHandler                      0x08000293   Thumb Code     0  startup_stm32f413xx.o(.text)
    CAN2_SCE_IRQHandler                      0x08000293   Thumb Code     0  startup_stm32f413xx.o(.text)
    CAN2_TX_IRQHandler                       0x08000293   Thumb Code     0  startup_stm32f413xx.o(.text)
    CAN3_RX0_IRQHandler                      0x08000293   Thumb Code     0  startup_stm32f413xx.o(.text)
    CAN3_RX1_IRQHandler                      0x08000293   Thumb Code     0  startup_stm32f413xx.o(.text)
    CAN3_SCE_IRQHandler                      0x08000293   Thumb Code     0  startup_stm32f413xx.o(.text)
    CAN3_TX_IRQHandler                       0x08000293   Thumb Code     0  startup_stm32f413xx.o(.text)
    DFSDM1_FLT0_IRQHandler                   0x08000293   Thumb Code     0  startup_stm32f413xx.o(.text)
    DFSDM1_FLT1_IRQHandler                   0x08000293   Thumb Code     0  startup_stm32f413xx.o(.text)
    DFSDM2_FLT0_IRQHandler                   0x08000293   Thumb Code     0  startup_stm32f413xx.o(.text)
    DFSDM2_FLT1_IRQHandler                   0x08000293   Thumb Code     0  startup_stm32f413xx.o(.text)
    DFSDM2_FLT2_IRQHandler                   0x08000293   Thumb Code     0  startup_stm32f413xx.o(.text)
    DFSDM2_FLT3_IRQHandler                   0x08000293   Thumb Code     0  startup_stm32f413xx.o(.text)
    DMA1_Stream0_IRQHandler                  0x08000293   Thumb Code     0  startup_stm32f413xx.o(.text)
    DMA1_Stream1_IRQHandler                  0x08000293   Thumb Code     0  startup_stm32f413xx.o(.text)
    DMA1_Stream2_IRQHandler                  0x08000293   Thumb Code     0  startup_stm32f413xx.o(.text)
    DMA1_Stream3_IRQHandler                  0x08000293   Thumb Code     0  startup_stm32f413xx.o(.text)
    DMA1_Stream4_IRQHandler                  0x08000293   Thumb Code     0  startup_stm32f413xx.o(.text)
    DMA1_Stream5_IRQHandler                  0x08000293   Thumb Code     0  startup_stm32f413xx.o(.text)
    DMA1_Stream6_IRQHandler                  0x08000293   Thumb Code     0  startup_stm32f413xx.o(.text)
    DMA1_Stream7_IRQHandler                  0x08000293   Thumb Code     0  startup_stm32f413xx.o(.text)
    DMA2_Stream0_IRQHandler                  0x08000293   Thumb Code     0  startup_stm32f413xx.o(.text)
    DMA2_Stream1_IRQHandler                  0x08000293   Thumb Code     0  startup_stm32f413xx.o(.text)
    DMA2_Stream2_IRQHandler                  0x08000293   Thumb Code     0  startup_stm32f413xx.o(.text)
    DMA2_Stream3_IRQHandler                  0x08000293   Thumb Code     0  startup_stm32f413xx.o(.text)
    DMA2_Stream4_IRQHandler                  0x08000293   Thumb Code     0  startup_stm32f413xx.o(.text)
    DMA2_Stream5_IRQHandler                  0x08000293   Thumb Code     0  startup_stm32f413xx.o(.text)
    DMA2_Stream6_IRQHandler                  0x08000293   Thumb Code     0  startup_stm32f413xx.o(.text)
    DMA2_Stream7_IRQHandler                  0x08000293   Thumb Code     0  startup_stm32f413xx.o(.text)
    EXTI0_IRQHandler                         0x08000293   Thumb Code     0  startup_stm32f413xx.o(.text)
    EXTI15_10_IRQHandler                     0x08000293   Thumb Code     0  startup_stm32f413xx.o(.text)
    EXTI1_IRQHandler                         0x08000293   Thumb Code     0  startup_stm32f413xx.o(.text)
    EXTI2_IRQHandler                         0x08000293   Thumb Code     0  startup_stm32f413xx.o(.text)
    EXTI3_IRQHandler                         0x08000293   Thumb Code     0  startup_stm32f413xx.o(.text)
    EXTI4_IRQHandler                         0x08000293   Thumb Code     0  startup_stm32f413xx.o(.text)
    EXTI9_5_IRQHandler                       0x08000293   Thumb Code     0  startup_stm32f413xx.o(.text)
    FLASH_IRQHandler                         0x08000293   Thumb Code     0  startup_stm32f413xx.o(.text)
    FMPI2C1_ER_IRQHandler                    0x08000293   Thumb Code     0  startup_stm32f413xx.o(.text)
    FMPI2C1_EV_IRQHandler                    0x08000293   Thumb Code     0  startup_stm32f413xx.o(.text)
    FPU_IRQHandler                           0x08000293   Thumb Code     0  startup_stm32f413xx.o(.text)
    FSMC_IRQHandler                          0x08000293   Thumb Code     0  startup_stm32f413xx.o(.text)
    I2C1_ER_IRQHandler                       0x08000293   Thumb Code     0  startup_stm32f413xx.o(.text)
    I2C1_EV_IRQHandler                       0x08000293   Thumb Code     0  startup_stm32f413xx.o(.text)
    I2C2_ER_IRQHandler                       0x08000293   Thumb Code     0  startup_stm32f413xx.o(.text)
    I2C2_EV_IRQHandler                       0x08000293   Thumb Code     0  startup_stm32f413xx.o(.text)
    I2C3_ER_IRQHandler                       0x08000293   Thumb Code     0  startup_stm32f413xx.o(.text)
    I2C3_EV_IRQHandler                       0x08000293   Thumb Code     0  startup_stm32f413xx.o(.text)
    LPTIM1_IRQHandler                        0x08000293   Thumb Code     0  startup_stm32f413xx.o(.text)
    OTG_FS_IRQHandler                        0x08000293   Thumb Code     0  startup_stm32f413xx.o(.text)
    OTG_FS_WKUP_IRQHandler                   0x08000293   Thumb Code     0  startup_stm32f413xx.o(.text)
    PVD_IRQHandler                           0x08000293   Thumb Code     0  startup_stm32f413xx.o(.text)
    QUADSPI_IRQHandler                       0x08000293   Thumb Code     0  startup_stm32f413xx.o(.text)
    RCC_IRQHandler                           0x08000293   Thumb Code     0  startup_stm32f413xx.o(.text)
    RNG_IRQHandler                           0x08000293   Thumb Code     0  startup_stm32f413xx.o(.text)
    RTC_Alarm_IRQHandler                     0x08000293   Thumb Code     0  startup_stm32f413xx.o(.text)
    RTC_WKUP_IRQHandler                      0x08000293   Thumb Code     0  startup_stm32f413xx.o(.text)
    SAI1_IRQHandler                          0x08000293   Thumb Code     0  startup_stm32f413xx.o(.text)
    SDIO_IRQHandler                          0x08000293   Thumb Code     0  startup_stm32f413xx.o(.text)
    SPI1_IRQHandler                          0x08000293   Thumb Code     0  startup_stm32f413xx.o(.text)
    SPI2_IRQHandler                          0x08000293   Thumb Code     0  startup_stm32f413xx.o(.text)
    SPI3_IRQHandler                          0x08000293   Thumb Code     0  startup_stm32f413xx.o(.text)
    SPI4_IRQHandler                          0x08000293   Thumb Code     0  startup_stm32f413xx.o(.text)
    SPI5_IRQHandler                          0x08000293   Thumb Code     0  startup_stm32f413xx.o(.text)
    TAMP_STAMP_IRQHandler                    0x08000293   Thumb Code     0  startup_stm32f413xx.o(.text)
    TIM1_BRK_TIM9_IRQHandler                 0x08000293   Thumb Code     0  startup_stm32f413xx.o(.text)
    TIM1_CC_IRQHandler                       0x08000293   Thumb Code     0  startup_stm32f413xx.o(.text)
    TIM1_TRG_COM_TIM11_IRQHandler            0x08000293   Thumb Code     0  startup_stm32f413xx.o(.text)
    TIM1_UP_TIM10_IRQHandler                 0x08000293   Thumb Code     0  startup_stm32f413xx.o(.text)
    TIM2_IRQHandler                          0x08000293   Thumb Code     0  startup_stm32f413xx.o(.text)
    TIM3_IRQHandler                          0x08000293   Thumb Code     0  startup_stm32f413xx.o(.text)
    TIM4_IRQHandler                          0x08000293   Thumb Code     0  startup_stm32f413xx.o(.text)
    TIM5_IRQHandler                          0x08000293   Thumb Code     0  startup_stm32f413xx.o(.text)
    TIM6_DAC_IRQHandler                      0x08000293   Thumb Code     0  startup_stm32f413xx.o(.text)
    TIM7_IRQHandler                          0x08000293   Thumb Code     0  startup_stm32f413xx.o(.text)
    TIM8_BRK_TIM12_IRQHandler                0x08000293   Thumb Code     0  startup_stm32f413xx.o(.text)
    TIM8_CC_IRQHandler                       0x08000293   Thumb Code     0  startup_stm32f413xx.o(.text)
    TIM8_TRG_COM_TIM14_IRQHandler            0x08000293   Thumb Code     0  startup_stm32f413xx.o(.text)
    TIM8_UP_TIM13_IRQHandler                 0x08000293   Thumb Code     0  startup_stm32f413xx.o(.text)
    UART10_IRQHandler                        0x08000293   Thumb Code     0  startup_stm32f413xx.o(.text)
    UART4_IRQHandler                         0x08000293   Thumb Code     0  startup_stm32f413xx.o(.text)
    UART5_IRQHandler                         0x08000293   Thumb Code     0  startup_stm32f413xx.o(.text)
    UART7_IRQHandler                         0x08000293   Thumb Code     0  startup_stm32f413xx.o(.text)
    UART8_IRQHandler                         0x08000293   Thumb Code     0  startup_stm32f413xx.o(.text)
    UART9_IRQHandler                         0x08000293   Thumb Code     0  startup_stm32f413xx.o(.text)
    USART1_IRQHandler                        0x08000293   Thumb Code     0  startup_stm32f413xx.o(.text)
    USART2_IRQHandler                        0x08000293   Thumb Code     0  startup_stm32f413xx.o(.text)
    USART3_IRQHandler                        0x08000293   Thumb Code     0  startup_stm32f413xx.o(.text)
    USART6_IRQHandler                        0x08000293   Thumb Code     0  startup_stm32f413xx.o(.text)
    WWDG_IRQHandler                          0x08000293   Thumb Code     0  startup_stm32f413xx.o(.text)
    __user_initial_stackheap                 0x08000295   Thumb Code     0  startup_stm32f413xx.o(.text)
    __aeabi_uldivmod                         0x080002b9   Thumb Code     0  lludivv7m.o(.text)
    _ll_udiv                                 0x080002b9   Thumb Code   238  lludivv7m.o(.text)
    __aeabi_memcpy4                          0x080003a7   Thumb Code     0  rt_memcpy_w.o(.text)
    __aeabi_memcpy8                          0x080003a7   Thumb Code     0  rt_memcpy_w.o(.text)
    __rt_memcpy_w                            0x080003a7   Thumb Code   100  rt_memcpy_w.o(.text)
    _memcpy_lastbytes_aligned                0x080003ef   Thumb Code     0  rt_memcpy_w.o(.text)
    __aeabi_memclr4                          0x0800040b   Thumb Code     0  rt_memclr_w.o(.text)
    __aeabi_memclr8                          0x0800040b   Thumb Code     0  rt_memclr_w.o(.text)
    __rt_memclr_w                            0x0800040b   Thumb Code    78  rt_memclr_w.o(.text)
    _memset_w                                0x0800040f   Thumb Code     0  rt_memclr_w.o(.text)
    __use_two_region_memory                  0x08000459   Thumb Code     2  heapauxi.o(.text)
    __rt_heap_escrow                         0x0800045b   Thumb Code     2  heapauxi.o(.text)
    __rt_heap_expand                         0x0800045d   Thumb Code     2  heapauxi.o(.text)
    _sys_exit                                0x08000461   Thumb Code     8  sys_exit.o(.text)
    __user_libspace                          0x0800046d   Thumb Code     8  libspace.o(.text)
    __user_perproc_libspace                  0x0800046d   Thumb Code     0  libspace.o(.text)
    __user_perthread_libspace                0x0800046d   Thumb Code     0  libspace.o(.text)
    __user_setup_stackheap                   0x08000475   Thumb Code    74  sys_stackheap_outer.o(.text)
    exit                                     0x080004bf   Thumb Code    18  exit.o(.text)
    __I$use$semihosting                      0x080004d1   Thumb Code     0  use_no_semi.o(.text)
    __use_no_semihosting_swi                 0x080004d1   Thumb Code     2  use_no_semi.o(.text)
    BusFault_Handler                         0x080004d3   Thumb Code     4  stm32f4xx_it.o(i.BusFault_Handler)
    __semihosting_library_function           0x080004d3   Thumb Code     0  indicate_semi.o(.text)
    DebugMon_Handler                         0x080004d7   Thumb Code     2  stm32f4xx_it.o(i.DebugMon_Handler)
    Error_Handler                            0x080004d9   Thumb Code     2  main.o(i.Error_Handler)
    HAL_Delay                                0x080004dd   Thumb Code    36  stm32f4xx_hal.o(i.HAL_Delay)
    HAL_GPIO_Init                            0x08000505   Thumb Code   456  stm32f4xx_hal_gpio.o(i.HAL_GPIO_Init)
    HAL_GPIO_ReadPin                         0x080006f5   Thumb Code    16  stm32f4xx_hal_gpio.o(i.HAL_GPIO_ReadPin)
    HAL_GPIO_WritePin                        0x08000705   Thumb Code    12  stm32f4xx_hal_gpio.o(i.HAL_GPIO_WritePin)
    HAL_GetTick                              0x08000711   Thumb Code     6  stm32f4xx_hal.o(i.HAL_GetTick)
    HAL_I2C_Init                             0x0800071d   Thumb Code   446  stm32f4xx_hal_i2c.o(i.HAL_I2C_Init)
    HAL_I2C_Master_Transmit                  0x080008ed   Thumb Code   360  stm32f4xx_hal_i2c.o(i.HAL_I2C_Master_Transmit)
    HAL_I2C_MspInit                          0x08000a5d   Thumb Code   124  stm32f4xx_hal_msp.o(i.HAL_I2C_MspInit)
    HAL_IncTick                              0x08000ae5   Thumb Code    16  stm32f4xx_hal.o(i.HAL_IncTick)
    HAL_Init                                 0x08000afd   Thumb Code    54  stm32f4xx_hal.o(i.HAL_Init)
    HAL_InitTick                             0x08000b39   Thumb Code    64  stm32f4xx_hal.o(i.HAL_InitTick)
    HAL_MspInit                              0x08000b85   Thumb Code    68  stm32f4xx_hal_msp.o(i.HAL_MspInit)
    HAL_NVIC_SetPriority                     0x08000bcd   Thumb Code   124  stm32f4xx_hal_cortex.o(i.HAL_NVIC_SetPriority)
    HAL_NVIC_SetPriorityGrouping             0x08000c49   Thumb Code    32  stm32f4xx_hal_cortex.o(i.HAL_NVIC_SetPriorityGrouping)
    HAL_PCDEx_ActivateLPM                    0x08000c71   Thumb Code    36  stm32f4xx_hal_pcd_ex.o(i.HAL_PCDEx_ActivateLPM)
    HAL_PCD_Init                             0x08000c99   Thumb Code   370  stm32f4xx_hal_pcd.o(i.HAL_PCD_Init)
    HAL_PCD_MspInit                          0x08000e0d   Thumb Code   164  stm32f4xx_hal_msp.o(i.HAL_PCD_MspInit)
    HAL_RCCEx_PeriphCLKConfig                0x08000eb9   Thumb Code  1094  stm32f4xx_hal_rcc_ex.o(i.HAL_RCCEx_PeriphCLKConfig)
    HAL_RCC_ClockConfig                      0x08001305   Thumb Code   368  stm32f4xx_hal_rcc.o(i.HAL_RCC_ClockConfig)
    HAL_RCC_GetHCLKFreq                      0x08001489   Thumb Code     6  stm32f4xx_hal_rcc.o(i.HAL_RCC_GetHCLKFreq)
    HAL_RCC_GetPCLK1Freq                     0x08001495   Thumb Code    22  stm32f4xx_hal_rcc.o(i.HAL_RCC_GetPCLK1Freq)
    HAL_RCC_GetPCLK2Freq                     0x080014b5   Thumb Code    22  stm32f4xx_hal_rcc.o(i.HAL_RCC_GetPCLK2Freq)
    HAL_RCC_GetSysClockFreq                  0x080014d5   Thumb Code   162  stm32f4xx_hal_rcc.o(i.HAL_RCC_GetSysClockFreq)
    HAL_RCC_OscConfig                        0x08001585   Thumb Code  1088  stm32f4xx_hal_rcc_ex.o(i.HAL_RCC_OscConfig)
    HAL_SYSTICK_Config                       0x080019cd   Thumb Code    52  stm32f4xx_hal_cortex.o(i.HAL_SYSTICK_Config)
    HAL_TIMEx_MasterConfigSynchronization    0x08001a01   Thumb Code   150  stm32f4xx_hal_tim_ex.o(i.HAL_TIMEx_MasterConfigSynchronization)
    HAL_TIM_Base_Init                        0x08001ab5   Thumb Code    52  stm32f4xx_hal_tim.o(i.HAL_TIM_Base_Init)
    HAL_TIM_Base_MspInit                     0x08001ae9   Thumb Code    44  stm32f4xx_hal_msp.o(i.HAL_TIM_Base_MspInit)
    HAL_TIM_Base_Start                       0x08001b1d   Thumb Code    42  stm32f4xx_hal_tim.o(i.HAL_TIM_Base_Start)
    HAL_TIM_ConfigClockSource                0x08001b47   Thumb Code   264  stm32f4xx_hal_tim.o(i.HAL_TIM_ConfigClockSource)
    HAL_UART_Init                            0x08001c4f   Thumb Code   114  stm32f4xx_hal_uart.o(i.HAL_UART_Init)
    HAL_UART_MspInit                         0x08001cc1   Thumb Code   124  stm32f4xx_hal_msp.o(i.HAL_UART_MspInit)
    HardFault_Handler                        0x08001d49   Thumb Code     4  stm32f4xx_it.o(i.HardFault_Handler)
    MemManage_Handler                        0x0800204b   Thumb Code     4  stm32f4xx_it.o(i.MemManage_Handler)
    NMI_Handler                              0x0800204f   Thumb Code     2  stm32f4xx_it.o(i.NMI_Handler)
    PendSV_Handler                           0x08002051   Thumb Code     2  stm32f4xx_it.o(i.PendSV_Handler)
    SVC_Handler                              0x08002053   Thumb Code     2  stm32f4xx_it.o(i.SVC_Handler)
    SysTick_Handler                          0x08002055   Thumb Code     8  stm32f4xx_it.o(i.SysTick_Handler)
    SystemInit                               0x0800205d   Thumb Code    24  system_stm32f4xx.o(i.SystemInit)
    TIM_Base_SetConfig                       0x08002079   Thumb Code   170  stm32f4xx_hal_tim.o(i.TIM_Base_SetConfig)
    TIM_ETR_SetConfig                        0x08002151   Thumb Code    22  stm32f4xx_hal_tim.o(i.TIM_ETR_SetConfig)
    USB_CoreInit                             0x080025d9   Thumb Code   128  stm32f4xx_ll_usb.o(i.USB_CoreInit)
    USB_DevDisconnect                        0x080026a9   Thumb Code    32  stm32f4xx_ll_usb.o(i.USB_DevDisconnect)
    USB_DevInit                              0x080026c9   Thumb Code   464  stm32f4xx_ll_usb.o(i.USB_DevInit)
    USB_DisableGlobalInt                     0x080028a1   Thumb Code    14  stm32f4xx_ll_usb.o(i.USB_DisableGlobalInt)
    USB_FlushRxFifo                          0x080028b1   Thumb Code    38  stm32f4xx_ll_usb.o(i.USB_FlushRxFifo)
    USB_FlushTxFifo                          0x080028dd   Thumb Code    44  stm32f4xx_ll_usb.o(i.USB_FlushTxFifo)
    USB_SetCurrentMode                       0x0800290d   Thumb Code    54  stm32f4xx_ll_usb.o(i.USB_SetCurrentMode)
    USB_SetDevSpeed                          0x08002943   Thumb Code    18  stm32f4xx_ll_usb.o(i.USB_SetDevSpeed)
    UsageFault_Handler                       0x08002955   Thumb Code     4  stm32f4xx_it.o(i.UsageFault_Handler)
    MX_TIM3_Init()                           0x08002b39   Thumb Code   100  tim_delay.o(i._Z12MX_TIM3_Initv)
    lcd_send_cmd(char)                       0x08002ba5   Thumb Code    64  i2c_lcd.o(i._Z12lcd_send_cmdc)
    Error_Handler()                          0x08002be9   Thumb Code     2  tim_delay.o(i._Z13Error_Handlerv)
    FloatToString(char*, float)              0x08002beb   Thumb Code   140  floattostring.o(i._Z13FloatToStringPcf)
    lcd_send_data(char)                      0x08002c79   Thumb Code    64  i2c_lcd.o(i._Z13lcd_send_datac)
    lcd_send_string(char*)                   0x08002cbd   Thumb Code    22  i2c_lcd.o(i._Z15lcd_send_stringPc)
    SystemClock_Config()                     0x08002cd5   Thumb Code   198  main.o(i._Z18SystemClock_Configv)
    delay(unsigned short)                    0x08002e1d   Thumb Code    22  tim_delay.o(i._Z5delayt)
    lcd_init()                               0x08002e39   Thumb Code   118  i2c_lcd.o(i._Z8lcd_initv)
    TIM_Start()                              0x08002eb1   Thumb Code    10  tim_delay.o(i._Z9TIM_Startv)
    lcd_clear()                              0x08002ec1   Thumb Code    26  i2c_lcd.o(i._Z9lcd_clearv)
    ComponentsManager::getDHT22Measure(float*, float*) 0x08002edb   Thumb Code    20  componentsmanager.o(i._ZN17ComponentsManager15getDHT22MeasureEPfS0_)
    ComponentsManager::ComponentsManager()   0x08002ef1   Thumb Code    20  componentsmanager.o(i._ZN17ComponentsManagerC1Ev)
    ComponentsManager::ComponentsManager__sub_object() 0x08002ef1   Thumb Code     0  componentsmanager.o(i._ZN17ComponentsManagerC1Ev)
    gpio::Set_Pin_Input(GPIO_TypeDef*, unsigned short) 0x08002f09   Thumb Code    36  gpio_functions.o(i._ZN4gpio13Set_Pin_InputEP12GPIO_TypeDeft)
    gpio::Set_Pin_Output(GPIO_TypeDef*, unsigned short) 0x08002f2d   Thumb Code    38  gpio_functions.o(i._ZN4gpio14Set_Pin_OutputEP12GPIO_TypeDeft)
    DHT22::Check_Response()                  0x08002f53   Thumb Code    64  dht22.o(i._ZN5DHT2214Check_ResponseEv)
    DHT22::GetMeasurement(float*, float*)    0x08002f95   Thumb Code   120  dht22.o(i._ZN5DHT2214GetMeasurementEPfS0_)
    DHT22::Read()                            0x08003011   Thumb Code    88  dht22.o(i._ZN5DHT224ReadEv)
    DHT22::Start()                           0x08003069   Thumb Code    56  dht22.o(i._ZN5DHT225StartEv)
    DHT22::parse(unsigned char*, float*, float*) 0x080030a1   Thumb Code   146  dht22.o(i._ZN5DHT225parseEPhPfS1_)
    DHT22::DHT22(unsigned short, GPIO_TypeDef*) 0x0800313d   Thumb Code    12  dht22.o(i._ZN5DHT22C1EtP12GPIO_TypeDef)
    DHT22::DHT22__sub_object(unsigned short, GPIO_TypeDef*) 0x0800313d   Thumb Code     0  dht22.o(i._ZN5DHT22C1EtP12GPIO_TypeDef)
    main                                     0x08003189   Thumb Code   162  main.o(i.main)
    __aeabi_d2f                              0x0800322d   Thumb Code     0  d2f.o(x$fpl$d2f)
    _d2f                                     0x0800322d   Thumb Code    98  d2f.o(x$fpl$d2f)
    __aeabi_ddiv                             0x08003291   Thumb Code     0  ddiv.o(x$fpl$ddiv)
    _ddiv                                    0x08003291   Thumb Code   552  ddiv.o(x$fpl$ddiv)
    __aeabi_ui2d                             0x08003541   Thumb Code     0  dflt_clz.o(x$fpl$dfltu)
    _dfltu                                   0x08003541   Thumb Code    38  dflt_clz.o(x$fpl$dfltu)
    __fpl_dnaninf                            0x08003567   Thumb Code   156  dnaninf.o(x$fpl$dnaninf)
    __fpl_dretinf                            0x08003603   Thumb Code    12  dretinf.o(x$fpl$dretinf)
    _fp_init                                 0x0800360f   Thumb Code    10  fpinit.o(x$fpl$fpinit)
    __fplib_config_fpu_vfp                   0x08003617   Thumb Code     0  fpinit.o(x$fpl$fpinit)
    __fplib_config_pureend_doubles           0x08003617   Thumb Code     0  fpinit.o(x$fpl$fpinit)
    __fpl_fretinf                            0x08003619   Thumb Code    10  fretinf.o(x$fpl$fretinf)
    AHBPrescTable                            0x08003622   Data          16  system_stm32f4xx.o(.constdata)
    __I$use$fp                               0x08003622   Number         0  usenofp.o(x$fpl$usenofp)
    APBPrescTable                            0x08003632   Data           8  system_stm32f4xx.o(.constdata)
    vtable for DHT22                         0x0800363c   Data          28  dht22.o(.constdata__ZTV5DHT22)
    vtable for ISensor                       0x08003658   Data          28  dht22.o(.constdata__ZTV7ISensor)
    Region$$Table$$Base                      0x08003674   Number         0  anon$$obj.o(Region$$Table)
    Region$$Table$$Limit                     0x08003694   Number         0  anon$$obj.o(Region$$Table)
    uwTick                                   0x20000000   Data           4  stm32f4xx_hal.o(.data)
    uwTickPrio                               0x20000004   Data           4  stm32f4xx_hal.o(.data)
    uwTickFreq                               0x20000008   Data           1  stm32f4xx_hal.o(.data)
    SystemCoreClock                          0x2000000c   Data           4  system_stm32f4xx.o(.data)
    hi2c1                                    0x20000050   Data          84  main.o(.bss)
    huart3                                   0x200000a4   Data          64  main.o(.bss)
    hpcd_USB_OTG_FS                          0x200000e4   Data        1032  main.o(.bss)
    __libspace_start                         0x2000052c   Data          96  libspace.o(.bss)
    __temporary_stack_top$libspace           0x2000058c   Data           0  libspace.o(.bss)



==============================================================================

Memory Map of the image

  Image Entry point : 0x080001d9

  Load Region LR_IROM1 (Base: 0x08000000, Size: 0x000036a4, Max: 0x00180000, ABSOLUTE)

    Execution Region ER_IROM1 (Exec base: 0x08000000, Load base: 0x08000000, Size: 0x00003694, Max: 0x00180000, ABSOLUTE)

    Exec Addr    Load Addr    Size         Type   Attr      Idx    E Section Name        Object

    0x08000000   0x08000000   0x000001d8   Data   RO            3    RESET               startup_stm32f413xx.o
    0x080001d8   0x080001d8   0x00000008   Code   RO         4434  * !!!main             c_w.l(__main.o)
    0x080001e0   0x080001e0   0x00000034   Code   RO         4882    !!!scatter          c_w.l(__scatter.o)
    0x08000214   0x08000214   0x0000001a   Code   RO         4884    !!handler_copy      c_w.l(__scatter_copy.o)
    0x0800022e   0x0800022e   0x00000002   PAD
    0x08000230   0x08000230   0x0000001c   Code   RO         4886    !!handler_zi        c_w.l(__scatter_zi.o)
    0x0800024c   0x0800024c   0x00000002   Code   RO         4758    .ARM.Collect$$libinit$$00000000  c_w.l(libinit.o)
    0x0800024e   0x0800024e   0x00000004   Code   RO         4759    .ARM.Collect$$libinit$$00000001  c_w.l(libinit2.o)
    0x08000252   0x08000252   0x00000000   Code   RO         4762    .ARM.Collect$$libinit$$00000004  c_w.l(libinit2.o)
    0x08000252   0x08000252   0x00000000   Code   RO         4765    .ARM.Collect$$libinit$$0000000A  c_w.l(libinit2.o)
    0x08000252   0x08000252   0x00000000   Code   RO         4767    .ARM.Collect$$libinit$$0000000C  c_w.l(libinit2.o)
    0x08000252   0x08000252   0x00000000   Code   RO         4769    .ARM.Collect$$libinit$$0000000E  c_w.l(libinit2.o)
    0x08000252   0x08000252   0x00000000   Code   RO         4772    .ARM.Collect$$libinit$$00000011  c_w.l(libinit2.o)
    0x08000252   0x08000252   0x00000000   Code   RO         4774    .ARM.Collect$$libinit$$00000013  c_w.l(libinit2.o)
    0x08000252   0x08000252   0x00000000   Code   RO         4776    .ARM.Collect$$libinit$$00000015  c_w.l(libinit2.o)
    0x08000252   0x08000252   0x00000000   Code   RO         4778    .ARM.Collect$$libinit$$00000017  c_w.l(libinit2.o)
    0x08000252   0x08000252   0x00000000   Code   RO         4780    .ARM.Collect$$libinit$$00000019  c_w.l(libinit2.o)
    0x08000252   0x08000252   0x00000000   Code   RO         4782    .ARM.Collect$$libinit$$0000001B  c_w.l(libinit2.o)
    0x08000252   0x08000252   0x00000000   Code   RO         4784    .ARM.Collect$$libinit$$0000001D  c_w.l(libinit2.o)
    0x08000252   0x08000252   0x00000000   Code   RO         4786    .ARM.Collect$$libinit$$0000001F  c_w.l(libinit2.o)
    0x08000252   0x08000252   0x00000000   Code   RO         4788    .ARM.Collect$$libinit$$00000021  c_w.l(libinit2.o)
    0x08000252   0x08000252   0x00000000   Code   RO         4790    .ARM.Collect$$libinit$$00000023  c_w.l(libinit2.o)
    0x08000252   0x08000252   0x00000000   Code   RO         4792    .ARM.Collect$$libinit$$00000025  c_w.l(libinit2.o)
    0x08000252   0x08000252   0x00000000   Code   RO         4796    .ARM.Collect$$libinit$$0000002C  c_w.l(libinit2.o)
    0x08000252   0x08000252   0x00000000   Code   RO         4798    .ARM.Collect$$libinit$$0000002E  c_w.l(libinit2.o)
    0x08000252   0x08000252   0x00000000   Code   RO         4800    .ARM.Collect$$libinit$$00000030  c_w.l(libinit2.o)
    0x08000252   0x08000252   0x00000000   Code   RO         4802    .ARM.Collect$$libinit$$00000032  c_w.l(libinit2.o)
    0x08000252   0x08000252   0x00000002   Code   RO         4803    .ARM.Collect$$libinit$$00000033  c_w.l(libinit2.o)
    0x08000254   0x08000254   0x00000002   Code   RO         4879    .ARM.Collect$$libshutdown$$00000000  c_w.l(libshutdown.o)
    0x08000256   0x08000256   0x00000000   Code   RO         4862    .ARM.Collect$$libshutdown$$00000002  c_w.l(libshutdown2.o)
    0x08000256   0x08000256   0x00000000   Code   RO         4864    .ARM.Collect$$libshutdown$$00000004  c_w.l(libshutdown2.o)
    0x08000256   0x08000256   0x00000000   Code   RO         4867    .ARM.Collect$$libshutdown$$00000007  c_w.l(libshutdown2.o)
    0x08000256   0x08000256   0x00000000   Code   RO         4870    .ARM.Collect$$libshutdown$$0000000A  c_w.l(libshutdown2.o)
    0x08000256   0x08000256   0x00000000   Code   RO         4872    .ARM.Collect$$libshutdown$$0000000C  c_w.l(libshutdown2.o)
    0x08000256   0x08000256   0x00000000   Code   RO         4875    .ARM.Collect$$libshutdown$$0000000F  c_w.l(libshutdown2.o)
    0x08000256   0x08000256   0x00000002   Code   RO         4876    .ARM.Collect$$libshutdown$$00000010  c_w.l(libshutdown2.o)
    0x08000258   0x08000258   0x00000000   Code   RO         4560    .ARM.Collect$$rtentry$$00000000  c_w.l(__rtentry.o)
    0x08000258   0x08000258   0x00000000   Code   RO         4648    .ARM.Collect$$rtentry$$00000002  c_w.l(__rtentry2.o)
    0x08000258   0x08000258   0x00000006   Code   RO         4660    .ARM.Collect$$rtentry$$00000004  c_w.l(__rtentry4.o)
    0x0800025e   0x0800025e   0x00000000   Code   RO         4650    .ARM.Collect$$rtentry$$00000009  c_w.l(__rtentry2.o)
    0x0800025e   0x0800025e   0x00000004   Code   RO         4651    .ARM.Collect$$rtentry$$0000000A  c_w.l(__rtentry2.o)
    0x08000262   0x08000262   0x00000000   Code   RO         4653    .ARM.Collect$$rtentry$$0000000C  c_w.l(__rtentry2.o)
    0x08000262   0x08000262   0x00000008   Code   RO         4654    .ARM.Collect$$rtentry$$0000000D  c_w.l(__rtentry2.o)
    0x0800026a   0x0800026a   0x00000002   Code   RO         4814    .ARM.Collect$$rtexit$$00000000  c_w.l(rtexit.o)
    0x0800026c   0x0800026c   0x00000000   Code   RO         4835    .ARM.Collect$$rtexit$$00000002  c_w.l(rtexit2.o)
    0x0800026c   0x0800026c   0x00000004   Code   RO         4836    .ARM.Collect$$rtexit$$00000003  c_w.l(rtexit2.o)
    0x08000270   0x08000270   0x00000006   Code   RO         4837    .ARM.Collect$$rtexit$$00000004  c_w.l(rtexit2.o)
    0x08000276   0x08000276   0x00000002   PAD
    0x08000278   0x08000278   0x00000040   Code   RO            4    .text               startup_stm32f413xx.o
    0x080002b8   0x080002b8   0x000000ee   Code   RO         4426    .text               c_w.l(lludivv7m.o)
    0x080003a6   0x080003a6   0x00000064   Code   RO         4428    .text               c_w.l(rt_memcpy_w.o)
    0x0800040a   0x0800040a   0x0000004e   Code   RO         4430    .text               c_w.l(rt_memclr_w.o)
    0x08000458   0x08000458   0x00000006   Code   RO         4432    .text               c_w.l(heapauxi.o)
    0x0800045e   0x0800045e   0x00000002   PAD
    0x08000460   0x08000460   0x0000000c   Code   RO         4710    .text               c_w.l(sys_exit.o)
    0x0800046c   0x0800046c   0x00000008   Code   RO         4712    .text               c_w.l(libspace.o)
    0x08000474   0x08000474   0x0000004a   Code   RO         4715    .text               c_w.l(sys_stackheap_outer.o)
    0x080004be   0x080004be   0x00000012   Code   RO         4732    .text               c_w.l(exit.o)
    0x080004d0   0x080004d0   0x00000002   Code   RO         4811    .text               c_w.l(use_no_semi.o)
    0x080004d2   0x080004d2   0x00000000   Code   RO         4813    .text               c_w.l(indicate_semi.o)
    0x080004d2   0x080004d2   0x00000004   Code   RO          306    i.BusFault_Handler  stm32f4xx_it.o
    0x080004d6   0x080004d6   0x00000002   Code   RO          307    i.DebugMon_Handler  stm32f4xx_it.o
    0x080004d8   0x080004d8   0x00000002   Code   RO          216    i.Error_Handler     main.o
    0x080004da   0x080004da   0x00000002   PAD
    0x080004dc   0x080004dc   0x00000028   Code   RO         2266    i.HAL_Delay         stm32f4xx_hal.o
    0x08000504   0x08000504   0x000001f0   Code   RO         1711    i.HAL_GPIO_Init     stm32f4xx_hal_gpio.o
    0x080006f4   0x080006f4   0x00000010   Code   RO         1713    i.HAL_GPIO_ReadPin  stm32f4xx_hal_gpio.o
    0x08000704   0x08000704   0x0000000c   Code   RO         1715    i.HAL_GPIO_WritePin  stm32f4xx_hal_gpio.o
    0x08000710   0x08000710   0x0000000c   Code   RO         2272    i.HAL_GetTick       stm32f4xx_hal.o
    0x0800071c   0x0800071c   0x000001d0   Code   RO          773    i.HAL_I2C_Init      stm32f4xx_hal_i2c.o
    0x080008ec   0x080008ec   0x00000170   Code   RO          786    i.HAL_I2C_Master_Transmit  stm32f4xx_hal_i2c.o
    0x08000a5c   0x08000a5c   0x00000088   Code   RO          494    i.HAL_I2C_MspInit   stm32f4xx_hal_msp.o
    0x08000ae4   0x08000ae4   0x00000018   Code   RO         2278    i.HAL_IncTick       stm32f4xx_hal.o
    0x08000afc   0x08000afc   0x0000003c   Code   RO         2279    i.HAL_Init          stm32f4xx_hal.o
    0x08000b38   0x08000b38   0x0000004c   Code   RO         2280    i.HAL_InitTick      stm32f4xx_hal.o
    0x08000b84   0x08000b84   0x00000048   Code   RO          495    i.HAL_MspInit       stm32f4xx_hal_msp.o
    0x08000bcc   0x08000bcc   0x0000007c   Code   RO         2130    i.HAL_NVIC_SetPriority  stm32f4xx_hal_cortex.o
    0x08000c48   0x08000c48   0x00000028   Code   RO         2131    i.HAL_NVIC_SetPriorityGrouping  stm32f4xx_hal_cortex.o
    0x08000c70   0x08000c70   0x00000028   Code   RO         4013    i.HAL_PCDEx_ActivateLPM  stm32f4xx_hal_pcd_ex.o
    0x08000c98   0x08000c98   0x00000172   Code   RO         3808    i.HAL_PCD_Init      stm32f4xx_hal_pcd.o
    0x08000e0a   0x08000e0a   0x00000002   PAD
    0x08000e0c   0x08000e0c   0x000000ac   Code   RO          497    i.HAL_PCD_MspInit   stm32f4xx_hal_msp.o
    0x08000eb8   0x08000eb8   0x0000044c   Code   RO         1365    i.HAL_RCCEx_PeriphCLKConfig  stm32f4xx_hal_rcc_ex.o
    0x08001304   0x08001304   0x00000184   Code   RO         1260    i.HAL_RCC_ClockConfig  stm32f4xx_hal_rcc.o
    0x08001488   0x08001488   0x0000000c   Code   RO         1265    i.HAL_RCC_GetHCLKFreq  stm32f4xx_hal_rcc.o
    0x08001494   0x08001494   0x00000020   Code   RO         1267    i.HAL_RCC_GetPCLK1Freq  stm32f4xx_hal_rcc.o
    0x080014b4   0x080014b4   0x00000020   Code   RO         1268    i.HAL_RCC_GetPCLK2Freq  stm32f4xx_hal_rcc.o
    0x080014d4   0x080014d4   0x000000b0   Code   RO         1269    i.HAL_RCC_GetSysClockFreq  stm32f4xx_hal_rcc.o
    0x08001584   0x08001584   0x00000448   Code   RO         1369    i.HAL_RCC_OscConfig  stm32f4xx_hal_rcc_ex.o
    0x080019cc   0x080019cc   0x00000034   Code   RO         2135    i.HAL_SYSTICK_Config  stm32f4xx_hal_cortex.o
    0x08001a00   0x08001a00   0x000000b4   Code   RO         3223    i.HAL_TIMEx_MasterConfigSynchronization  stm32f4xx_hal_tim_ex.o
    0x08001ab4   0x08001ab4   0x00000034   Code   RO         2519    i.HAL_TIM_Base_Init  stm32f4xx_hal_tim.o
    0x08001ae8   0x08001ae8   0x00000034   Code   RO          499    i.HAL_TIM_Base_MspInit  stm32f4xx_hal_msp.o
    0x08001b1c   0x08001b1c   0x0000002a   Code   RO         2522    i.HAL_TIM_Base_Start  stm32f4xx_hal_tim.o
    0x08001b46   0x08001b46   0x00000108   Code   RO         2528    i.HAL_TIM_ConfigClockSource  stm32f4xx_hal_tim.o
    0x08001c4e   0x08001c4e   0x00000072   Code   RO         3481    i.HAL_UART_Init     stm32f4xx_hal_uart.o
    0x08001cc0   0x08001cc0   0x00000088   Code   RO          501    i.HAL_UART_MspInit  stm32f4xx_hal_msp.o
    0x08001d48   0x08001d48   0x00000004   Code   RO          308    i.HardFault_Handler  stm32f4xx_it.o
    0x08001d4c   0x08001d4c   0x0000003e   Code   RO          816    i.I2C_IsAcknowledgeFailed  stm32f4xx_hal_i2c.o
    0x08001d8a   0x08001d8a   0x00000002   PAD
    0x08001d8c   0x08001d8c   0x000000bc   Code   RO          820    i.I2C_MasterRequestWrite  stm32f4xx_hal_i2c.o
    0x08001e48   0x08001e48   0x0000005c   Code   RO          836    i.I2C_WaitOnBTFFlagUntilTimeout  stm32f4xx_hal_i2c.o
    0x08001ea4   0x08001ea4   0x00000086   Code   RO          837    i.I2C_WaitOnFlagUntilTimeout  stm32f4xx_hal_i2c.o
    0x08001f2a   0x08001f2a   0x000000c4   Code   RO          838    i.I2C_WaitOnMasterAddressFlagUntilTimeout  stm32f4xx_hal_i2c.o
    0x08001fee   0x08001fee   0x0000005c   Code   RO          841    i.I2C_WaitOnTXEFlagUntilTimeout  stm32f4xx_hal_i2c.o
    0x0800204a   0x0800204a   0x00000004   Code   RO          309    i.MemManage_Handler  stm32f4xx_it.o
    0x0800204e   0x0800204e   0x00000002   Code   RO          310    i.NMI_Handler       stm32f4xx_it.o
    0x08002050   0x08002050   0x00000002   Code   RO          311    i.PendSV_Handler    stm32f4xx_it.o
    0x08002052   0x08002052   0x00000002   Code   RO          312    i.SVC_Handler       stm32f4xx_it.o
    0x08002054   0x08002054   0x00000008   Code   RO          313    i.SysTick_Handler   stm32f4xx_it.o
    0x0800205c   0x0800205c   0x0000001c   Code   RO         4391    i.SystemInit        system_stm32f4xx.o
    0x08002078   0x08002078   0x000000d8   Code   RO         2607    i.TIM_Base_SetConfig  stm32f4xx_hal_tim.o
    0x08002150   0x08002150   0x00000016   Code   RO         2618    i.TIM_ETR_SetConfig  stm32f4xx_hal_tim.o
    0x08002166   0x08002166   0x00000012   Code   RO         2619    i.TIM_ITRx_SetConfig  stm32f4xx_hal_tim.o
    0x08002178   0x08002178   0x00000026   Code   RO         2625    i.TIM_TI1_ConfigInputStage  stm32f4xx_hal_tim.o
    0x0800219e   0x0800219e   0x00000028   Code   RO         2627    i.TIM_TI2_ConfigInputStage  stm32f4xx_hal_tim.o
    0x080021c6   0x080021c6   0x00000002   PAD
    0x080021c8   0x080021c8   0x00000410   Code   RO         3508    i.UART_SetConfig    stm32f4xx_hal_uart.o
    0x080025d8   0x080025d8   0x00000084   Code   RO         4089    i.USB_CoreInit      stm32f4xx_ll_usb.o
    0x0800265c   0x0800265c   0x0000004c   Code   RO         4090    i.USB_CoreReset     stm32f4xx_ll_usb.o
    0x080026a8   0x080026a8   0x00000020   Code   RO         4095    i.USB_DevDisconnect  stm32f4xx_ll_usb.o
    0x080026c8   0x080026c8   0x000001d8   Code   RO         4096    i.USB_DevInit       stm32f4xx_ll_usb.o
    0x080028a0   0x080028a0   0x0000000e   Code   RO         4097    i.USB_DisableGlobalInt  stm32f4xx_ll_usb.o
    0x080028ae   0x080028ae   0x00000002   PAD
    0x080028b0   0x080028b0   0x0000002c   Code   RO         4106    i.USB_FlushRxFifo   stm32f4xx_ll_usb.o
    0x080028dc   0x080028dc   0x00000030   Code   RO         4107    i.USB_FlushTxFifo   stm32f4xx_ll_usb.o
    0x0800290c   0x0800290c   0x00000036   Code   RO         4125    i.USB_SetCurrentMode  stm32f4xx_ll_usb.o
    0x08002942   0x08002942   0x00000012   Code   RO         4127    i.USB_SetDevSpeed   stm32f4xx_ll_usb.o
    0x08002954   0x08002954   0x00000004   Code   RO          314    i.UsageFault_Handler  stm32f4xx_it.o
    0x08002958   0x08002958   0x000001a4   Code   RO          217    i._Z12MX_GPIO_Initv  main.o
    0x08002afc   0x08002afc   0x0000003c   Code   RO          218    i._Z12MX_I2C1_Initv  main.o
    0x08002b38   0x08002b38   0x0000006c   Code   RO          599    i._Z12MX_TIM3_Initv  tim_delay.o
    0x08002ba4   0x08002ba4   0x00000044   Code   RO          689    i._Z12lcd_send_cmdc  i2c_lcd.o
    0x08002be8   0x08002be8   0x00000002   Code   RO          600    i._Z13Error_Handlerv  tim_delay.o
    0x08002bea   0x08002bea   0x0000008c   Code   RO          743    i._Z13FloatToStringPcf  floattostring.o
    0x08002c76   0x08002c76   0x00000002   PAD
    0x08002c78   0x08002c78   0x00000044   Code   RO          690    i._Z13lcd_send_datac  i2c_lcd.o
    0x08002cbc   0x08002cbc   0x00000016   Code   RO          691    i._Z15lcd_send_stringPc  i2c_lcd.o
    0x08002cd2   0x08002cd2   0x00000002   PAD
    0x08002cd4   0x08002cd4   0x000000d0   Code   RO          219    i._Z18SystemClock_Configv  main.o
    0x08002da4   0x08002da4   0x00000038   Code   RO          220    i._Z19MX_USART3_UART_Initv  main.o
    0x08002ddc   0x08002ddc   0x00000040   Code   RO          221    i._Z22MX_USB_OTG_FS_PCD_Initv  main.o
    0x08002e1c   0x08002e1c   0x0000001c   Code   RO          601    i._Z5delayt         tim_delay.o
    0x08002e38   0x08002e38   0x00000076   Code   RO          692    i._Z8lcd_initv      i2c_lcd.o
    0x08002eae   0x08002eae   0x00000002   PAD
    0x08002eb0   0x08002eb0   0x00000010   Code   RO          602    i._Z9TIM_Startv     tim_delay.o
    0x08002ec0   0x08002ec0   0x0000001a   Code   RO          693    i._Z9lcd_clearv     i2c_lcd.o
    0x08002eda   0x08002eda   0x00000014   Code   RO          647    i._ZN17ComponentsManager15getDHT22MeasureEPfS0_  componentsmanager.o
    0x08002eee   0x08002eee   0x00000002   PAD
    0x08002ef0   0x08002ef0   0x00000018   Code   RO          648    i._ZN17ComponentsManagerC1Ev  componentsmanager.o
    0x08002f08   0x08002f08   0x00000024   Code   RO          565    i._ZN4gpio13Set_Pin_InputEP12GPIO_TypeDeft  gpio_functions.o
    0x08002f2c   0x08002f2c   0x00000026   Code   RO          566    i._ZN4gpio14Set_Pin_OutputEP12GPIO_TypeDeft  gpio_functions.o
    0x08002f52   0x08002f52   0x00000040   Code   RO           13    i._ZN5DHT2214Check_ResponseEv  dht22.o
    0x08002f92   0x08002f92   0x00000002   PAD
    0x08002f94   0x08002f94   0x0000007c   Code   RO           14    i._ZN5DHT2214GetMeasurementEPfS0_  dht22.o
    0x08003010   0x08003010   0x00000058   Code   RO           15    i._ZN5DHT224ReadEv  dht22.o
    0x08003068   0x08003068   0x00000038   Code   RO           16    i._ZN5DHT225StartEv  dht22.o
    0x080030a0   0x080030a0   0x0000009c   Code   RO           17    i._ZN5DHT225parseEPhPfS1_  dht22.o
    0x0800313c   0x0800313c   0x00000014   Code   RO           18    i._ZN5DHT22C1EtP12GPIO_TypeDef  dht22.o
    0x08003150   0x08003150   0x00000010   Code   RO         2137    i.__NVIC_GetPriorityGrouping  stm32f4xx_hal_cortex.o
    0x08003160   0x08003160   0x00000028   Code   RO         2138    i.__NVIC_SetPriority  stm32f4xx_hal_cortex.o
    0x08003188   0x08003188   0x000000a2   Code   RO          222    i.main              main.o
    0x0800322a   0x0800322a   0x00000002   PAD
    0x0800322c   0x0800322c   0x00000062   Code   RO         4548    x$fpl$d2f           fz_wm.l(d2f.o)
    0x0800328e   0x0800328e   0x00000002   PAD
    0x08003290   0x08003290   0x000002b0   Code   RO         4551    x$fpl$ddiv          fz_wm.l(ddiv.o)
    0x08003540   0x08003540   0x00000026   Code   RO         4554    x$fpl$dfltu         fz_wm.l(dflt_clz.o)
    0x08003566   0x08003566   0x0000009c   Code   RO         4638    x$fpl$dnaninf       fz_wm.l(dnaninf.o)
    0x08003602   0x08003602   0x0000000c   Code   RO         4640    x$fpl$dretinf       fz_wm.l(dretinf.o)
    0x0800360e   0x0800360e   0x0000000a   Code   RO         4832    x$fpl$fpinit        fz_wm.l(fpinit.o)
    0x08003618   0x08003618   0x0000000a   Code   RO         4642    x$fpl$fretinf       fz_wm.l(fretinf.o)
    0x08003622   0x08003622   0x00000000   Code   RO         4644    x$fpl$usenofp       fz_wm.l(usenofp.o)
    0x08003622   0x08003622   0x00000018   Data   RO         4392    .constdata          system_stm32f4xx.o
    0x0800363a   0x0800363a   0x00000002   PAD
    0x0800363c   0x0800363c   0x0000001c   Data   RO           65    .constdata__ZTV5DHT22  dht22.o
    0x08003658   0x08003658   0x0000001c   Data   RO           73    .constdata__ZTV7ISensor  dht22.o
    0x08003674   0x08003674   0x00000020   Data   RO         4880    Region$$Table       anon$$obj.o


    Execution Region RW_IRAM1 (Exec base: 0x20000000, Load base: 0x08003694, Size: 0x00000b90, Max: 0x00050000, ABSOLUTE)

    Exec Addr    Load Addr    Size         Type   Attr      Idx    E Section Name        Object

    0x20000000   0x08003694   0x00000009   Data   RW         2286    .data               stm32f4xx_hal.o
    0x20000009   0x0800369d   0x00000003   PAD
    0x2000000c   0x080036a0   0x00000004   Data   RW         4393    .data               system_stm32f4xx.o
    0x20000010        -       0x000004dc   Zero   RW          230    .bss                main.o
    0x200004ec        -       0x00000040   Zero   RW          607    .bss                tim_delay.o
    0x2000052c        -       0x00000060   Zero   RW         4713    .bss                c_w.l(libspace.o)
    0x2000058c   0x080036a4   0x00000004   PAD
    0x20000590        -       0x00000200   Zero   RW            2    HEAP                startup_stm32f413xx.o
    0x20000790        -       0x00000400   Zero   RW            1    STACK               startup_stm32f413xx.o


==============================================================================

Image component sizes


      Code (inc. data)   RO Data    RW Data    ZI Data      Debug   Object Name

        44          4          0          0          0       2952   componentsmanager.o
       508         22         56          0          0     714360   dht22.o
       140          0          0          0          0        816   floattostring.o
        74          0          0          0          0       1697   gpio_functions.o
       302          8          0          0          0       3004   i2c_lcd.o
       972         66          0          0       1244       7887   main.o
        64         26        472          0       1536        896   startup_stm32f413xx.o
       212         36          0          9          0       9921   stm32f4xx_hal.o
       272         22          0          0          0      34054   stm32f4xx_hal_cortex.o
       524         40          0          0          0       3179   stm32f4xx_hal_gpio.o
      1596         32          0          0          0       8561   stm32f4xx_hal_i2c.o
       568         44          0          0          0       3916   stm32f4xx_hal_msp.o
       370          0          0          0          0       1535   stm32f4xx_hal_pcd.o
        40          4          0          0          0       1128   stm32f4xx_hal_pcd_ex.o
       640         60          0          0          0       4340   stm32f4xx_hal_rcc.o
      2196         60          0          0          0       3524   stm32f4xx_hal_rcc_ex.o
       692         46          0          0          0       6742   stm32f4xx_hal_tim.o
       180         30          0          0          0       1440   stm32f4xx_hal_tim_ex.o
      1154         16          0          0          0       2064   stm32f4xx_hal_uart.o
        32          0          0          0          0     715966   stm32f4xx_it.o
       890         28          0          0          0       7395   stm32f4xx_ll_usb.o
        28          4         24          4          0       1283   system_stm32f4xx.o
       154         20          0          0         64       2383   tim_delay.o

    ----------------------------------------------------------------------
     11674        568        586         16       2844    1539043   Object Totals
         0          0         32          0          0          0   (incl. Generated)
        22          0          2          3          0          0   (incl. Padding)

    ----------------------------------------------------------------------

      Code (inc. data)   RO Data    RW Data    ZI Data      Debug   Library Member Name

         8          0          0          0          0         68   __main.o
         0          0          0          0          0          0   __rtentry.o
        12          0          0          0          0          0   __rtentry2.o
         6          0          0          0          0          0   __rtentry4.o
        52          8          0          0          0          0   __scatter.o
        26          0          0          0          0          0   __scatter_copy.o
        28          0          0          0          0          0   __scatter_zi.o
        18          0          0          0          0         80   exit.o
         6          0          0          0          0        152   heapauxi.o
         0          0          0          0          0          0   indicate_semi.o
         2          0          0          0          0          0   libinit.o
         6          0          0          0          0          0   libinit2.o
         2          0          0          0          0          0   libshutdown.o
         2          0          0          0          0          0   libshutdown2.o
         8          4          0          0         96         68   libspace.o
       238          0          0          0          0        100   lludivv7m.o
        78          0          0          0          0         80   rt_memclr_w.o
       100          0          0          0          0         80   rt_memcpy_w.o
         2          0          0          0          0          0   rtexit.o
        10          0          0          0          0          0   rtexit2.o
        12          4          0          0          0         68   sys_exit.o
        74          0          0          0          0         80   sys_stackheap_outer.o
         2          0          0          0          0         68   use_no_semi.o
        98          4          0          0          0        140   d2f.o
       688        140          0          0          0        256   ddiv.o
        38          0          0          0          0        116   dflt_clz.o
       156          4          0          0          0        140   dnaninf.o
        12          0          0          0          0        116   dretinf.o
        10          0          0          0          0        116   fpinit.o
        10          0          0          0          0        116   fretinf.o
         0          0          0          0          0          0   usenofp.o

    ----------------------------------------------------------------------
      1712        164          0          0        100       1844   Library Totals
         8          0          0          0          4          0   (incl. Padding)

    ----------------------------------------------------------------------

      Code (inc. data)   RO Data    RW Data    ZI Data      Debug   Library Name

       692         16          0          0         96        844   c_w.l
      1012        148          0          0          0       1000   fz_wm.l

    ----------------------------------------------------------------------
      1712        164          0          0        100       1844   Library Totals

    ----------------------------------------------------------------------

==============================================================================


      Code (inc. data)   RO Data    RW Data    ZI Data      Debug   

     13386        732        586         16       2944    1531575   Grand Totals
     13386        732        586         16       2944    1531575   ELF Image Totals
     13386        732        586         16          0          0   ROM Totals

==============================================================================

    Total RO  Size (Code + RO Data)                13972 (  13.64kB)
    Total RW  Size (RW Data + ZI Data)              2960 (   2.89kB)
    Total ROM Size (Code + RO Data + RW Data)      13988 (  13.66kB)

==============================================================================

