<html>
<body>
<pre>
<h1>µVision Build Log</h1>
<h2>Tool Versions:</h2>
IDE-Version: µVision V5.30.0.0
Copyright (C) 2020 ARM Ltd and ARM Germany GmbH. All rights reserved.
License Information: whocares whocares, whocares, LIC=----
 
Tool Versions:
Toolchain:       MDK-Lite  Version: 5.30.0.0
Toolchain Path:  C:\Keil_v5\ARM\ARMCC\Bin
C Compiler:      Armcc.exe V5.06 update 6 (build 750)
Assembler:       Armasm.exe V5.06 update 6 (build 750)
Linker/Locator:  ArmLink.exe V5.06 update 6 (build 750)
Library Manager: ArmAr.exe V5.06 update 6 (build 750)
Hex Converter:   FromElf.exe V5.06 update 6 (build 750)
CPU DLL:         SARMCM3.DLL V5.30.0.0
Dialog DLL:      DCM.DLL V1.17.3.0
Target DLL:      STLink\ST-LINKIII-KEIL_SWO.dll V3.0.7.0
Dialog DLL:      TCM.DLL V1.42.0.0
 
<h2>Project:</h2>
C:\Users\Lavicola\Documents\Programmieren von Mikrocontrollern\vorlesungsAufgaben\dht22\MDK-ARM\DHT22.uvprojx
Project File Date:  06/16/2020

<h2>Output:</h2>
*** Using Compiler 'V5.06 update 6 (build 750)', folder: 'C:\Keil_v5\ARM\ARMCC\Bin'
Build target 'DHT22'
compiling main.c...
..\MDK-ARM\dht22.h(20): warning:  #1300-D: Start inherits implicit virtual
  		void Start(void);
..\MDK-ARM\dht22.h(21): warning:  #1300-D: Check_Response inherits implicit virtual
  		uint8_t Check_Response (void);
..\MDK-ARM\dht22.h(22): warning:  #1300-D: Read inherits implicit virtual
  		uint8_t Read (void);
..\MDK-ARM\I2c_lcd.h(13): warning:  #1-D: last line of file ends without a newline
  void lcd_clear (void);  
..\MDK-ARM\FloatToString.h(3): warning:  #1-D: last line of file ends without a newline
  void FloatToString( char *buf, float f);
../Src/main.c(153): warning:  #177-D: variable "a"  was declared but never referenced
  float a,b;
../Src/main.c(153): warning:  #177-D: variable "b"  was declared but never referenced
  float a,b;
../Src/main.c(154): warning:  #177-D: variable "u"  was declared but never referenced
  float u;
../Src/main.c: 8 warnings, 0 errors
linking...
Program Size: Code=13386 RO-data=586 RW-data=16 ZI-data=2944  
FromELF: creating hex file...
"DHT22\DHT22.axf" - 0 Error(s), 8 Warning(s).

<h2>Software Packages used:</h2>

Package Vendor: ARM
                http://www.keil.com/pack/ARM.CMSIS.5.7.0.pack
                ARM.CMSIS.5.7.0
                CMSIS (Cortex Microcontroller Software Interface Standard)
   * Component: CORE Version: 5.4.0

Package Vendor: Keil
                http://www.keil.com/pack/Keil.STM32F4xx_DFP.2.14.0.pack
                Keil.STM32F4xx_DFP.2.14.0
                STMicroelectronics STM32F4 Series Device Support, Drivers and Examples

<h2>Collection of Component include folders:</h2>
  .\RTE\_DHT22
  C:\Users\Stein´s Gate\AppData\Local\Arm\Packs\ARM\CMSIS\5.7.0\CMSIS\Core\Include
  C:\Users\Stein´s Gate\AppData\Local\Arm\Packs\Keil\STM32F4xx_DFP\2.14.0\Drivers\CMSIS\Device\ST\STM32F4xx\Include

<h2>Collection of Component Files used:</h2>

   * Component: ARM::CMSIS:CORE:5.4.0
Build Time Elapsed:  00:00:02
</pre>
</body>
</html>
