Component: ARM Compiler 5.06 update 6 (build 750) Tool: armlink [4d35ed]

==============================================================================

Section Cross References

    startup_stm32f413xx.o(STACK) refers (Special) to heapauxi.o(.text) for __use_two_region_memory
    startup_stm32f413xx.o(HEAP) refers (Special) to heapauxi.o(.text) for __use_two_region_memory
    startup_stm32f413xx.o(RESET) refers (Special) to heapauxi.o(.text) for __use_two_region_memory
    startup_stm32f413xx.o(RESET) refers to startup_stm32f413xx.o(STACK) for __initial_sp
    startup_stm32f413xx.o(RESET) refers to startup_stm32f413xx.o(.text) for Reset_Handler
    startup_stm32f413xx.o(RESET) refers to stm32f4xx_it.o(i.NMI_Handler) for NMI_Handler
    startup_stm32f413xx.o(RESET) refers to stm32f4xx_it.o(i.HardFault_Handler) for HardFault_Handler
    startup_stm32f413xx.o(RESET) refers to stm32f4xx_it.o(i.MemManage_Handler) for MemManage_Handler
    startup_stm32f413xx.o(RESET) refers to stm32f4xx_it.o(i.BusFault_Handler) for BusFault_Handler
    startup_stm32f413xx.o(RESET) refers to stm32f4xx_it.o(i.UsageFault_Handler) for UsageFault_Handler
    startup_stm32f413xx.o(RESET) refers to stm32f4xx_it.o(i.SVC_Handler) for SVC_Handler
    startup_stm32f413xx.o(RESET) refers to stm32f4xx_it.o(i.DebugMon_Handler) for DebugMon_Handler
    startup_stm32f413xx.o(RESET) refers to stm32f4xx_it.o(i.PendSV_Handler) for PendSV_Handler
    startup_stm32f413xx.o(RESET) refers to stm32f4xx_it.o(i.SysTick_Handler) for SysTick_Handler
    startup_stm32f413xx.o(RESET) refers to stm32f4xx_it.o(i.OTG_FS_IRQHandler) for OTG_FS_IRQHandler
    startup_stm32f413xx.o(.text) refers (Special) to heapauxi.o(.text) for __use_two_region_memory
    startup_stm32f413xx.o(.text) refers to system_stm32f4xx.o(i.SystemInit) for SystemInit
    startup_stm32f413xx.o(.text) refers to __main.o(!!!main) for __main
    startup_stm32f413xx.o(.text) refers to startup_stm32f413xx.o(HEAP) for Heap_Mem
    startup_stm32f413xx.o(.text) refers to startup_stm32f413xx.o(STACK) for Stack_Mem
    main.o(i._Z12MX_GPIO_Initv) refers to rt_memclr_w.o(.text) for __aeabi_memclr4
    main.o(i._Z12MX_GPIO_Initv) refers to stm32f4xx_hal_gpio.o(i.HAL_GPIO_WritePin) for HAL_GPIO_WritePin
    main.o(i._Z12MX_GPIO_Initv) refers to stm32f4xx_hal_gpio.o(i.HAL_GPIO_Init) for HAL_GPIO_Init
    main.o(i._Z18SystemClock_Configv) refers to rt_memclr_w.o(.text) for __aeabi_memclr4
    main.o(i._Z18SystemClock_Configv) refers to stm32f4xx_hal_rcc_ex.o(i.HAL_RCC_OscConfig) for HAL_RCC_OscConfig
    main.o(i._Z18SystemClock_Configv) refers to main.o(i.Error_Handler) for Error_Handler
    main.o(i._Z18SystemClock_Configv) refers to stm32f4xx_hal_rcc.o(i.HAL_RCC_ClockConfig) for HAL_RCC_ClockConfig
    main.o(i._Z18SystemClock_Configv) refers to stm32f4xx_hal_rcc_ex.o(i.HAL_RCCEx_PeriphCLKConfig) for HAL_RCCEx_PeriphCLKConfig
    main.o(i._Z19MX_USART3_UART_Initv) refers to stm32f4xx_hal_uart.o(i.HAL_UART_Init) for HAL_UART_Init
    main.o(i._Z19MX_USART3_UART_Initv) refers to main.o(i.Error_Handler) for Error_Handler
    main.o(i._Z19MX_USART3_UART_Initv) refers to main.o(.bss) for .bss
    main.o(i.main) refers to stm32f4xx_hal.o(i.HAL_Init) for HAL_Init
    main.o(i.main) refers to main.o(i._Z18SystemClock_Configv) for SystemClock_Config()
    main.o(i.main) refers to main.o(i._Z12MX_GPIO_Initv) for MX_GPIO_Init()
    main.o(i.main) refers to main.o(i._Z19MX_USART3_UART_Initv) for MX_USART3_UART_Init()
    main.o(i.main) refers to fatfs.o(i.MX_FATFS_Init) for MX_FATFS_Init
    main.o(i.main) refers to usb_host.o(i.MX_USB_HOST_Init) for MX_USB_HOST_Init
    main.o(i.main) refers to tim_delay.o(i._Z12MX_TIM3_Initv) for MX_TIM3_Init()
    main.o(i.main) refers to tim_delay.o(i._Z9TIM_Startv) for TIM_Start()
    main.o(i.main) refers to dht22.o(i._ZN5DHT22C1EtP12GPIO_TypeDef) for DHT22::DHT22(unsigned short, GPIO_TypeDef*)
    main.o(i.main) refers to dht22.o(i._ZN5DHT2214GetMeasurementEPfS0_) for DHT22::GetMeasurement(float*, float*)
    main.o(i.main) refers to usb_host.o(i.MX_USB_HOST_Process) for MX_USB_HOST_Process
    main.o(i.main) refers to usb_host.o(i.userFunction) for userFunction
    main.o(.ARM.exidx) refers to main.o(i.Error_Handler) for i.Error_Handler
    main.o(.ARM.exidx) refers to main.o(i._Z19MX_USART3_UART_Initv) for i._Z19MX_USART3_UART_Initv
    main.o(.ARM.exidx) refers to main.o(i._Z12MX_GPIO_Initv) for i._Z12MX_GPIO_Initv
    main.o(.ARM.exidx) refers to main.o(i._Z18SystemClock_Configv) for i._Z18SystemClock_Configv
    main.o(.ARM.exidx) refers to main.o(i.main) for i.main
    usbh_diskio.o(i.USBH_ioctl) refers to usbh_msc.o(i.USBH_MSC_GetLUNInfo) for USBH_MSC_GetLUNInfo
    usbh_diskio.o(i.USBH_ioctl) refers to usb_host.o(.bss) for hUsbHostFS
    usbh_diskio.o(i.USBH_read) refers to usbh_msc.o(i.USBH_MSC_Read) for USBH_MSC_Read
    usbh_diskio.o(i.USBH_read) refers to usbh_msc.o(i.USBH_MSC_GetLUNInfo) for USBH_MSC_GetLUNInfo
[...]
    __rt_locale                               - Undefined Weak Reference
    __sigvec_lookup                           - Undefined Weak Reference
    __user_heap_extent                        - Undefined Weak Reference
    _atexit_init                              - Undefined Weak Reference
    _call_atexit_fns                          - Undefined Weak Reference
    _clock_init                               - Undefined Weak Reference
    _fp_trap_init                             - Undefined Weak Reference
    _fp_trap_shutdown                         - Undefined Weak Reference
    _get_lc_collate                           - Undefined Weak Reference
    _get_lc_ctype                             - Undefined Weak Reference
    _get_lc_monetary                          - Undefined Weak Reference
    _get_lc_numeric                           - Undefined Weak Reference
    _get_lc_time                              - Undefined Weak Reference
    _getenv_init                              - Undefined Weak Reference
    _handle_redirection                       - Undefined Weak Reference
    _initio                                   - Undefined Weak Reference
    _mutex_acquire                            - Undefined Weak Reference
    _mutex_free                               - Undefined Weak Reference
    _mutex_release                            - Undefined Weak Reference
    _rand_init                                - Undefined Weak Reference
    _signal_finish                            - Undefined Weak Reference
    _signal_init                              - Undefined Weak Reference
    _terminateio                              - Undefined Weak Reference
    __Vectors_Size                           0x000001d8   Number         0  startup_stm32f413xx.o ABSOLUTE
    __Vectors                                0x08000000   Data           4  startup_stm32f413xx.o(RESET)
    __Vectors_End                            0x080001d8   Data           0  startup_stm32f413xx.o(RESET)
    __main                                   0x080001d9   Thumb Code     8  __main.o(!!!main)
    __scatterload                            0x080001e1   Thumb Code     0  __scatter.o(!!!scatter)
    __scatterload_rt2                        0x080001e1   Thumb Code    44  __scatter.o(!!!scatter)
    __scatterload_rt2_thumb_only             0x080001e1   Thumb Code     0  __scatter.o(!!!scatter)
    __scatterload_null                       0x080001ef   Thumb Code     0  __scatter.o(!!!scatter)
    __scatterload_copy                       0x08000215   Thumb Code    26  __scatter_copy.o(!!handler_copy)
    __scatterload_zeroinit                   0x08000231   Thumb Code    28  __scatter_zi.o(!!handler_zi)
    __rt_lib_init                            0x0800024d   Thumb Code     0  libinit.o(.ARM.Collect$$libinit$$00000000)
    __rt_lib_init_fp_1                       0x0800024f   Thumb Code     0  libinit2.o(.ARM.Collect$$libinit$$00000001)
    __rt_lib_init_heap_2                     0x08000253   Thumb Code     0  libinit2.o(.ARM.Collect$$libinit$$00000005)
    __rt_lib_init_preinit_1                  0x08000253   Thumb Code     0  libinit2.o(.ARM.Collect$$libinit$$00000004)
    __rt_lib_init_alloca_1                   0x0800025b   Thumb Code     0  libinit2.o(.ARM.Collect$$libinit$$0000002E)
    __rt_lib_init_argv_1                     0x0800025b   Thumb Code     0  libinit2.o(.ARM.Collect$$libinit$$0000002C)
    __rt_lib_init_atexit_1                   0x0800025b   Thumb Code     0  libinit2.o(.ARM.Collect$$libinit$$0000001B)
    __rt_lib_init_clock_1                    0x0800025b   Thumb Code     0  libinit2.o(.ARM.Collect$$libinit$$00000021)
    __rt_lib_init_cpp_1                      0x0800025b   Thumb Code     0  libinit2.o(.ARM.Collect$$libinit$$00000032)
    __rt_lib_init_exceptions_1               0x0800025b   Thumb Code     0  libinit2.o(.ARM.Collect$$libinit$$00000030)
    __rt_lib_init_fp_trap_1                  0x0800025b   Thumb Code     0  libinit2.o(.ARM.Collect$$libinit$$0000001F)
    __rt_lib_init_getenv_1                   0x0800025b   Thumb Code     0  libinit2.o(.ARM.Collect$$libinit$$00000023)
    __rt_lib_init_heap_1                     0x0800025b   Thumb Code     0  libinit2.o(.ARM.Collect$$libinit$$0000000A)
    __rt_lib_init_lc_collate_1               0x0800025b   Thumb Code     0  libinit2.o(.ARM.Collect$$libinit$$00000011)
    __rt_lib_init_lc_ctype_1                 0x0800025b   Thumb Code     0  libinit2.o(.ARM.Collect$$libinit$$00000013)
    __rt_lib_init_lc_monetary_1              0x0800025b   Thumb Code     0  libinit2.o(.ARM.Collect$$libinit$$00000015)
    __rt_lib_init_lc_numeric_1               0x0800025b   Thumb Code     0  libinit2.o(.ARM.Collect$$libinit$$00000017)
    __rt_lib_init_lc_time_1                  0x0800025b   Thumb Code     0  libinit2.o(.ARM.Collect$$libinit$$00000019)
    __rt_lib_init_rand_1                     0x0800025b   Thumb Code     0  libinit2.o(.ARM.Collect$$libinit$$0000000E)
    __rt_lib_init_return                     0x0800025b   Thumb Code     0  libinit2.o(.ARM.Collect$$libinit$$00000033)
    __rt_lib_init_signal_1                   0x0800025b   Thumb Code     0  libinit2.o(.ARM.Collect$$libinit$$0000001D)
    __rt_lib_init_stdio_1                    0x0800025b   Thumb Code     0  libinit2.o(.ARM.Collect$$libinit$$00000025)
    __rt_lib_init_user_alloc_1               0x0800025b   Thumb Code     0  libinit2.o(.ARM.Collect$$libinit$$0000000C)
    __rt_lib_shutdown                        0x0800025d   Thumb Code     0  libshutdown.o(.ARM.Collect$$libshutdown$$00000000)
    __rt_lib_shutdown_cpp_1                  0x0800025f   Thumb Code     0  libshutdown2.o(.ARM.Collect$$libshutdown$$00000002)
    __rt_lib_shutdown_fp_trap_1              0x0800025f   Thumb Code     0  libshutdown2.o(.ARM.Collect$$libshutdown$$00000007)
    __rt_lib_shutdown_heap_1                 0x0800025f   Thumb Code     0  libshutdown2.o(.ARM.Collect$$libshutdown$$0000000F)
    __rt_lib_shutdown_return                 0x0800025f   Thumb Code     0  libshutdown2.o(.ARM.Collect$$libshutdown$$00000010)
    __rt_lib_shutdown_signal_1               0x0800025f   Thumb Code     0  libshutdown2.o(.ARM.Collect$$libshutdown$$0000000A)
    __rt_lib_shutdown_stdio_1                0x0800025f   Thumb Code     0  libshutdown2.o(.ARM.Collect$$libshutdown$$00000004)
    __rt_lib_shutdown_user_alloc_1           0x0800025f   Thumb Code     0  libshutdown2.o(.ARM.Collect$$libshutdown$$0000000C)
    __rt_entry                               0x08000261   Thumb Code     0  __rtentry.o(.ARM.Collect$$rtentry$$00000000)
    __rt_entry_presh_1                       0x08000261   Thumb Code     0  __rtentry2.o(.ARM.Collect$$rtentry$$00000002)
    __rt_entry_sh                            0x08000261   Thumb Code     0  __rtentry4.o(.ARM.Collect$$rtentry$$00000004)
    __rt_entry_li                            0x08000267   Thumb Code     0  __rtentry2.o(.ARM.Collect$$rtentry$$0000000A)
    __rt_entry_postsh_1                      0x08000267   Thumb Code     0  __rtentry2.o(.ARM.Collect$$rtentry$$00000009)
    __rt_entry_main                          0x0800026b   Thumb Code     0  __rtentry2.o(.ARM.Collect$$rtentry$$0000000D)
    __rt_entry_postli_1                      0x0800026b   Thumb Code     0  __rtentry2.o(.ARM.Collect$$rtentry$$0000000C)
    __rt_exit                                0x08000273   Thumb Code     0  rtexit.o(.ARM.Collect$$rtexit$$00000000)
    __rt_exit_ls                             0x08000275   Thumb Code     0  rtexit2.o(.ARM.Collect$$rtexit$$00000003)
    __rt_exit_prels_1                        0x08000275   Thumb Code     0  rtexit2.o(.ARM.Collect$$rtexit$$00000002)
    __rt_exit_exit                           0x08000279   Thumb Code     0  rtexit2.o(.ARM.Collect$$rtexit$$00000004)
    Reset_Handler                            0x08000281   Thumb Code     8  startup_stm32f413xx.o(.text)
    _maybe_terminate_alloc                   0x08000281   Thumb Code     0  maybetermalloc1.o(.emb_text)
    ADC_IRQHandler                           0x0800029b   Thumb Code     0  startup_stm32f413xx.o(.text)
    CAN1_RX0_IRQHandler                      0x0800029b   Thumb Code     0  startup_stm32f413xx.o(.text)
    CAN1_RX1_IRQHandler                      0x0800029b   Thumb Code     0  startup_stm32f413xx.o(.text)
    CAN1_SCE_IRQHandler                      0x0800029b   Thumb Code     0  startup_stm32f413xx.o(.text)
    CAN1_TX_IRQHandler                       0x0800029b   Thumb Code     0  startup_stm32f413xx.o(.text)
    CAN2_RX0_IRQHandler                      0x0800029b   Thumb Code     0  startup_stm32f413xx.o(.text)
    CAN2_RX1_IRQHandler                      0x0800029b   Thumb Code     0  startup_stm32f413xx.o(.text)
    CAN2_SCE_IRQHandler                      0x0800029b   Thumb Code     0  startup_stm32f413xx.o(.text)
    CAN2_TX_IRQHandler                       0x0800029b   Thumb Code     0  startup_stm32f413xx.o(.text)
    CAN3_RX0_IRQHandler                      0x0800029b   Thumb Code     0  startup_stm32f413xx.o(.text)
    CAN3_RX1_IRQHandler                      0x0800029b   Thumb Code     0  startup_stm32f413xx.o(.text)
    CAN3_SCE_IRQHandler                      0x0800029b   Thumb Code     0  startup_stm32f413xx.o(.text)
    CAN3_TX_IRQHandler                       0x0800029b   Thumb Code     0  startup_stm32f413xx.o(.text)
    DFSDM1_FLT0_IRQHandler                   0x0800029b   Thumb Code     0  startup_stm32f413xx.o(.text)
    DFSDM1_FLT1_IRQHandler                   0x0800029b   Thumb Code     0  startup_stm32f413xx.o(.text)
    DFSDM2_FLT0_IRQHandler                   0x0800029b   Thumb Code     0  startup_stm32f413xx.o(.text)
    DFSDM2_FLT1_IRQHandler                   0x0800029b   Thumb Code     0  startup_stm32f413xx.o(.text)
    DFSDM2_FLT2_IRQHandler                   0x0800029b   Thumb Code     0  startup_stm32f413xx.o(.text)
    DFSDM2_FLT3_IRQHandler                   0x0800029b   Thumb Code     0  startup_stm32f413xx.o(.text)
    DMA1_Stream0_IRQHandler                  0x0800029b   Thumb Code     0  startup_stm32f413xx.o(.text)
    DMA1_Stream1_IRQHandler                  0x0800029b   Thumb Code     0  startup_stm32f413xx.o(.text)
    DMA1_Stream2_IRQHandler                  0x0800029b   Thumb Code     0  startup_stm32f413xx.o(.text)
    DMA1_Stream3_IRQHandler                  0x0800029b   Thumb Code     0  startup_stm32f413xx.o(.text)
    DMA1_Stream4_IRQHandler                  0x0800029b   Thumb Code     0  startup_stm32f413xx.o(.text)
    DMA1_Stream5_IRQHandler                  0x0800029b   Thumb Code     0  startup_stm32f413xx.o(.text)
    DMA1_Stream6_IRQHandler                  0x0800029b   Thumb Code     0  startup_stm32f413xx.o(.text)
    DMA1_Stream7_IRQHandler                  0x0800029b   Thumb Code     0  startup_stm32f413xx.o(.text)
    DMA2_Stream0_IRQHandler                  0x0800029b   Thumb Code     0  startup_stm32f413xx.o(.text)
    DMA2_Stream1_IRQHandler                  0x0800029b   Thumb Code     0  startup_stm32f413xx.o(.text)
    DMA2_Stream2_IRQHandler                  0x0800029b   Thumb Code     0  startup_stm32f413xx.o(.text)
    DMA2_Stream3_IRQHandler                  0x0800029b   Thumb Code     0  startup_stm32f413xx.o(.text)
    DMA2_Stream4_IRQHandler                  0x0800029b   Thumb Code     0  startup_stm32f413xx.o(.text)
    DMA2_Stream5_IRQHandler                  0x0800029b   Thumb Code     0  startup_stm32f413xx.o(.text)
    DMA2_Stream6_IRQHandler                  0x0800029b   Thumb Code     0  startup_stm32f413xx.o(.text)
    DMA2_Stream7_IRQHandler                  0x0800029b   Thumb Code     0  startup_stm32f413xx.o(.text)
    EXTI0_IRQHandler                         0x0800029b   Thumb Code     0  startup_stm32f413xx.o(.text)
    EXTI15_10_IRQHandler                     0x0800029b   Thumb Code     0  startup_stm32f413xx.o(.text)
    EXTI1_IRQHandler                         0x0800029b   Thumb Code     0  startup_stm32f413xx.o(.text)
    EXTI2_IRQHandler                         0x0800029b   Thumb Code     0  startup_stm32f413xx.o(.text)
    EXTI3_IRQHandler                         0x0800029b   Thumb Code     0  startup_stm32f413xx.o(.text)
    EXTI4_IRQHandler                         0x0800029b   Thumb Code     0  startup_stm32f413xx.o(.text)
    EXTI9_5_IRQHandler                       0x0800029b   Thumb Code     0  startup_stm32f413xx.o(.text)
    FLASH_IRQHandler                         0x0800029b   Thumb Code     0  startup_stm32f413xx.o(.text)
    FMPI2C1_ER_IRQHandler                    0x0800029b   Thumb Code     0  startup_stm32f413xx.o(.text)
    FMPI2C1_EV_IRQHandler                    0x0800029b   Thumb Code     0  startup_stm32f413xx.o(.text)
    FPU_IRQHandler                           0x0800029b   Thumb Code     0  startup_stm32f413xx.o(.text)
    FSMC_IRQHandler                          0x0800029b   Thumb Code     0  startup_stm32f413xx.o(.text)
    I2C1_ER_IRQHandler                       0x0800029b   Thumb Code     0  startup_stm32f413xx.o(.text)
    I2C1_EV_IRQHandler                       0x0800029b   Thumb Code     0  startup_stm32f413xx.o(.text)
    I2C2_ER_IRQHandler                       0x0800029b   Thumb Code     0  startup_stm32f413xx.o(.text)
    I2C2_EV_IRQHandler                       0x0800029b   Thumb Code     0  startup_stm32f413xx.o(.text)
    I2C3_ER_IRQHandler                       0x0800029b   Thumb Code     0  startup_stm32f413xx.o(.text)
    I2C3_EV_IRQHandler                       0x0800029b   Thumb Code     0  startup_stm32f413xx.o(.text)
    LPTIM1_IRQHandler                        0x0800029b   Thumb Code     0  startup_stm32f413xx.o(.text)
    OTG_FS_WKUP_IRQHandler                   0x0800029b   Thumb Code     0  startup_stm32f413xx.o(.text)
    PVD_IRQHandler                           0x0800029b   Thumb Code     0  startup_stm32f413xx.o(.text)
    QUADSPI_IRQHandler                       0x0800029b   Thumb Code     0  startup_stm32f413xx.o(.text)
    RCC_IRQHandler                           0x0800029b   Thumb Code     0  startup_stm32f413xx.o(.text)
    RNG_IRQHandler                           0x0800029b   Thumb Code     0  startup_stm32f413xx.o(.text)
    RTC_Alarm_IRQHandler                     0x0800029b   Thumb Code     0  startup_stm32f413xx.o(.text)
    RTC_WKUP_IRQHandler                      0x0800029b   Thumb Code     0  startup_stm32f413xx.o(.text)
    SAI1_IRQHandler                          0x0800029b   Thumb Code     0  startup_stm32f413xx.o(.text)
    SDIO_IRQHandler                          0x0800029b   Thumb Code     0  startup_stm32f413xx.o(.text)
    SPI1_IRQHandler                          0x0800029b   Thumb Code     0  startup_stm32f413xx.o(.text)
    SPI2_IRQHandler                          0x0800029b   Thumb Code     0  startup_stm32f413xx.o(.text)
    SPI3_IRQHandler                          0x0800029b   Thumb Code     0  startup_stm32f413xx.o(.text)
    SPI4_IRQHandler                          0x0800029b   Thumb Code     0  startup_stm32f413xx.o(.text)
    SPI5_IRQHandler                          0x0800029b   Thumb Code     0  startup_stm32f413xx.o(.text)
    TAMP_STAMP_IRQHandler                    0x0800029b   Thumb Code     0  startup_stm32f413xx.o(.text)
    TIM1_BRK_TIM9_IRQHandler                 0x0800029b   Thumb Code     0  startup_stm32f413xx.o(.text)
    TIM1_CC_IRQHandler                       0x0800029b   Thumb Code     0  startup_stm32f413xx.o(.text)
    TIM1_TRG_COM_TIM11_IRQHandler            0x0800029b   Thumb Code     0  startup_stm32f413xx.o(.text)
    TIM1_UP_TIM10_IRQHandler                 0x0800029b   Thumb Code     0  startup_stm32f413xx.o(.text)
    TIM2_IRQHandler                          0x0800029b   Thumb Code     0  startup_stm32f413xx.o(.text)
    TIM3_IRQHandler                          0x0800029b   Thumb Code     0  startup_stm32f413xx.o(.text)
    TIM4_IRQHandler                          0x0800029b   Thumb Code     0  startup_stm32f413xx.o(.text)
    TIM5_IRQHandler                          0x0800029b   Thumb Code     0  startup_stm32f413xx.o(.text)
    TIM6_DAC_IRQHandler                      0x0800029b   Thumb Code     0  startup_stm32f413xx.o(.text)
    TIM7_IRQHandler                          0x0800029b   Thumb Code     0  startup_stm32f413xx.o(.text)
    TIM8_BRK_TIM12_IRQHandler                0x0800029b   Thumb Code     0  startup_stm32f413xx.o(.text)
    TIM8_CC_IRQHandler                       0x0800029b   Thumb Code     0  startup_stm32f413xx.o(.text)
    TIM8_TRG_COM_TIM14_IRQHandler            0x0800029b   Thumb Code     0  startup_stm32f413xx.o(.text)
    TIM8_UP_TIM13_IRQHandler                 0x0800029b   Thumb Code     0  startup_stm32f413xx.o(.text)
    UART10_IRQHandler                        0x0800029b   Thumb Code     0  startup_stm32f413xx.o(.text)
    UART4_IRQHandler                         0x0800029b   Thumb Code     0  startup_stm32f413xx.o(.text)
    UART5_IRQHandler                         0x0800029b   Thumb Code     0  startup_stm32f413xx.o(.text)
    UART7_IRQHandler                         0x0800029b   Thumb Code     0  startup_stm32f413xx.o(.text)
    UART8_IRQHandler                         0x0800029b   Thumb Code     0  startup_stm32f413xx.o(.text)
    UART9_IRQHandler                         0x0800029b   Thumb Code     0  startup_stm32f413xx.o(.text)
    USART1_IRQHandler                        0x0800029b   Thumb Code     0  startup_stm32f413xx.o(.text)
    USART2_IRQHandler                        0x0800029b   Thumb Code     0  startup_stm32f413xx.o(.text)
    USART3_IRQHandler                        0x0800029b   Thumb Code     0  startup_stm32f413xx.o(.text)
    USART6_IRQHandler                        0x0800029b   Thumb Code     0  startup_stm32f413xx.o(.text)
    WWDG_IRQHandler                          0x0800029b   Thumb Code     0  startup_stm32f413xx.o(.text)
    __user_initial_stackheap                 0x0800029d   Thumb Code     0  startup_stm32f413xx.o(.text)
    malloc                                   0x080002c1   Thumb Code    94  h1_alloc.o(.text)
    free                                     0x0800031f   Thumb Code    78  h1_free.o(.text)
    __aeabi_uldivmod                         0x0800036d   Thumb Code     0  lludivv7m.o(.text)
    _ll_udiv                                 0x0800036d   Thumb Code   238  lludivv7m.o(.text)
    __aeabi_memcpy                           0x0800045b   Thumb Code     0  rt_memcpy_v6.o(.text)
    __rt_memcpy                              0x0800045b   Thumb Code   138  rt_memcpy_v6.o(.text)
    _memcpy_lastbytes                        0x080004c1   Thumb Code     0  rt_memcpy_v6.o(.text)
    __aeabi_memcpy4                          0x080004e5   Thumb Code     0  rt_memcpy_w.o(.text)
    __aeabi_memcpy8                          0x080004e5   Thumb Code     0  rt_memcpy_w.o(.text)
    __rt_memcpy_w                            0x080004e5   Thumb Code   100  rt_memcpy_w.o(.text)
    _memcpy_lastbytes_aligned                0x0800052d   Thumb Code     0  rt_memcpy_w.o(.text)
    __aeabi_memclr                           0x08000549   Thumb Code     0  rt_memclr.o(.text)
    __rt_memclr                              0x08000549   Thumb Code    68  rt_memclr.o(.text)
    _memset                                  0x0800054d   Thumb Code     0  rt_memclr.o(.text)
    __aeabi_memclr4                          0x0800058d   Thumb Code     0  rt_memclr_w.o(.text)
    __aeabi_memclr8                          0x0800058d   Thumb Code     0  rt_memclr_w.o(.text)
    __rt_memclr_w                            0x0800058d   Thumb Code    78  rt_memclr_w.o(.text)
    _memset_w                                0x08000591   Thumb Code     0  rt_memclr_w.o(.text)
    __use_two_region_memory                  0x080005db   Thumb Code     2  heapauxi.o(.text)
    __rt_heap_escrow                         0x080005dd   Thumb Code     2  heapauxi.o(.text)
    __rt_heap_expand                         0x080005df   Thumb Code     2  heapauxi.o(.text)
    __rt_heap_descriptor                     0x080005e1   Thumb Code     8  rt_heap_descriptor_intlibspace.o(.text)
    __use_no_heap                            0x080005e9   Thumb Code     2  hguard.o(.text)
    __heap$guard                             0x080005eb   Thumb Code     2  hguard.o(.text)
    _terminate_user_alloc                    0x080005ed   Thumb Code     2  init_alloc.o(.text)
    _init_user_alloc                         0x080005ef   Thumb Code     2  init_alloc.o(.text)
    __Heap_Full                              0x080005f1   Thumb Code    34  init_alloc.o(.text)
    __Heap_Broken                            0x08000613   Thumb Code     6  init_alloc.o(.text)
    _init_alloc                              0x08000619   Thumb Code    94  init_alloc.o(.text)
    __Heap_Initialize                        0x08000677   Thumb Code    10  h1_init.o(.text)
    __Heap_DescSize                          0x08000681   Thumb Code     4  h1_init.o(.text)
    __user_libspace                          0x08000685   Thumb Code     8  libspace.o(.text)
    __user_perproc_libspace                  0x08000685   Thumb Code     0  libspace.o(.text)
    __user_perthread_libspace                0x08000685   Thumb Code     0  libspace.o(.text)
    __Heap_ProvideMemory                     0x0800068d   Thumb Code    52  h1_extend.o(.text)
    __rt_SIGRTMEM                            0x080006c1   Thumb Code    14  defsig_rtmem_outer.o(.text)
    __I$use$semihosting                      0x080006cf   Thumb Code     0  use_no_semi.o(.text)
    __use_no_semihosting_swi                 0x080006cf   Thumb Code     2  use_no_semi.o(.text)
    __semihosting_library_function           0x080006d1   Thumb Code     0  indicate_semi.o(.text)
    __user_setup_stackheap                   0x080006d1   Thumb Code    74  sys_stackheap_outer.o(.text)
    exit                                     0x0800071b   Thumb Code    18  exit.o(.text)
    __sig_exit                               0x0800072d   Thumb Code    10  defsig_exit.o(.text)
    __rt_SIGRTMEM_inner                      0x08000739   Thumb Code    22  defsig_rtmem_inner.o(.text)
    _sys_exit                                0x08000789   Thumb Code     8  sys_exit.o(.text)
    __default_signal_display                 0x08000795   Thumb Code    50  defsig_general.o(.text)
    _ttywrch                                 0x080007c7   Thumb Code    14  sys_wrch.o(.text)
    BusFault_Handler                         0x080007d5   Thumb Code     2  stm32f4xx_it.o(i.BusFault_Handler)
    DebugMon_Handler                         0x08000825   Thumb Code     2  stm32f4xx_it.o(i.DebugMon_Handler)
    Error_Handler                            0x08000827   Thumb Code     2  main.o(i.Error_Handler)
    FATFS_LinkDriver                         0x08000829   Thumb Code     6  ff_gen_drv.o(i.FATFS_LinkDriver)
    FATFS_LinkDriverEx                       0x08000831   Thumb Code    58  ff_gen_drv.o(i.FATFS_LinkDriverEx)
    HAL_Delay                                0x08000871   Thumb Code    32  stm32f4xx_hal.o(i.HAL_Delay)
    HAL_GPIO_Init                            0x08000895   Thumb Code   380  stm32f4xx_hal_gpio.o(i.HAL_GPIO_Init)
    HAL_GPIO_ReadPin                         0x08000a39   Thumb Code    14  stm32f4xx_hal_gpio.o(i.HAL_GPIO_ReadPin)
    HAL_GPIO_WritePin                        0x08000a47   Thumb Code    14  stm32f4xx_hal_gpio.o(i.HAL_GPIO_WritePin)
    HAL_GetTick                              0x08000a55   Thumb Code     6  stm32f4xx_hal.o(i.HAL_GetTick)
    HAL_HCD_Connect_Callback                 0x08000a61   Thumb Code     8  usbh_conf.o(i.HAL_HCD_Connect_Callback)
    HAL_HCD_Disconnect_Callback              0x08000a69   Thumb Code     8  usbh_conf.o(i.HAL_HCD_Disconnect_Callback)
    HAL_HCD_GetCurrentFrame                  0x08000a71   Thumb Code     6  stm32f4xx_hal_hcd.o(i.HAL_HCD_GetCurrentFrame)
    HAL_HCD_GetCurrentSpeed                  0x08000a77   Thumb Code     6  stm32f4xx_hal_hcd.o(i.HAL_HCD_GetCurrentSpeed)
    HAL_HCD_HC_GetURBState                   0x08000a7d   Thumb Code    14  stm32f4xx_hal_hcd.o(i.HAL_HCD_HC_GetURBState)
    HAL_HCD_HC_GetXferCount                  0x08000a8b   Thumb Code    12  stm32f4xx_hal_hcd.o(i.HAL_HCD_HC_GetXferCount)
    HAL_HCD_HC_Halt                          0x08000a97   Thumb Code    36  stm32f4xx_hal_hcd.o(i.HAL_HCD_HC_Halt)
    HAL_HCD_HC_Init                          0x08000abb   Thumb Code   104  stm32f4xx_hal_hcd.o(i.HAL_HCD_HC_Init)
    HAL_HCD_HC_NotifyURBChange_Callback      0x08000b23   Thumb Code     2  usbh_conf.o(i.HAL_HCD_HC_NotifyURBChange_Callback)
    HAL_HCD_HC_SubmitRequest                 0x08000b25   Thumb Code   222  stm32f4xx_hal_hcd.o(i.HAL_HCD_HC_SubmitRequest)
    HAL_HCD_IRQHandler                       0x08000c03   Thumb Code   306  stm32f4xx_hal_hcd.o(i.HAL_HCD_IRQHandler)
    HAL_HCD_Init                             0x08000d35   Thumb Code   116  stm32f4xx_hal_hcd.o(i.HAL_HCD_Init)
    HAL_HCD_MspInit                          0x08000da9   Thumb Code   140  usbh_conf.o(i.HAL_HCD_MspInit)
    HAL_HCD_PortDisabled_Callback            0x08000e3d   Thumb Code     8  usbh_conf.o(i.HAL_HCD_PortDisabled_Callback)
    HAL_HCD_PortEnabled_Callback             0x08000e45   Thumb Code     8  usbh_conf.o(i.HAL_HCD_PortEnabled_Callback)
    HAL_HCD_ResetPort                        0x08000e4d   Thumb Code     6  stm32f4xx_hal_hcd.o(i.HAL_HCD_ResetPort)
    HAL_HCD_SOF_Callback                     0x08000e53   Thumb Code     8  usbh_conf.o(i.HAL_HCD_SOF_Callback)
    HAL_HCD_Start                            0x08000e5b   Thumb Code    44  stm32f4xx_hal_hcd.o(i.HAL_HCD_Start)
    HAL_HCD_Stop                             0x08000e87   Thumb Code    36  stm32f4xx_hal_hcd.o(i.HAL_HCD_Stop)
    HAL_IncTick                              0x08000ead   Thumb Code    12  stm32f4xx_hal.o(i.HAL_IncTick)
    HAL_Init                                 0x08000ebd   Thumb Code    48  stm32f4xx_hal.o(i.HAL_Init)
    HAL_InitTick                             0x08000ef1   Thumb Code    58  stm32f4xx_hal.o(i.HAL_InitTick)
    HAL_MspInit                              0x08000f35   Thumb Code    42  stm32f4xx_hal_msp.o(i.HAL_MspInit)
    HAL_NVIC_EnableIRQ                       0x08000f65   Thumb Code    26  stm32f4xx_hal_cortex.o(i.HAL_NVIC_EnableIRQ)
    HAL_NVIC_SetPriority                     0x08000f81   Thumb Code    60  stm32f4xx_hal_cortex.o(i.HAL_NVIC_SetPriority)
    HAL_NVIC_SetPriorityGrouping             0x08000fc1   Thumb Code    26  stm32f4xx_hal_cortex.o(i.HAL_NVIC_SetPriorityGrouping)
    HAL_RCCEx_PeriphCLKConfig                0x08000fe5   Thumb Code   818  stm32f4xx_hal_rcc_ex.o(i.HAL_RCCEx_PeriphCLKConfig)
    HAL_RCC_ClockConfig                      0x08001339   Thumb Code   310  stm32f4xx_hal_rcc.o(i.HAL_RCC_ClockConfig)
    HAL_RCC_GetHCLKFreq                      0x08001485   Thumb Code     6  stm32f4xx_hal_rcc.o(i.HAL_RCC_GetHCLKFreq)
    HAL_RCC_GetPCLK1Freq                     0x08001491   Thumb Code    22  stm32f4xx_hal_rcc.o(i.HAL_RCC_GetPCLK1Freq)
    HAL_RCC_GetPCLK2Freq                     0x080014b1   Thumb Code    22  stm32f4xx_hal_rcc.o(i.HAL_RCC_GetPCLK2Freq)
    HAL_RCC_GetSysClockFreq                  0x080014d1   Thumb Code    94  stm32f4xx_hal_rcc.o(i.HAL_RCC_GetSysClockFreq)
    HAL_RCC_OscConfig                        0x08001539   Thumb Code   890  stm32f4xx_hal_rcc_ex.o(i.HAL_RCC_OscConfig)
    HAL_SYSTICK_Config                       0x080018c5   Thumb Code    40  stm32f4xx_hal_cortex.o(i.HAL_SYSTICK_Config)
    HAL_TIMEx_MasterConfigSynchronization    0x080018ed   Thumb Code   114  stm32f4xx_hal_tim_ex.o(i.HAL_TIMEx_MasterConfigSynchronization)
    HAL_TIM_Base_Init                        0x0800197d   Thumb Code    56  stm32f4xx_hal_tim.o(i.HAL_TIM_Base_Init)
    HAL_TIM_Base_MspInit                     0x080019b5   Thumb Code    30  stm32f4xx_hal_msp.o(i.HAL_TIM_Base_MspInit)
    HAL_TIM_Base_Start                       0x080019dd   Thumb Code    36  stm32f4xx_hal_tim.o(i.HAL_TIM_Base_Start)
    HAL_TIM_ConfigClockSource                0x08001a01   Thumb Code   226  stm32f4xx_hal_tim.o(i.HAL_TIM_ConfigClockSource)
    HAL_UART_Init                            0x08001ae3   Thumb Code   100  stm32f4xx_hal_uart.o(i.HAL_UART_Init)
    HAL_UART_MspInit                         0x08001b49   Thumb Code    94  stm32f4xx_hal_msp.o(i.HAL_UART_MspInit)
    HAL_UART_Transmit                        0x08001bb5   Thumb Code   210  stm32f4xx_hal_uart.o(i.HAL_UART_Transmit)
    HardFault_Handler                        0x08002289   Thumb Code     2  stm32f4xx_it.o(i.HardFault_Handler)
    MX_FATFS_Init                            0x0800228d   Thumb Code    18  fatfs.o(i.MX_FATFS_Init)
    MX_USB_HOST_Init                         0x080022a9   Thumb Code    52  usb_host.o(i.MX_USB_HOST_Init)
    MX_USB_HOST_Process                      0x080022e9   Thumb Code     6  usb_host.o(i.MX_USB_HOST_Process)
    MemManage_Handler                        0x080022f5   Thumb Code     2  stm32f4xx_it.o(i.MemManage_Handler)
    NMI_Handler                              0x080022f7   Thumb Code     2  stm32f4xx_it.o(i.NMI_Handler)
    OTG_FS_IRQHandler                        0x080022f9   Thumb Code     6  stm32f4xx_it.o(i.OTG_FS_IRQHandler)
    PendSV_Handler                           0x08002305   Thumb Code     2  stm32f4xx_it.o(i.PendSV_Handler)
    SVC_Handler                              0x08002307   Thumb Code     2  stm32f4xx_it.o(i.SVC_Handler)
    SysTick_Handler                          0x08002309   Thumb Code     4  stm32f4xx_it.o(i.SysTick_Handler)
    SystemInit                               0x0800230d   Thumb Code    22  system_stm32f4xx.o(i.SystemInit)
    TIM_Base_SetConfig                       0x08002329   Thumb Code   160  stm32f4xx_hal_tim.o(i.TIM_Base_SetConfig)
    TIM_ETR_SetConfig                        0x080023f5   Thumb Code    20  stm32f4xx_hal_tim.o(i.TIM_ETR_SetConfig)
    USBH_AllocPipe                           0x080026c1   Thumb Code    40  usbh_pipes.o(i.USBH_AllocPipe)
    USBH_BulkReceiveData                     0x080026e9   Thumb Code    32  usbh_ioreq.o(i.USBH_BulkReceiveData)
    USBH_BulkSendData                        0x08002709   Thumb Code    44  usbh_ioreq.o(i.USBH_BulkSendData)
    USBH_ClosePipe                           0x08002735   Thumb Code    10  usbh_pipes.o(i.USBH_ClosePipe)
    USBH_ClrFeature                          0x0800273f   Thumb Code    30  usbh_ctlreq.o(i.USBH_ClrFeature)
    USBH_CtlReceiveData                      0x0800275d   Thumb Code    32  usbh_ioreq.o(i.USBH_CtlReceiveData)
    USBH_CtlReq                              0x0800277d   Thumb Code    58  usbh_ctlreq.o(i.USBH_CtlReq)
    USBH_CtlSendData                         0x080027b7   Thumb Code    44  usbh_ioreq.o(i.USBH_CtlSendData)
    USBH_CtlSendSetup                        0x080027e3   Thumb Code    30  usbh_ioreq.o(i.USBH_CtlSendSetup)
    USBH_Delay                               0x08002801   Thumb Code     4  usbh_conf.o(i.USBH_Delay)
    USBH_FindInterface                       0x08002805   Thumb Code    68  usbh_core.o(i.USBH_FindInterface)
    USBH_FreePipe                            0x08002849   Thumb Code    24  usbh_pipes.o(i.USBH_FreePipe)
    USBH_GetDescriptor                       0x08002861   Thumb Code    56  usbh_ctlreq.o(i.USBH_GetDescriptor)
    USBH_GetNextDesc                         0x080028b7   Thumb Code    14  usbh_ctlreq.o(i.USBH_GetNextDesc)
    USBH_Get_CfgDesc                         0x080028c5   Thumb Code    46  usbh_ctlreq.o(i.USBH_Get_CfgDesc)
    USBH_Get_DevDesc                         0x080028f3   Thumb Code    46  usbh_ctlreq.o(i.USBH_Get_DevDesc)
    USBH_Get_StringDesc                      0x08002921   Thumb Code    42  usbh_ctlreq.o(i.USBH_Get_StringDesc)
    USBH_Get_USB_Status                      0x0800294b   Thumb Code    36  usbh_conf.o(i.USBH_Get_USB_Status)
    USBH_Init                                0x08002d6b   Thumb Code    66  usbh_core.o(i.USBH_Init)
    USBH_LL_ClosePipe                        0x08002dad   Thumb Code    18  usbh_conf.o(i.USBH_LL_ClosePipe)
    USBH_LL_Connect                          0x08002dbf   Thumb Code    18  usbh_core.o(i.USBH_LL_Connect)
    USBH_LL_Disconnect                       0x08002dd1   Thumb Code    46  usbh_core.o(i.USBH_LL_Disconnect)
    USBH_LL_DriverVBUS                       0x08002e01   Thumb Code    30  usbh_conf.o(i.USBH_LL_DriverVBUS)
    USBH_LL_GetLastXferSize                  0x08002e25   Thumb Code     8  usbh_conf.o(i.USBH_LL_GetLastXferSize)
    USBH_LL_GetSpeed                         0x08002e2d   Thumb Code    34  usbh_conf.o(i.USBH_LL_GetSpeed)
    USBH_LL_GetToggle                        0x08002e4f   Thumb Code    32  usbh_conf.o(i.USBH_LL_GetToggle)
    USBH_LL_GetURBState                      0x08002e6f   Thumb Code     8  usbh_conf.o(i.USBH_LL_GetURBState)
    USBH_LL_IncTimer                         0x08002e77   Thumb Code    14  usbh_core.o(i.USBH_LL_IncTimer)
    USBH_LL_Init                             0x08002e85   Thumb Code    74  usbh_conf.o(i.USBH_LL_Init)
    USBH_LL_OpenPipe                         0x08002ed5   Thumb Code    30  usbh_conf.o(i.USBH_LL_OpenPipe)
    USBH_LL_PortDisabled                     0x08002ef3   Thumb Code     8  usbh_core.o(i.USBH_LL_PortDisabled)
    USBH_LL_PortEnabled                      0x08002efb   Thumb Code     8  usbh_core.o(i.USBH_LL_PortEnabled)
    USBH_LL_ResetPort                        0x08002f03   Thumb Code    18  usbh_conf.o(i.USBH_LL_ResetPort)
    USBH_LL_SetTimer                         0x08002f15   Thumb Code     6  usbh_core.o(i.USBH_LL_SetTimer)
    USBH_LL_SetToggle                        0x08002f1b   Thumb Code    34  usbh_conf.o(i.USBH_LL_SetToggle)
    USBH_LL_Start                            0x08002f3d   Thumb Code    18  usbh_conf.o(i.USBH_LL_Start)
    USBH_LL_Stop                             0x08002f4f   Thumb Code    18  usbh_conf.o(i.USBH_LL_Stop)
    USBH_LL_SubmitURB                        0x08002f61   Thumb Code    38  usbh_conf.o(i.USBH_LL_SubmitURB)
    USBH_MSC_BOT_Init                        0x08002fad   Thumb Code    26  usbh_msc_bot.o(i.USBH_MSC_BOT_Init)
    USBH_MSC_BOT_Process                     0x08002fd1   Thumb Code   550  usbh_msc_bot.o(i.USBH_MSC_BOT_Process)
    USBH_MSC_BOT_REQ_GetMaxLUN               0x080031f7   Thumb Code    22  usbh_msc_bot.o(i.USBH_MSC_BOT_REQ_GetMaxLUN)
    USBH_MSC_BOT_REQ_Reset                   0x0800320d   Thumb Code    24  usbh_msc_bot.o(i.USBH_MSC_BOT_REQ_Reset)
    USBH_MSC_GetLUNInfo                      0x080032e9   Thumb Code    46  usbh_msc.o(i.USBH_MSC_GetLUNInfo)
    USBH_MSC_Read                            0x08003845   Thumb Code   140  usbh_msc.o(i.USBH_MSC_Read)
    USBH_MSC_SCSI_Inquiry                    0x080038d1   Thumb Code   200  usbh_msc_scsi.o(i.USBH_MSC_SCSI_Inquiry)
    USBH_MSC_SCSI_Read                       0x08003999   Thumb Code   126  usbh_msc_scsi.o(i.USBH_MSC_SCSI_Read)
    USBH_MSC_SCSI_ReadCapacity               0x08003a17   Thumb Code   134  usbh_msc_scsi.o(i.USBH_MSC_SCSI_ReadCapacity)
    USBH_MSC_SCSI_RequestSense               0x08003a9d   Thumb Code   134  usbh_msc_scsi.o(i.USBH_MSC_SCSI_RequestSense)
    USBH_MSC_SCSI_TestUnitReady              0x08003b23   Thumb Code    74  usbh_msc_scsi.o(i.USBH_MSC_SCSI_TestUnitReady)
    USBH_MSC_SCSI_Write                      0x08003b6d   Thumb Code   126  usbh_msc_scsi.o(i.USBH_MSC_SCSI_Write)
    USBH_MSC_UnitIsReady                     0x08003bef   Thumb Code    38  usbh_msc.o(i.USBH_MSC_UnitIsReady)
    USBH_MSC_Write                           0x08003c15   Thumb Code   140  usbh_msc.o(i.USBH_MSC_Write)
    USBH_OpenPipe                            0x08003ca1   Thumb Code    22  usbh_pipes.o(i.USBH_OpenPipe)
    USBH_Process                             0x08003e33   Thumb Code   578  usbh_core.o(i.USBH_Process)
    USBH_RegisterClass                       0x08004075   Thumb Code    34  usbh_core.o(i.USBH_RegisterClass)
    USBH_SelectInterface                     0x08004097   Thumb Code    22  usbh_core.o(i.USBH_SelectInterface)
    USBH_SetAddress                          0x080040ad   Thumb Code    28  usbh_ctlreq.o(i.USBH_SetAddress)
    USBH_SetCfg                              0x080040c9   Thumb Code    28  usbh_ctlreq.o(i.USBH_SetCfg)
    USBH_SetFeature                          0x080040e5   Thumb Code    28  usbh_ctlreq.o(i.USBH_SetFeature)
    USBH_Start                               0x08004101   Thumb Code    22  usbh_core.o(i.USBH_Start)
    USBH_initialize                          0x08004141   Thumb Code     4  usbh_diskio.o(i.USBH_initialize)
    USBH_ioctl                               0x08004145   Thumb Code   108  usbh_diskio.o(i.USBH_ioctl)
    USBH_read                                0x080041b5   Thumb Code    62  usbh_diskio.o(i.USBH_read)
    USBH_status                              0x080041f9   Thumb Code    20  usbh_diskio.o(i.USBH_status)
    USBH_write                               0x08004211   Thumb Code    70  usbh_diskio.o(i.USBH_write)
    USB_CoreInit                             0x0800425d   Thumb Code   122  stm32f4xx_ll_usb.o(i.USB_CoreInit)
    USB_DisableGlobalInt                     0x08004315   Thumb Code    12  stm32f4xx_ll_usb.o(i.USB_DisableGlobalInt)
    USB_DoPing                               0x08004321   Thumb Code    28  stm32f4xx_ll_usb.o(i.USB_DoPing)
    USB_DriveVbus                            0x08004341   Thumb Code    58  stm32f4xx_ll_usb.o(i.USB_DriveVbus)
    USB_EnableGlobalInt                      0x0800437b   Thumb Code    12  stm32f4xx_ll_usb.o(i.USB_EnableGlobalInt)
    USB_FlushRxFifo                          0x08004389   Thumb Code    28  stm32f4xx_ll_usb.o(i.USB_FlushRxFifo)
    USB_FlushTxFifo                          0x080043a9   Thumb Code    32  stm32f4xx_ll_usb.o(i.USB_FlushTxFifo)
    USB_GetCurrentFrame                      0x080043cd   Thumb Code     8  stm32f4xx_ll_usb.o(i.USB_GetCurrentFrame)
    USB_GetHostSpeed                         0x080043d5   Thumb Code    16  stm32f4xx_ll_usb.o(i.USB_GetHostSpeed)
    USB_GetMode                              0x080043e5   Thumb Code     8  stm32f4xx_ll_usb.o(i.USB_GetMode)
    USB_HC_Halt                              0x080043ed   Thumb Code   196  stm32f4xx_ll_usb.o(i.USB_HC_Halt)
    USB_HC_Init                              0x080044b1   Thumb Code   272  stm32f4xx_ll_usb.o(i.USB_HC_Init)
    USB_HC_ReadInterrupt                     0x080045c1   Thumb Code     8  stm32f4xx_ll_usb.o(i.USB_HC_ReadInterrupt)
    USB_HC_StartXfer                         0x080045c9   Thumb Code   326  stm32f4xx_ll_usb.o(i.USB_HC_StartXfer)
    USB_HostInit                             0x08004715   Thumb Code   204  stm32f4xx_ll_usb.o(i.USB_HostInit)
    USB_InitFSLSPClkSel                      0x080047f5   Thumb Code    58  stm32f4xx_ll_usb.o(i.USB_InitFSLSPClkSel)
    USB_ReadInterrupts                       0x0800482f   Thumb Code     8  stm32f4xx_ll_usb.o(i.USB_ReadInterrupts)
    USB_ReadPacket                           0x08004837   Thumb Code    30  stm32f4xx_ll_usb.o(i.USB_ReadPacket)
    USB_ResetPort                            0x08004855   Thumb Code    52  stm32f4xx_ll_usb.o(i.USB_ResetPort)
    USB_SetCurrentMode                       0x08004889   Thumb Code    48  stm32f4xx_ll_usb.o(i.USB_SetCurrentMode)
    USB_StopHost                             0x080048b9   Thumb Code   128  stm32f4xx_ll_usb.o(i.USB_StopHost)
    USB_WritePacket                          0x08004939   Thumb Code    38  stm32f4xx_ll_usb.o(i.USB_WritePacket)
    UsageFault_Handler                       0x0800495f   Thumb Code     2  stm32f4xx_it.o(i.UsageFault_Handler)
    MX_TIM3_Init()                           0x08004a79   Thumb Code    94  tim_delay.o(i._Z12MX_TIM3_Initv)
    Error_Handler()                          0x08004ae1   Thumb Code     2  tim_delay.o(i._Z13Error_Handlerv)
    SystemClock_Config()                     0x08004ae5   Thumb Code   166  main.o(i._Z18SystemClock_Configv)
    delay(unsigned short)                    0x08004bcd   Thumb Code    18  tim_delay.o(i._Z5delayt)
    TIM_Start()                              0x08004be5   Thumb Code     6  tim_delay.o(i._Z9TIM_Startv)
    gpio::Set_Pin_Input(GPIO_TypeDef*, unsigned short) 0x08004bf1   Thumb Code    36  gpio_functions.o(i._ZN4gpio13Set_Pin_InputEP12GPIO_TypeDeft)
    gpio::Set_Pin_Output(GPIO_TypeDef*, unsigned short) 0x08004c15   Thumb Code    38  gpio_functions.o(i._ZN4gpio14Set_Pin_OutputEP12GPIO_TypeDeft)
    DHT22::Check_Response()                  0x08004c3b   Thumb Code    62  dht22.o(i._ZN5DHT2214Check_ResponseEv)
    DHT22::GetMeasurement(float*, float*)    0x08004c79   Thumb Code    98  dht22.o(i._ZN5DHT2214GetMeasurementEPfS0_)
    DHT22::Read()                            0x08004ce1   Thumb Code    88  dht22.o(i._ZN5DHT224ReadEv)
    DHT22::Start()                           0x08004d39   Thumb Code    58  dht22.o(i._ZN5DHT225StartEv)
    DHT22::parse(unsigned char*, float*, float*) 0x08004d75   Thumb Code   112  dht22.o(i._ZN5DHT225parseEPhPfS1_)
    DHT22::DHT22(unsigned short, GPIO_TypeDef*) 0x08004ded   Thumb Code    10  dht22.o(i._ZN5DHT22C1EtP12GPIO_TypeDef)
    DHT22::DHT22__sub_object(unsigned short, GPIO_TypeDef*) 0x08004ded   Thumb Code     0  dht22.o(i._ZN5DHT22C1EtP12GPIO_TypeDef)
    disk_initialize                          0x08005389   Thumb Code    38  diskio.o(i.disk_initialize)
    disk_ioctl                               0x080053b5   Thumb Code    22  diskio.o(i.disk_ioctl)
    disk_read                                0x080053d1   Thumb Code    24  diskio.o(i.disk_read)
    disk_status                              0x080053ed   Thumb Code    18  diskio.o(i.disk_status)
    disk_write                               0x08005405   Thumb Code    24  diskio.o(i.disk_write)
    f_close                                  0x08005449   Thumb Code    42  ff.o(i.f_close)
    f_mount                                  0x08005475   Thumb Code    90  ff.o(i.f_mount)
    f_open                                   0x080054d5   Thumb Code   498  ff.o(i.f_open)
    f_puts                                   0x080056c7   Thumb Code    38  ff.o(i.f_puts)
    f_stat                                   0x080056ed   Thumb Code    60  ff.o(i.f_stat)
    f_sync                                   0x08005729   Thumb Code   144  ff.o(i.f_sync)
    f_write                                  0x080057b9   Thumb Code   432  ff.o(i.f_write)
    get_fattime                              0x08005d21   Thumb Code     4  fatfs.o(i.get_fattime)
    main                                     0x08005ea1   Thumb Code    64  main.o(i.main)
    userFunction                             0x08006259   Thumb Code   114  usb_host.o(i.userFunction)
    __aeabi_d2f                              0x08006341   Thumb Code     0  d2f.o(x$fpl$d2f)
    _d2f                                     0x08006341   Thumb Code    98  d2f.o(x$fpl$d2f)
    __aeabi_ddiv                             0x080063a5   Thumb Code     0  ddiv.o(x$fpl$ddiv)
    _ddiv                                    0x080063a5   Thumb Code   552  ddiv.o(x$fpl$ddiv)
    __aeabi_ui2d                             0x08006655   Thumb Code     0  dflt_clz.o(x$fpl$dfltu)
    _dfltu                                   0x08006655   Thumb Code    38  dflt_clz.o(x$fpl$dfltu)
    __fpl_dnaninf                            0x0800667b   Thumb Code   156  dnaninf.o(x$fpl$dnaninf)
    __fpl_dretinf                            0x08006717   Thumb Code    12  dretinf.o(x$fpl$dretinf)
    _fp_init                                 0x08006723   Thumb Code    10  fpinit.o(x$fpl$fpinit)
    __fplib_config_fpu_vfp                   0x0800672b   Thumb Code     0  fpinit.o(x$fpl$fpinit)
    __fplib_config_pureend_doubles           0x0800672b   Thumb Code     0  fpinit.o(x$fpl$fpinit)
    __fpl_fretinf                            0x0800672d   Thumb Code    10  fretinf.o(x$fpl$fretinf)
    __I$use$fp                               0x08006736   Number         0  usenofp.o(x$fpl$usenofp)
    USBH_Driver                              0x08006738   Data          20  usbh_diskio.o(.constdata)
    AHBPrescTable                            0x0800674c   Data          16  system_stm32f4xx.o(.constdata)
    APBPrescTable                            0x0800675c   Data           8  system_stm32f4xx.o(.constdata)
    vtable for DHT22                         0x08006800   Data          28  dht22.o(.constdata__ZTV5DHT22)
    Region$$Table$$Base                      0x08006820   Number         0  anon$$obj.o(Region$$Table)
    Region$$Table$$Limit                     0x08006840   Number         0  anon$$obj.o(Region$$Table)
    retUSBH                                  0x20000000   Data           1  fatfs.o(.data)
    USBHPath                                 0x20000001   Data           4  fatfs.o(.data)
    Appli_state                              0x20000005   Data           1  usb_host.o(.data)
    isMounted                                0x20000006   Data           1  usb_host.o(.data)
    name                                     0x20000007   Data          30  usb_host.o(.data)
    uwTickFreq                               0x2000002c   Data           1  stm32f4xx_hal.o(.data)
    uwTickPrio                               0x20000030   Data           4  stm32f4xx_hal.o(.data)
    uwTick                                   0x20000034   Data           4  stm32f4xx_hal.o(.data)
    SystemCoreClock                          0x20000038   Data           4  system_stm32f4xx.o(.data)
    USBH_msc                                 0x20000044   Data          32  usbh_msc.o(.data)
    huart3                                   0x20000064   Data          64  main.o(.bss)
    hUsbHostFS                               0x200000a4   Data         984  usb_host.o(.bss)
    USBH_fatfs                               0x2000047c   Data         560  usb_host.o(.bss)
    MyFile                                   0x200006ac   Data         560  usb_host.o(.bss)
    fno                                      0x200008dc   Data          24  usb_host.o(.bss)
    hhcd_USB_OTG_FS                          0x200008f4   Data         708  usbh_conf.o(.bss)
    disk                                     0x20000bd8   Data          12  ff_gen_drv.o(.bss)
    __libspace_start                         0x20000c24   Data          96  libspace.o(.bss)
    __temporary_stack_top$libspace           0x20000c84   Data           0  libspace.o(.bss)



==============================================================================

Memory Map of the image

  Image Entry point : 0x080001d9

  Load Region LR_IROM1 (Base: 0x08000000, Size: 0x000068a4, Max: 0x00180000, ABSOLUTE)

    Execution Region ER_IROM1 (Exec base: 0x08000000, Load base: 0x08000000, Size: 0x00006840, Max: 0x00180000, ABSOLUTE)

    Exec Addr    Load Addr    Size         Type   Attr      Idx    E Section Name        Object

    0x08000000   0x08000000   0x000001d8   Data   RO            3    RESET               startup_stm32f413xx.o
    0x080001d8   0x080001d8   0x00000008   Code   RO         5393  * !!!main             c_w.l(__main.o)
    0x080001e0   0x080001e0   0x00000034   Code   RO         5772    !!!scatter          c_w.l(__scatter.o)
    0x08000214   0x08000214   0x0000001a   Code   RO         5774    !!handler_copy      c_w.l(__scatter_copy.o)
    0x0800022e   0x0800022e   0x00000002   PAD
    0x08000230   0x08000230   0x0000001c   Code   RO         5776    !!handler_zi        c_w.l(__scatter_zi.o)
    0x0800024c   0x0800024c   0x00000002   Code   RO         5704    .ARM.Collect$$libinit$$00000000  c_w.l(libinit.o)
    0x0800024e   0x0800024e   0x00000004   Code   RO         5550    .ARM.Collect$$libinit$$00000001  c_w.l(libinit2.o)
    0x08000252   0x08000252   0x00000000   Code   RO         5553    .ARM.Collect$$libinit$$00000004  c_w.l(libinit2.o)
    0x08000252   0x08000252   0x00000008   Code   RO         5554    .ARM.Collect$$libinit$$00000005  c_w.l(libinit2.o)
    0x0800025a   0x0800025a   0x00000000   Code   RO         5556    .ARM.Collect$$libinit$$0000000A  c_w.l(libinit2.o)
    0x0800025a   0x0800025a   0x00000000   Code   RO         5558    .ARM.Collect$$libinit$$0000000C  c_w.l(libinit2.o)
    0x0800025a   0x0800025a   0x00000000   Code   RO         5560    .ARM.Collect$$libinit$$0000000E  c_w.l(libinit2.o)
    0x0800025a   0x0800025a   0x00000000   Code   RO         5563    .ARM.Collect$$libinit$$00000011  c_w.l(libinit2.o)
    0x0800025a   0x0800025a   0x00000000   Code   RO         5565    .ARM.Collect$$libinit$$00000013  c_w.l(libinit2.o)
    0x0800025a   0x0800025a   0x00000000   Code   RO         5567    .ARM.Collect$$libinit$$00000015  c_w.l(libinit2.o)
    0x0800025a   0x0800025a   0x00000000   Code   RO         5569    .ARM.Collect$$libinit$$00000017  c_w.l(libinit2.o)
    0x0800025a   0x0800025a   0x00000000   Code   RO         5571    .ARM.Collect$$libinit$$00000019  c_w.l(libinit2.o)
    0x0800025a   0x0800025a   0x00000000   Code   RO         5573    .ARM.Collect$$libinit$$0000001B  c_w.l(libinit2.o)
    0x0800025a   0x0800025a   0x00000000   Code   RO         5575    .ARM.Collect$$libinit$$0000001D  c_w.l(libinit2.o)
    0x0800025a   0x0800025a   0x00000000   Code   RO         5577    .ARM.Collect$$libinit$$0000001F  c_w.l(libinit2.o)
    0x0800025a   0x0800025a   0x00000000   Code   RO         5579    .ARM.Collect$$libinit$$00000021  c_w.l(libinit2.o)
    0x0800025a   0x0800025a   0x00000000   Code   RO         5581    .ARM.Collect$$libinit$$00000023  c_w.l(libinit2.o)
    0x0800025a   0x0800025a   0x00000000   Code   RO         5583    .ARM.Collect$$libinit$$00000025  c_w.l(libinit2.o)
    0x0800025a   0x0800025a   0x00000000   Code   RO         5587    .ARM.Collect$$libinit$$0000002C  c_w.l(libinit2.o)
    0x0800025a   0x0800025a   0x00000000   Code   RO         5589    .ARM.Collect$$libinit$$0000002E  c_w.l(libinit2.o)
    0x0800025a   0x0800025a   0x00000000   Code   RO         5591    .ARM.Collect$$libinit$$00000030  c_w.l(libinit2.o)
    0x0800025a   0x0800025a   0x00000000   Code   RO         5593    .ARM.Collect$$libinit$$00000032  c_w.l(libinit2.o)
    0x0800025a   0x0800025a   0x00000002   Code   RO         5594    .ARM.Collect$$libinit$$00000033  c_w.l(libinit2.o)
    0x0800025c   0x0800025c   0x00000002   Code   RO         5769    .ARM.Collect$$libshutdown$$00000000  c_w.l(libshutdown.o)
    0x0800025e   0x0800025e   0x00000000   Code   RO         5727    .ARM.Collect$$libshutdown$$00000002  c_w.l(libshutdown2.o)
    0x0800025e   0x0800025e   0x00000000   Code   RO         5729    .ARM.Collect$$libshutdown$$00000004  c_w.l(libshutdown2.o)
    0x0800025e   0x0800025e   0x00000000   Code   RO         5732    .ARM.Collect$$libshutdown$$00000007  c_w.l(libshutdown2.o)
    0x0800025e   0x0800025e   0x00000000   Code   RO         5735    .ARM.Collect$$libshutdown$$0000000A  c_w.l(libshutdown2.o)
    0x0800025e   0x0800025e   0x00000000   Code   RO         5737    .ARM.Collect$$libshutdown$$0000000C  c_w.l(libshutdown2.o)
    0x0800025e   0x0800025e   0x00000000   Code   RO         5740    .ARM.Collect$$libshutdown$$0000000F  c_w.l(libshutdown2.o)
    0x0800025e   0x0800025e   0x00000002   Code   RO         5741    .ARM.Collect$$libshutdown$$00000010  c_w.l(libshutdown2.o)
    0x08000260   0x08000260   0x00000000   Code   RO         5518    .ARM.Collect$$rtentry$$00000000  c_w.l(__rtentry.o)
    0x08000260   0x08000260   0x00000000   Code   RO         5621    .ARM.Collect$$rtentry$$00000002  c_w.l(__rtentry2.o)
    0x08000260   0x08000260   0x00000006   Code   RO         5633    .ARM.Collect$$rtentry$$00000004  c_w.l(__rtentry4.o)
    0x08000266   0x08000266   0x00000000   Code   RO         5623    .ARM.Collect$$rtentry$$00000009  c_w.l(__rtentry2.o)
    0x08000266   0x08000266   0x00000004   Code   RO         5624    .ARM.Collect$$rtentry$$0000000A  c_w.l(__rtentry2.o)
    0x0800026a   0x0800026a   0x00000000   Code   RO         5626    .ARM.Collect$$rtentry$$0000000C  c_w.l(__rtentry2.o)
    0x0800026a   0x0800026a   0x00000008   Code   RO         5627    .ARM.Collect$$rtentry$$0000000D  c_w.l(__rtentry2.o)
    0x08000272   0x08000272   0x00000002   Code   RO         5710    .ARM.Collect$$rtexit$$00000000  c_w.l(rtexit.o)
    0x08000274   0x08000274   0x00000000   Code   RO         5745    .ARM.Collect$$rtexit$$00000002  c_w.l(rtexit2.o)
    0x08000274   0x08000274   0x00000004   Code   RO         5746    .ARM.Collect$$rtexit$$00000003  c_w.l(rtexit2.o)
    0x08000278   0x08000278   0x00000006   Code   RO         5747    .ARM.Collect$$rtexit$$00000004  c_w.l(rtexit2.o)
    0x0800027e   0x0800027e   0x00000002   PAD
    0x08000280   0x08000280   0x00000000   Code   RO         5639    .emb_text           c_w.l(maybetermalloc1.o)
    0x08000280   0x08000280   0x00000040   Code   RO            4    .text               startup_stm32f413xx.o
    0x080002c0   0x080002c0   0x0000005e   Code   RO         5323    .text               c_w.l(h1_alloc.o)
    0x0800031e   0x0800031e   0x0000004e   Code   RO         5325    .text               c_w.l(h1_free.o)
    0x0800036c   0x0800036c   0x000000ee   Code   RO         5381    .text               c_w.l(lludivv7m.o)
    0x0800045a   0x0800045a   0x0000008a   Code   RO         5383    .text               c_w.l(rt_memcpy_v6.o)
    0x080004e4   0x080004e4   0x00000064   Code   RO         5385    .text               c_w.l(rt_memcpy_w.o)
    0x08000548   0x08000548   0x00000044   Code   RO         5387    .text               c_w.l(rt_memclr.o)
    0x0800058c   0x0800058c   0x0000004e   Code   RO         5389    .text               c_w.l(rt_memclr_w.o)
    0x080005da   0x080005da   0x00000006   Code   RO         5391    .text               c_w.l(heapauxi.o)
    0x080005e0   0x080005e0   0x00000008   Code   RO         5526    .text               c_w.l(rt_heap_descriptor_intlibspace.o)
    0x080005e8   0x080005e8   0x00000004   Code   RO         5528    .text               c_w.l(hguard.o)
    0x080005ec   0x080005ec   0x0000008a   Code   RO         5530    .text               c_w.l(init_alloc.o)
    0x08000676   0x08000676   0x0000000e   Code   RO         5534    .text               c_w.l(h1_init.o)
    0x08000684   0x08000684   0x00000008   Code   RO         5617    .text               c_w.l(libspace.o)
    0x0800068c   0x0800068c   0x00000034   Code   RO         5641    .text               c_w.l(h1_extend.o)
    0x080006c0   0x080006c0   0x0000000e   Code   RO         5645    .text               c_w.l(defsig_rtmem_outer.o)
    0x080006ce   0x080006ce   0x00000002   Code   RO         5669    .text               c_w.l(use_no_semi.o)
    0x080006d0   0x080006d0   0x00000000   Code   RO         5671    .text               c_w.l(indicate_semi.o)
    0x080006d0   0x080006d0   0x0000004a   Code   RO         5672    .text               c_w.l(sys_stackheap_outer.o)
    0x0800071a   0x0800071a   0x00000012   Code   RO         5683    .text               c_w.l(exit.o)
    0x0800072c   0x0800072c   0x0000000a   Code   RO         5687    .text               c_w.l(defsig_exit.o)
    0x08000736   0x08000736   0x00000002   PAD
    0x08000738   0x08000738   0x00000050   Code   RO         5693    .text               c_w.l(defsig_rtmem_inner.o)
    0x08000788   0x08000788   0x0000000c   Code   RO         5708    .text               c_w.l(sys_exit.o)
    0x08000794   0x08000794   0x00000032   Code   RO         5718    .text               c_w.l(defsig_general.o)
    0x080007c6   0x080007c6   0x0000000e   Code   RO         5742    .text               c_w.l(sys_wrch.o)
    0x080007d4   0x080007d4   0x00000002   Code   RO          762    i.BusFault_Handler  stm32f4xx_it.o
    0x080007d6   0x080007d6   0x0000004e   Code   RO         4581    i.DeInitStateMachine  usbh_core.o
    0x08000824   0x08000824   0x00000002   Code   RO          763    i.DebugMon_Handler  stm32f4xx_it.o
    0x08000826   0x08000826   0x00000002   Code   RO           13    i.Error_Handler     main.o
    0x08000828   0x08000828   0x00000006   Code   RO         4507    i.FATFS_LinkDriver  ff_gen_drv.o
    0x0800082e   0x0800082e   0x00000002   PAD
    0x08000830   0x08000830   0x00000040   Code   RO         4508    i.FATFS_LinkDriverEx  ff_gen_drv.o
    0x08000870   0x08000870   0x00000024   Code   RO         2475    i.HAL_Delay         stm32f4xx_hal.o
    0x08000894   0x08000894   0x000001a4   Code   RO         1925    i.HAL_GPIO_Init     stm32f4xx_hal_gpio.o
    0x08000a38   0x08000a38   0x0000000e   Code   RO         1927    i.HAL_GPIO_ReadPin  stm32f4xx_hal_gpio.o
    0x08000a46   0x08000a46   0x0000000e   Code   RO         1929    i.HAL_GPIO_WritePin  stm32f4xx_hal_gpio.o
    0x08000a54   0x08000a54   0x0000000c   Code   RO         2481    i.HAL_GetTick       stm32f4xx_hal.o
    0x08000a60   0x08000a60   0x00000008   Code   RO          557    i.HAL_HCD_Connect_Callback  usbh_conf.o
    0x08000a68   0x08000a68   0x00000008   Code   RO          558    i.HAL_HCD_Disconnect_Callback  usbh_conf.o
    0x08000a70   0x08000a70   0x00000006   Code   RO          895    i.HAL_HCD_GetCurrentFrame  stm32f4xx_hal_hcd.o
    0x08000a76   0x08000a76   0x00000006   Code   RO          896    i.HAL_HCD_GetCurrentSpeed  stm32f4xx_hal_hcd.o
    0x08000a7c   0x08000a7c   0x0000000e   Code   RO          899    i.HAL_HCD_HC_GetURBState  stm32f4xx_hal_hcd.o
    0x08000a8a   0x08000a8a   0x0000000c   Code   RO          900    i.HAL_HCD_HC_GetXferCount  stm32f4xx_hal_hcd.o
    0x08000a96   0x08000a96   0x00000024   Code   RO          901    i.HAL_HCD_HC_Halt   stm32f4xx_hal_hcd.o
    0x08000aba   0x08000aba   0x00000068   Code   RO          902    i.HAL_HCD_HC_Init   stm32f4xx_hal_hcd.o
    0x08000b22   0x08000b22   0x00000002   Code   RO          559    i.HAL_HCD_HC_NotifyURBChange_Callback  usbh_conf.o
    0x08000b24   0x08000b24   0x000000de   Code   RO          904    i.HAL_HCD_HC_SubmitRequest  stm32f4xx_hal_hcd.o
    0x08000c02   0x08000c02   0x00000132   Code   RO          905    i.HAL_HCD_IRQHandler  stm32f4xx_hal_hcd.o
    0x08000d34   0x08000d34   0x00000074   Code   RO          906    i.HAL_HCD_Init      stm32f4xx_hal_hcd.o
    0x08000da8   0x08000da8   0x00000094   Code   RO          561    i.HAL_HCD_MspInit   usbh_conf.o
    0x08000e3c   0x08000e3c   0x00000008   Code   RO          562    i.HAL_HCD_PortDisabled_Callback  usbh_conf.o
    0x08000e44   0x08000e44   0x00000008   Code   RO          563    i.HAL_HCD_PortEnabled_Callback  usbh_conf.o
    0x08000e4c   0x08000e4c   0x00000006   Code   RO          911    i.HAL_HCD_ResetPort  stm32f4xx_hal_hcd.o
    0x08000e52   0x08000e52   0x00000008   Code   RO          564    i.HAL_HCD_SOF_Callback  usbh_conf.o
    0x08000e5a   0x08000e5a   0x0000002c   Code   RO          913    i.HAL_HCD_Start     stm32f4xx_hal_hcd.o
    0x08000e86   0x08000e86   0x00000024   Code   RO          914    i.HAL_HCD_Stop      stm32f4xx_hal_hcd.o
    0x08000eaa   0x08000eaa   0x00000002   PAD
    0x08000eac   0x08000eac   0x00000010   Code   RO         2487    i.HAL_IncTick       stm32f4xx_hal.o
    0x08000ebc   0x08000ebc   0x00000034   Code   RO         2488    i.HAL_Init          stm32f4xx_hal.o
    0x08000ef0   0x08000ef0   0x00000044   Code   RO         2489    i.HAL_InitTick      stm32f4xx_hal.o
    0x08000f34   0x08000f34   0x00000030   Code   RO          844    i.HAL_MspInit       stm32f4xx_hal_msp.o
    0x08000f64   0x08000f64   0x0000001a   Code   RO         2338    i.HAL_NVIC_EnableIRQ  stm32f4xx_hal_cortex.o
    0x08000f7e   0x08000f7e   0x00000002   PAD
    0x08000f80   0x08000f80   0x00000040   Code   RO         2344    i.HAL_NVIC_SetPriority  stm32f4xx_hal_cortex.o
    0x08000fc0   0x08000fc0   0x00000024   Code   RO         2345    i.HAL_NVIC_SetPriorityGrouping  stm32f4xx_hal_cortex.o
    0x08000fe4   0x08000fe4   0x00000354   Code   RO         1579    i.HAL_RCCEx_PeriphCLKConfig  stm32f4xx_hal_rcc_ex.o
    0x08001338   0x08001338   0x0000014c   Code   RO         1474    i.HAL_RCC_ClockConfig  stm32f4xx_hal_rcc.o
    0x08001484   0x08001484   0x0000000c   Code   RO         1479    i.HAL_RCC_GetHCLKFreq  stm32f4xx_hal_rcc.o
    0x08001490   0x08001490   0x00000020   Code   RO         1481    i.HAL_RCC_GetPCLK1Freq  stm32f4xx_hal_rcc.o
    0x080014b0   0x080014b0   0x00000020   Code   RO         1482    i.HAL_RCC_GetPCLK2Freq  stm32f4xx_hal_rcc.o
    0x080014d0   0x080014d0   0x00000068   Code   RO         1483    i.HAL_RCC_GetSysClockFreq  stm32f4xx_hal_rcc.o
    0x08001538   0x08001538   0x0000038c   Code   RO         1583    i.HAL_RCC_OscConfig  stm32f4xx_hal_rcc_ex.o
    0x080018c4   0x080018c4   0x00000028   Code   RO         2349    i.HAL_SYSTICK_Config  stm32f4xx_hal_cortex.o
    0x080018ec   0x080018ec   0x00000090   Code   RO         3432    i.HAL_TIMEx_MasterConfigSynchronization  stm32f4xx_hal_tim_ex.o
    0x0800197c   0x0800197c   0x00000038   Code   RO         2728    i.HAL_TIM_Base_Init  stm32f4xx_hal_tim.o
    0x080019b4   0x080019b4   0x00000028   Code   RO          846    i.HAL_TIM_Base_MspInit  stm32f4xx_hal_msp.o
    0x080019dc   0x080019dc   0x00000024   Code   RO         2731    i.HAL_TIM_Base_Start  stm32f4xx_hal_tim.o
    0x08001a00   0x08001a00   0x000000e2   Code   RO         2737    i.HAL_TIM_ConfigClockSource  stm32f4xx_hal_tim.o
    0x08001ae2   0x08001ae2   0x00000064   Code   RO         3690    i.HAL_UART_Init     stm32f4xx_hal_uart.o
    0x08001b46   0x08001b46   0x00000002   PAD
    0x08001b48   0x08001b48   0x0000006c   Code   RO          848    i.HAL_UART_MspInit  stm32f4xx_hal_msp.o
    0x08001bb4   0x08001bb4   0x000000d2   Code   RO         3698    i.HAL_UART_Transmit  stm32f4xx_hal_uart.o
    0x08001c86   0x08001c86   0x000002ae   Code   RO          915    i.HCD_HC_IN_IRQHandler  stm32f4xx_hal_hcd.o
    0x08001f34   0x08001f34   0x00000242   Code   RO          916    i.HCD_HC_OUT_IRQHandler  stm32f4xx_hal_hcd.o
    0x08002176   0x08002176   0x000000a0   Code   RO          917    i.HCD_Port_IRQHandler  stm32f4xx_hal_hcd.o
    0x08002216   0x08002216   0x00000002   PAD
    0x08002218   0x08002218   0x00000070   Code   RO          918    i.HCD_RXQLVL_IRQHandler  stm32f4xx_hal_hcd.o
    0x08002288   0x08002288   0x00000002   Code   RO          764    i.HardFault_Handler  stm32f4xx_it.o
    0x0800228a   0x0800228a   0x00000002   PAD
    0x0800228c   0x0800228c   0x0000001c   Code   RO          459    i.MX_FATFS_Init     fatfs.o
    0x080022a8   0x080022a8   0x00000040   Code   RO          501    i.MX_USB_HOST_Init  usb_host.o
    0x080022e8   0x080022e8   0x0000000c   Code   RO          502    i.MX_USB_HOST_Process  usb_host.o
    0x080022f4   0x080022f4   0x00000002   Code   RO          765    i.MemManage_Handler  stm32f4xx_it.o
    0x080022f6   0x080022f6   0x00000002   Code   RO          766    i.NMI_Handler       stm32f4xx_it.o
    0x080022f8   0x080022f8   0x0000000c   Code   RO          767    i.OTG_FS_IRQHandler  stm32f4xx_it.o
    0x08002304   0x08002304   0x00000002   Code   RO          768    i.PendSV_Handler    stm32f4xx_it.o
    0x08002306   0x08002306   0x00000002   Code   RO          769    i.SVC_Handler       stm32f4xx_it.o
    0x08002308   0x08002308   0x00000004   Code   RO          770    i.SysTick_Handler   stm32f4xx_it.o
    0x0800230c   0x0800230c   0x0000001c   Code   RO         3997    i.SystemInit        system_stm32f4xx.o
    0x08002328   0x08002328   0x000000cc   Code   RO         2816    i.TIM_Base_SetConfig  stm32f4xx_hal_tim.o
    0x080023f4   0x080023f4   0x00000014   Code   RO         2827    i.TIM_ETR_SetConfig  stm32f4xx_hal_tim.o
    0x08002408   0x08002408   0x00000010   Code   RO         2828    i.TIM_ITRx_SetConfig  stm32f4xx_hal_tim.o
    0x08002418   0x08002418   0x00000022   Code   RO         2834    i.TIM_TI1_ConfigInputStage  stm32f4xx_hal_tim.o
    0x0800243a   0x0800243a   0x00000024   Code   RO         2836    i.TIM_TI2_ConfigInputStage  stm32f4xx_hal_tim.o
    0x0800245e   0x0800245e   0x00000002   PAD
    0x08002460   0x08002460   0x000001fc   Code   RO         3717    i.UART_SetConfig    stm32f4xx_hal_uart.o
    0x0800265c   0x0800265c   0x00000064   Code   RO         3719    i.UART_WaitOnFlagUntilTimeout  stm32f4xx_hal_uart.o
    0x080026c0   0x080026c0   0x00000028   Code   RO         4921    i.USBH_AllocPipe    usbh_pipes.o
    0x080026e8   0x080026e8   0x00000020   Code   RO         4849    i.USBH_BulkReceiveData  usbh_ioreq.o
    0x08002708   0x08002708   0x0000002c   Code   RO         4850    i.USBH_BulkSendData  usbh_ioreq.o
    0x08002734   0x08002734   0x0000000a   Code   RO         4922    i.USBH_ClosePipe    usbh_pipes.o
    0x0800273e   0x0800273e   0x0000001e   Code   RO         4735    i.USBH_ClrFeature   usbh_ctlreq.o
    0x0800275c   0x0800275c   0x00000020   Code   RO         4851    i.USBH_CtlReceiveData  usbh_ioreq.o
    0x0800277c   0x0800277c   0x0000003a   Code   RO         4736    i.USBH_CtlReq       usbh_ctlreq.o
    0x080027b6   0x080027b6   0x0000002c   Code   RO         4852    i.USBH_CtlSendData  usbh_ioreq.o
    0x080027e2   0x080027e2   0x0000001e   Code   RO         4853    i.USBH_CtlSendSetup  usbh_ioreq.o
    0x08002800   0x08002800   0x00000004   Code   RO          565    i.USBH_Delay        usbh_conf.o
    0x08002804   0x08002804   0x00000044   Code   RO         4583    i.USBH_FindInterface  usbh_core.o
    0x08002848   0x08002848   0x00000018   Code   RO         4923    i.USBH_FreePipe     usbh_pipes.o
    0x08002860   0x08002860   0x00000038   Code   RO         4737    i.USBH_GetDescriptor  usbh_ctlreq.o
    0x08002898   0x08002898   0x0000001e   Code   RO         4924    i.USBH_GetFreePipe  usbh_pipes.o
    0x080028b6   0x080028b6   0x0000000e   Code   RO         4738    i.USBH_GetNextDesc  usbh_ctlreq.o
    0x080028c4   0x080028c4   0x0000002e   Code   RO         4739    i.USBH_Get_CfgDesc  usbh_ctlreq.o
    0x080028f2   0x080028f2   0x0000002e   Code   RO         4740    i.USBH_Get_DevDesc  usbh_ctlreq.o
    0x08002920   0x08002920   0x0000002a   Code   RO         4741    i.USBH_Get_StringDesc  usbh_ctlreq.o
    0x0800294a   0x0800294a   0x00000024   Code   RO          566    i.USBH_Get_USB_Status  usbh_conf.o
    0x0800296e   0x0800296e   0x000001c2   Code   RO         4742    i.USBH_HandleControl  usbh_ctlreq.o
    0x08002b30   0x08002b30   0x00000226   Code   RO         4586    i.USBH_HandleEnum   usbh_core.o
    0x08002d56   0x08002d56   0x00000014   Code   RO         4587    i.USBH_HandleSof    usbh_core.o
    0x08002d6a   0x08002d6a   0x00000042   Code   RO         4588    i.USBH_Init         usbh_core.o
    0x08002dac   0x08002dac   0x00000012   Code   RO          567    i.USBH_LL_ClosePipe  usbh_conf.o
    0x08002dbe   0x08002dbe   0x00000012   Code   RO         4590    i.USBH_LL_Connect   usbh_core.o
    0x08002dd0   0x08002dd0   0x0000002e   Code   RO         4591    i.USBH_LL_Disconnect  usbh_core.o
    0x08002dfe   0x08002dfe   0x00000002   PAD
    0x08002e00   0x08002e00   0x00000024   Code   RO          569    i.USBH_LL_DriverVBUS  usbh_conf.o
    0x08002e24   0x08002e24   0x00000008   Code   RO          570    i.USBH_LL_GetLastXferSize  usbh_conf.o
    0x08002e2c   0x08002e2c   0x00000022   Code   RO          571    i.USBH_LL_GetSpeed  usbh_conf.o
    0x08002e4e   0x08002e4e   0x00000020   Code   RO          572    i.USBH_LL_GetToggle  usbh_conf.o
    0x08002e6e   0x08002e6e   0x00000008   Code   RO          573    i.USBH_LL_GetURBState  usbh_conf.o
    0x08002e76   0x08002e76   0x0000000e   Code   RO         4592    i.USBH_LL_IncTimer  usbh_core.o
    0x08002e84   0x08002e84   0x00000050   Code   RO          574    i.USBH_LL_Init      usbh_conf.o
    0x08002ed4   0x08002ed4   0x0000001e   Code   RO          575    i.USBH_LL_OpenPipe  usbh_conf.o
    0x08002ef2   0x08002ef2   0x00000008   Code   RO         4593    i.USBH_LL_PortDisabled  usbh_core.o
    0x08002efa   0x08002efa   0x00000008   Code   RO         4594    i.USBH_LL_PortEnabled  usbh_core.o
    0x08002f02   0x08002f02   0x00000012   Code   RO          576    i.USBH_LL_ResetPort  usbh_conf.o
    0x08002f14   0x08002f14   0x00000006   Code   RO         4595    i.USBH_LL_SetTimer  usbh_core.o
    0x08002f1a   0x08002f1a   0x00000022   Code   RO          577    i.USBH_LL_SetToggle  usbh_conf.o
    0x08002f3c   0x08002f3c   0x00000012   Code   RO          578    i.USBH_LL_Start     usbh_conf.o
    0x08002f4e   0x08002f4e   0x00000012   Code   RO          579    i.USBH_LL_Stop      usbh_conf.o
    0x08002f60   0x08002f60   0x00000026   Code   RO          580    i.USBH_LL_SubmitURB  usbh_conf.o
    0x08002f86   0x08002f86   0x00000024   Code   RO         5059    i.USBH_MSC_BOT_Abort  usbh_msc_bot.o
    0x08002faa   0x08002faa   0x00000002   PAD
    0x08002fac   0x08002fac   0x00000024   Code   RO         5060    i.USBH_MSC_BOT_Init  usbh_msc_bot.o
    0x08002fd0   0x08002fd0   0x00000226   Code   RO         5061    i.USBH_MSC_BOT_Process  usbh_msc_bot.o
    0x080031f6   0x080031f6   0x00000016   Code   RO         5062    i.USBH_MSC_BOT_REQ_GetMaxLUN  usbh_msc_bot.o
    0x0800320c   0x0800320c   0x00000018   Code   RO         5063    i.USBH_MSC_BOT_REQ_Reset  usbh_msc_bot.o
    0x08003224   0x08003224   0x00000078   Code   RO         4968    i.USBH_MSC_ClassRequest  usbh_msc.o
    0x0800329c   0x0800329c   0x0000004c   Code   RO         5064    i.USBH_MSC_DecodeCSW  usbh_msc_bot.o
    0x080032e8   0x080032e8   0x0000002e   Code   RO         4969    i.USBH_MSC_GetLUNInfo  usbh_msc.o
    0x08003316   0x08003316   0x0000004c   Code   RO         4971    i.USBH_MSC_InterfaceDeInit  usbh_msc.o
    0x08003362   0x08003362   0x00000100   Code   RO         4972    i.USBH_MSC_InterfaceInit  usbh_msc.o
    0x08003462   0x08003462   0x0000032c   Code   RO         4974    i.USBH_MSC_Process  usbh_msc.o
    0x0800378e   0x0800378e   0x000000b6   Code   RO         4975    i.USBH_MSC_RdWrProcess  usbh_msc.o
    0x08003844   0x08003844   0x0000008c   Code   RO         4976    i.USBH_MSC_Read     usbh_msc.o
    0x080038d0   0x080038d0   0x000000c8   Code   RO         5111    i.USBH_MSC_SCSI_Inquiry  usbh_msc_scsi.o
    0x08003998   0x08003998   0x0000007e   Code   RO         5112    i.USBH_MSC_SCSI_Read  usbh_msc_scsi.o
    0x08003a16   0x08003a16   0x00000086   Code   RO         5113    i.USBH_MSC_SCSI_ReadCapacity  usbh_msc_scsi.o
    0x08003a9c   0x08003a9c   0x00000086   Code   RO         5114    i.USBH_MSC_SCSI_RequestSense  usbh_msc_scsi.o
    0x08003b22   0x08003b22   0x0000004a   Code   RO         5115    i.USBH_MSC_SCSI_TestUnitReady  usbh_msc_scsi.o
    0x08003b6c   0x08003b6c   0x0000007e   Code   RO         5116    i.USBH_MSC_SCSI_Write  usbh_msc_scsi.o
    0x08003bea   0x08003bea   0x00000004   Code   RO         4977    i.USBH_MSC_SOFProcess  usbh_msc.o
    0x08003bee   0x08003bee   0x00000026   Code   RO         4978    i.USBH_MSC_UnitIsReady  usbh_msc.o
    0x08003c14   0x08003c14   0x0000008c   Code   RO         4979    i.USBH_MSC_Write    usbh_msc.o
    0x08003ca0   0x08003ca0   0x00000016   Code   RO         4925    i.USBH_OpenPipe     usbh_pipes.o
    0x08003cb6   0x08003cb6   0x000000b0   Code   RO         4743    i.USBH_ParseCfgDesc  usbh_ctlreq.o
    0x08003d66   0x08003d66   0x00000058   Code   RO         4744    i.USBH_ParseDevDesc  usbh_ctlreq.o
    0x08003dbe   0x08003dbe   0x00000020   Code   RO         4745    i.USBH_ParseEPDesc  usbh_ctlreq.o
    0x08003dde   0x08003dde   0x00000026   Code   RO         4746    i.USBH_ParseInterfaceDesc  usbh_ctlreq.o
    0x08003e04   0x08003e04   0x0000002e   Code   RO         4747    i.USBH_ParseStringDesc  usbh_ctlreq.o
    0x08003e32   0x08003e32   0x00000242   Code   RO         4596    i.USBH_Process      usbh_core.o
    0x08004074   0x08004074   0x00000022   Code   RO         4598    i.USBH_RegisterClass  usbh_core.o
    0x08004096   0x08004096   0x00000016   Code   RO         4599    i.USBH_SelectInterface  usbh_core.o
    0x080040ac   0x080040ac   0x0000001c   Code   RO         4748    i.USBH_SetAddress   usbh_ctlreq.o
    0x080040c8   0x080040c8   0x0000001c   Code   RO         4749    i.USBH_SetCfg       usbh_ctlreq.o
    0x080040e4   0x080040e4   0x0000001c   Code   RO         4750    i.USBH_SetFeature   usbh_ctlreq.o
    0x08004100   0x08004100   0x00000016   Code   RO         4600    i.USBH_Start        usbh_core.o
    0x08004116   0x08004116   0x00000002   PAD
    0x08004118   0x08004118   0x00000028   Code   RO          503    i.USBH_UserProcess  usb_host.o
    0x08004140   0x08004140   0x00000004   Code   RO          247    i.USBH_initialize   usbh_diskio.o
    0x08004144   0x08004144   0x00000070   Code   RO          248    i.USBH_ioctl        usbh_diskio.o
    0x080041b4   0x080041b4   0x00000044   Code   RO          249    i.USBH_read         usbh_diskio.o
    0x080041f8   0x080041f8   0x00000018   Code   RO          250    i.USBH_status       usbh_diskio.o
    0x08004210   0x08004210   0x0000004c   Code   RO          251    i.USBH_write        usbh_diskio.o
    0x0800425c   0x0800425c   0x00000080   Code   RO         1172    i.USB_CoreInit      stm32f4xx_ll_usb.o
    0x080042dc   0x080042dc   0x00000038   Code   RO         1173    i.USB_CoreReset     stm32f4xx_ll_usb.o
    0x08004314   0x08004314   0x0000000c   Code   RO         1180    i.USB_DisableGlobalInt  stm32f4xx_ll_usb.o
    0x08004320   0x08004320   0x00000020   Code   RO         1181    i.USB_DoPing        stm32f4xx_ll_usb.o
    0x08004340   0x08004340   0x0000003a   Code   RO         1182    i.USB_DriveVbus     stm32f4xx_ll_usb.o
    0x0800437a   0x0800437a   0x0000000c   Code   RO         1188    i.USB_EnableGlobalInt  stm32f4xx_ll_usb.o
    0x08004386   0x08004386   0x00000002   PAD
    0x08004388   0x08004388   0x00000020   Code   RO         1189    i.USB_FlushRxFifo   stm32f4xx_ll_usb.o
    0x080043a8   0x080043a8   0x00000024   Code   RO         1190    i.USB_FlushTxFifo   stm32f4xx_ll_usb.o
    0x080043cc   0x080043cc   0x00000008   Code   RO         1191    i.USB_GetCurrentFrame  stm32f4xx_ll_usb.o
    0x080043d4   0x080043d4   0x00000010   Code   RO         1193    i.USB_GetHostSpeed  stm32f4xx_ll_usb.o
    0x080043e4   0x080043e4   0x00000008   Code   RO         1194    i.USB_GetMode       stm32f4xx_ll_usb.o
    0x080043ec   0x080043ec   0x000000c4   Code   RO         1195    i.USB_HC_Halt       stm32f4xx_ll_usb.o
    0x080044b0   0x080044b0   0x00000110   Code   RO         1196    i.USB_HC_Init       stm32f4xx_ll_usb.o
    0x080045c0   0x080045c0   0x00000008   Code   RO         1197    i.USB_HC_ReadInterrupt  stm32f4xx_ll_usb.o
    0x080045c8   0x080045c8   0x0000014c   Code   RO         1198    i.USB_HC_StartXfer  stm32f4xx_ll_usb.o
    0x08004714   0x08004714   0x000000e0   Code   RO         1199    i.USB_HostInit      stm32f4xx_ll_usb.o
    0x080047f4   0x080047f4   0x0000003a   Code   RO         1200    i.USB_InitFSLSPClkSel  stm32f4xx_ll_usb.o
    0x0800482e   0x0800482e   0x00000008   Code   RO         1205    i.USB_ReadInterrupts  stm32f4xx_ll_usb.o
    0x08004836   0x08004836   0x0000001e   Code   RO         1206    i.USB_ReadPacket    stm32f4xx_ll_usb.o
    0x08004854   0x08004854   0x00000034   Code   RO         1207    i.USB_ResetPort     stm32f4xx_ll_usb.o
    0x08004888   0x08004888   0x00000030   Code   RO         1208    i.USB_SetCurrentMode  stm32f4xx_ll_usb.o
    0x080048b8   0x080048b8   0x00000080   Code   RO         1213    i.USB_StopHost      stm32f4xx_ll_usb.o
    0x08004938   0x08004938   0x00000026   Code   RO         1214    i.USB_WritePacket   stm32f4xx_ll_usb.o
    0x0800495e   0x0800495e   0x00000002   Code   RO          771    i.UsageFault_Handler  stm32f4xx_it.o
    0x08004960   0x08004960   0x00000118   Code   RO           14    i._Z12MX_GPIO_Initv  main.o
    0x08004a78   0x08004a78   0x00000068   Code   RO         5165    i._Z12MX_TIM3_Initv  tim_delay.o
    0x08004ae0   0x08004ae0   0x00000002   Code   RO         5166    i._Z13Error_Handlerv  tim_delay.o
    0x08004ae2   0x08004ae2   0x00000002   PAD
    0x08004ae4   0x08004ae4   0x000000b0   Code   RO           15    i._Z18SystemClock_Configv  main.o
    0x08004b94   0x08004b94   0x00000038   Code   RO           16    i._Z19MX_USART3_UART_Initv  main.o
    0x08004bcc   0x08004bcc   0x00000018   Code   RO         5167    i._Z5delayt         tim_delay.o
    0x08004be4   0x08004be4   0x0000000c   Code   RO         5168    i._Z9TIM_Startv     tim_delay.o
    0x08004bf0   0x08004bf0   0x00000024   Code   RO         5286    i._ZN4gpio13Set_Pin_InputEP12GPIO_TypeDeft  gpio_functions.o
    0x08004c14   0x08004c14   0x00000026   Code   RO         5287    i._ZN4gpio14Set_Pin_OutputEP12GPIO_TypeDeft  gpio_functions.o
    0x08004c3a   0x08004c3a   0x0000003e   Code   RO         5216    i._ZN5DHT2214Check_ResponseEv  dht22.o
    0x08004c78   0x08004c78   0x00000068   Code   RO         5217    i._ZN5DHT2214GetMeasurementEPfS0_  dht22.o
    0x08004ce0   0x08004ce0   0x00000058   Code   RO         5218    i._ZN5DHT224ReadEv  dht22.o
    0x08004d38   0x08004d38   0x0000003a   Code   RO         5219    i._ZN5DHT225StartEv  dht22.o
    0x08004d72   0x08004d72   0x00000002   PAD
    0x08004d74   0x08004d74   0x00000078   Code   RO         5220    i._ZN5DHT225parseEPhPfS1_  dht22.o
    0x08004dec   0x08004dec   0x00000010   Code   RO         5221    i._ZN5DHT22C1EtP12GPIO_TypeDef  dht22.o
    0x08004dfc   0x08004dfc   0x00000020   Code   RO         2351    i.__NVIC_SetPriority  stm32f4xx_hal_cortex.o
    0x08004e1c   0x08004e1c   0x00000074   Code   RO         4146    i.check_fs          ff.o
    0x08004e90   0x08004e90   0x00000010   Code   RO         4147    i.chk_chr           ff.o
    0x08004ea0   0x08004ea0   0x00000060   Code   RO         4148    i.chk_lock          ff.o
    0x08004f00   0x08004f00   0x00000020   Code   RO         4149    i.clear_lock        ff.o
    0x08004f20   0x08004f20   0x00000026   Code   RO         4150    i.clmt_clust        ff.o
    0x08004f46   0x08004f46   0x00000018   Code   RO         4151    i.clust2sect        ff.o
    0x08004f5e   0x08004f5e   0x000000b0   Code   RO         4152    i.create_chain      ff.o
    0x0800500e   0x0800500e   0x00000002   PAD
    0x08005010   0x08005010   0x000000d0   Code   RO         4153    i.create_name       ff.o
    0x080050e0   0x080050e0   0x00000030   Code   RO         4154    i.dec_lock          ff.o
    0x08005110   0x08005110   0x0000004a   Code   RO         4155    i.dir_alloc         ff.o
    0x0800515a   0x0800515a   0x00000054   Code   RO         4156    i.dir_find          ff.o
    0x080051ae   0x080051ae   0x0000010a   Code   RO         4157    i.dir_next          ff.o
    0x080052b8   0x080052b8   0x0000003c   Code   RO         4159    i.dir_register      ff.o
    0x080052f4   0x080052f4   0x00000094   Code   RO         4161    i.dir_sdi           ff.o
    0x08005388   0x08005388   0x0000002c   Code   RO         4034    i.disk_initialize   diskio.o
    0x080053b4   0x080053b4   0x0000001c   Code   RO         4035    i.disk_ioctl        diskio.o
    0x080053d0   0x080053d0   0x0000001c   Code   RO         4036    i.disk_read         diskio.o
    0x080053ec   0x080053ec   0x00000018   Code   RO         4037    i.disk_status       diskio.o
    0x08005404   0x08005404   0x0000001c   Code   RO         4038    i.disk_write        diskio.o
    0x08005420   0x08005420   0x00000028   Code   RO         4162    i.enq_lock          ff.o
    0x08005448   0x08005448   0x0000002a   Code   RO         4163    i.f_close           ff.o
    0x08005472   0x08005472   0x00000002   PAD
    0x08005474   0x08005474   0x00000060   Code   RO         4170    i.f_mount           ff.o
    0x080054d4   0x080054d4   0x000001f2   Code   RO         4171    i.f_open            ff.o
    0x080056c6   0x080056c6   0x00000026   Code   RO         4175    i.f_puts            ff.o
    0x080056ec   0x080056ec   0x0000003c   Code   RO         4179    i.f_stat            ff.o
    0x08005728   0x08005728   0x00000090   Code   RO         4180    i.f_sync            ff.o
    0x080057b8   0x080057b8   0x000001b0   Code   RO         4183    i.f_write           ff.o
    0x08005968   0x08005968   0x0000027c   Code   RO         4184    i.find_volume       ff.o
    0x08005be4   0x08005be4   0x00000078   Code   RO         4185    i.follow_path       ff.o
    0x08005c5c   0x08005c5c   0x000000c4   Code   RO         4186    i.get_fat           ff.o
    0x08005d20   0x08005d20   0x00000004   Code   RO          460    i.get_fattime       fatfs.o
    0x08005d24   0x08005d24   0x0000006a   Code   RO         4187    i.get_fileinfo      ff.o
    0x08005d8e   0x08005d8e   0x00000042   Code   RO         4188    i.get_ldnumber      ff.o
    0x08005dd0   0x08005dd0   0x00000088   Code   RO         4189    i.inc_lock          ff.o
    0x08005e58   0x08005e58   0x00000026   Code   RO         4190    i.ld_clust          ff.o
    0x08005e7e   0x08005e7e   0x00000016   Code   RO         4191    i.ld_dword          ff.o
    0x08005e94   0x08005e94   0x0000000a   Code   RO         4192    i.ld_word           ff.o
    0x08005e9e   0x08005e9e   0x00000002   PAD
    0x08005ea0   0x08005ea0   0x00000044   Code   RO           17    i.main              main.o
    0x08005ee4   0x08005ee4   0x00000018   Code   RO         4193    i.mem_cmp           ff.o
    0x08005efc   0x08005efc   0x00000012   Code   RO         4194    i.mem_cpy           ff.o
    0x08005f0e   0x08005f0e   0x0000000c   Code   RO         4195    i.mem_set           ff.o
    0x08005f1a   0x08005f1a   0x00000034   Code   RO         4196    i.move_window       ff.o
    0x08005f4e   0x08005f4e   0x000000fa   Code   RO         4197    i.put_fat           ff.o
    0x08006048   0x08006048   0x00000048   Code   RO         4198    i.putc_bfd          ff.o
    0x08006090   0x08006090   0x0000002a   Code   RO         4199    i.putc_flush        ff.o
    0x080060ba   0x080060ba   0x0000000a   Code   RO         4200    i.putc_init         ff.o
    0x080060c4   0x080060c4   0x00000078   Code   RO         4201    i.remove_chain      ff.o
    0x0800613c   0x0800613c   0x00000028   Code   RO         4202    i.st_clust          ff.o
    0x08006164   0x08006164   0x00000010   Code   RO         4203    i.st_dword          ff.o
    0x08006174   0x08006174   0x00000008   Code   RO         4204    i.st_word           ff.o
    0x0800617c   0x0800617c   0x00000088   Code   RO         4205    i.sync_fs           ff.o
    0x08006204   0x08006204   0x00000054   Code   RO         4206    i.sync_window       ff.o
    0x08006258   0x08006258   0x000000b0   Code   RO          504    i.userFunction      usb_host.o
    0x08006308   0x08006308   0x00000036   Code   RO         4207    i.validate          ff.o
    0x0800633e   0x0800633e   0x00000002   PAD
    0x08006340   0x08006340   0x00000062   Code   RO         5504    x$fpl$d2f           fz_wm.l(d2f.o)
    0x080063a2   0x080063a2   0x00000002   PAD
    0x080063a4   0x080063a4   0x000002b0   Code   RO         5507    x$fpl$ddiv          fz_wm.l(ddiv.o)
    0x08006654   0x08006654   0x00000026   Code   RO         5510    x$fpl$dfltu         fz_wm.l(dflt_clz.o)
    0x0800667a   0x0800667a   0x0000009c   Code   RO         5608    x$fpl$dnaninf       fz_wm.l(dnaninf.o)
    0x08006716   0x08006716   0x0000000c   Code   RO         5610    x$fpl$dretinf       fz_wm.l(dretinf.o)
    0x08006722   0x08006722   0x0000000a   Code   RO         5667    x$fpl$fpinit        fz_wm.l(fpinit.o)
    0x0800672c   0x0800672c   0x0000000a   Code   RO         5612    x$fpl$fretinf       fz_wm.l(fretinf.o)
    0x08006736   0x08006736   0x00000000   Code   RO         5614    x$fpl$usenofp       fz_wm.l(usenofp.o)
    0x08006736   0x08006736   0x00000002   PAD
    0x08006738   0x08006738   0x00000014   Data   RO          252    .constdata          usbh_diskio.o
    0x0800674c   0x0800674c   0x00000010   Data   RO         3998    .constdata          system_stm32f4xx.o
    0x0800675c   0x0800675c   0x00000008   Data   RO         3999    .constdata          system_stm32f4xx.o
    0x08006764   0x08006764   0x0000009c   Data   RO         4209    .constdata          ff.o
    0x08006800   0x08006800   0x0000001c   Data   RO         5266    .constdata__ZTV5DHT22  dht22.o
    0x0800681c   0x0800681c   0x00000004   Data   RO         4980    .conststring        usbh_msc.o
    0x08006820   0x08006820   0x00000020   Data   RO         5770    Region$$Table       anon$$obj.o


    Execution Region RW_IRAM1 (Exec base: 0x20000000, Load base: 0x08006840, Size: 0x00004c88, Max: 0x00050000, ABSOLUTE)

    Exec Addr    Load Addr    Size         Type   Attr      Idx    E Section Name        Object

    0x20000000   0x08006840   0x00000005   Data   RW          463    .data               fatfs.o
    0x20000005   0x08006845   0x00000020   Data   RW          508    .data               usb_host.o
    0x20000025   0x08006865   0x00000003   PAD
    0x20000028   0x08006868   0x00000004   Data   RW         1215    .data               stm32f4xx_ll_usb.o
    0x2000002c   0x0800686c   0x0000000c   Data   RW         2495    .data               stm32f4xx_hal.o
    0x20000038   0x08006878   0x00000004   Data   RW         4000    .data               system_stm32f4xx.o
    0x2000003c   0x0800687c   0x00000008   Data   RW         4210    .data               ff.o
    0x20000044   0x08006884   0x00000020   Data   RW         4981    .data               usbh_msc.o
    0x20000064        -       0x00000040   Zero   RW           23    .bss                main.o
    0x200000a4        -       0x00000850   Zero   RW          505    .bss                usb_host.o
    0x200008f4        -       0x000002c4   Zero   RW          581    .bss                usbh_conf.o
    0x20000bb8        -       0x00000020   Zero   RW         4208    .bss                ff.o
    0x20000bd8        -       0x0000000c   Zero   RW         4511    .bss                ff_gen_drv.o
    0x20000be4        -       0x00000040   Zero   RW         5173    .bss                tim_delay.o
    0x20000c24        -       0x00000060   Zero   RW         5618    .bss                c_w.l(libspace.o)
    0x20000c84   0x080068a4   0x00000004   PAD
    0x20000c88        -       0x00002000   Zero   RW            2    HEAP                startup_stm32f413xx.o
    0x20002c88        -       0x00002000   Zero   RW            1    STACK               startup_stm32f413xx.o


==============================================================================

Image component sizes


      Code (inc. data)   RO Data    RW Data    ZI Data      Debug   Object Name

       448         20         28          0          0       5660   dht22.o
       152         26          0          0          0      22076   diskio.o
        32         10          0          5          0       1740   fatfs.o
      5004         78        156          8         32      47655   ff.o
        70          6          0          0         12       1823   ff_gen_drv.o
        74          0          0          0          0       1817   gpio_functions.o
       582         48          0          0         64     698013   main.o
        64         26        472          0      16384        908   startup_stm32f413xx.o
       184         28          0         12          0      10057   stm32f4xx_hal.o
       198         14          0          0          0      34439   stm32f4xx_hal_cortex.o
       448         40          0          0          0       3431   stm32f4xx_hal_gpio.o
      2444          4          0          0          0     715581   stm32f4xx_hal_hcd.o
       196         30          0          0          0       2392   stm32f4xx_hal_msp.o
       512         58          0          0          0       4680   stm32f4xx_hal_rcc.o
      1760         52          0          0          0       4096   stm32f4xx_hal_rcc_ex.o
       628         44          0          0          0       7110   stm32f4xx_hal_tim.o
       144         30          0          0          0       1500   stm32f4xx_hal_tim_ex.o
       918         16          0          0          0       4344   stm32f4xx_hal_uart.o
        32          6          0          0          0       5194   stm32f4xx_it.o
      1792         50          0          4          0      19567   stm32f4xx_ll_usb.o
        28          6         24          4          0       1323   system_stm32f4xx.o
       142         22          0          0         64       2523   tim_delay.o
       292         84          0         32       2128       4366   usb_host.o
       602         20          0          0        708      15377   usbh_conf.o
      1538         20          0          0          0      12947   usbh_core.o
      1206         12          0          0          0      13794   usbh_ctlreq.o
       284         20         20          0          0     647428   usbh_diskio.o
       182          0          0          0          0       4796   usbh_ioreq.o
      1814         10          4         32          0      11989   usbh_msc.o
       744         28          0          0          0       6021   usbh_msc_bot.o
       794          0          0          0          0       6743   usbh_msc_scsi.o
       126          0          0          0          0       4306   usbh_pipes.o

    ----------------------------------------------------------------------
     23468        808        736        100      19392    2323696   Object Totals
         0          0         32          0          0          0   (incl. Generated)
        34          0          0          3          0          0   (incl. Padding)

    ----------------------------------------------------------------------

      Code (inc. data)   RO Data    RW Data    ZI Data      Debug   Library Member Name

         8          0          0          0          0         68   __main.o
         0          0          0          0          0          0   __rtentry.o
        12          0          0          0          0          0   __rtentry2.o
         6          0          0          0          0          0   __rtentry4.o
        52          8          0          0          0          0   __scatter.o
        26          0          0          0          0          0   __scatter_copy.o
        28          0          0          0          0          0   __scatter_zi.o
        10          0          0          0          0         68   defsig_exit.o
        50          0          0          0          0         88   defsig_general.o
        80         58          0          0          0         76   defsig_rtmem_inner.o
        14          0          0          0          0         80   defsig_rtmem_outer.o
        18          0          0          0          0         80   exit.o
        94          0          0          0          0         80   h1_alloc.o
        52          0          0          0          0         68   h1_extend.o
        78          0          0          0          0         80   h1_free.o
        14          0          0          0          0         84   h1_init.o
         6          0          0          0          0        152   heapauxi.o
         4          0          0          0          0        136   hguard.o
         0          0          0          0          0          0   indicate_semi.o
       138          0          0          0          0        168   init_alloc.o
         2          0          0          0          0          0   libinit.o
        14          0          0          0          0          0   libinit2.o
         2          0          0          0          0          0   libshutdown.o
         2          0          0          0          0          0   libshutdown2.o
         8          4          0          0         96         68   libspace.o
       238          0          0          0          0        100   lludivv7m.o
         0          0          0          0          0          0   maybetermalloc1.o
         8          4          0          0          0         68   rt_heap_descriptor_intlibspace.o
        68          0          0          0          0         68   rt_memclr.o
        78          0          0          0          0         80   rt_memclr_w.o
       138          0          0          0          0         68   rt_memcpy_v6.o
       100          0          0          0          0         80   rt_memcpy_w.o
         2          0          0          0          0          0   rtexit.o
        10          0          0          0          0          0   rtexit2.o
        12          4          0          0          0         68   sys_exit.o
        74          0          0          0          0         80   sys_stackheap_outer.o
        14          0          0          0          0         76   sys_wrch.o
         2          0          0          0          0         68   use_no_semi.o
        98          4          0          0          0        140   d2f.o
       688        140          0          0          0        256   ddiv.o
        38          0          0          0          0        116   dflt_clz.o
       156          4          0          0          0        140   dnaninf.o
        12          0          0          0          0        116   dretinf.o
        10          0          0          0          0        116   fpinit.o
        10          0          0          0          0        116   fretinf.o
         0          0          0          0          0          0   usenofp.o

    ----------------------------------------------------------------------
      2484        226          0          0        100       3052   Library Totals
        10          0          0          0          4          0   (incl. Padding)

    ----------------------------------------------------------------------

      Code (inc. data)   RO Data    RW Data    ZI Data      Debug   Library Name

      1462         78          0          0         96       2052   c_w.l
      1012        148          0          0          0       1000   fz_wm.l

    ----------------------------------------------------------------------
      2484        226          0          0        100       3052   Library Totals

    ----------------------------------------------------------------------

==============================================================================


      Code (inc. data)   RO Data    RW Data    ZI Data      Debug   

     25952       1034        736        100      19492    2300656   Grand Totals
     25952       1034        736        100      19492    2300656   ELF Image Totals
     25952       1034        736        100          0          0   ROM Totals

==============================================================================

    Total RO  Size (Code + RO Data)                26688 (  26.06kB)
    Total RW  Size (RW Data + ZI Data)             19592 (  19.13kB)
    Total ROM Size (Code + RO Data + RW Data)      26788 (  26.16kB)

==============================================================================

