<html>
<body>
<pre>
<h1>µVision Build Log</h1>
<h2>Tool Versions:</h2>
IDE-Version: µVision V5.30.0.0
Copyright (C) 2020 ARM Ltd and ARM Germany GmbH. All rights reserved.
License Information: whocares whocares, whocares, LIC=----
 
Tool Versions:
Toolchain:       MDK-Lite  Version: 5.30.0.0
Toolchain Path:  C:\Keil_v5\ARM\ARMCC\Bin
C Compiler:      Armcc.exe V5.06 update 6 (build 750)
Assembler:       Armasm.exe V5.06 update 6 (build 750)
Linker/Locator:  ArmLink.exe V5.06 update 6 (build 750)
Library Manager: ArmAr.exe V5.06 update 6 (build 750)
Hex Converter:   FromElf.exe V5.06 update 6 (build 750)
CPU DLL:         SARMCM3.DLL V5.30.0.0
Dialog DLL:      DCM.DLL V1.17.3.0
Target DLL:      STLink\ST-LINKIII-KEIL_SWO.dll V3.0.7.0
Dialog DLL:      TCM.DLL V1.42.0.0
 
<h2>Project:</h2>
C:\Users\Lavicola\Documents\Programmieren von Mikrocontrollern\vorlesungsAufgaben\STM32f413ZH_Project-usb_dht22\MDK-ARM\usb_final.uvprojx
Project File Date:  07/06/2020

<h2>Output:</h2>
*** Using Compiler 'V5.06 update 6 (build 750)', folder: 'C:\Keil_v5\ARM\ARMCC\Bin'
Build target 'usb_final'
compiling usb_host.c...
..\Custom\MeasureInformationObject.h(10): warning:  #1-D: last line of file ends without a newline
   
../Src/usb_host.c(103): warning:  #167-D: argument of type "uint8_t *" is incompatible with parameter of type "char *restrict"
  		sprintf(file_name,"%d-%d-%d.txt",l_MeasureObject.date[0],l_MeasureObject.date[1],l_MeasureObject.date[2]);
../Src/usb_host.c(105): warning:  #167-D: argument of type "uint8_t *" is incompatible with parameter of type "const TCHAR *"
  		switch(f_stat(file_name,&fno)){
../Src/usb_host.c(108): warning:  #167-D: argument of type "uint8_t *" is incompatible with parameter of type "const TCHAR *"
  				l_result = f_open(&MyFile,file_name,FA_CREATE_NEW|FA_WRITE);
../Src/usb_host.c(111): warning:  #167-D: argument of type "uint8_t *" is incompatible with parameter of type "const TCHAR *"
  				l_result = f_open(&MyFile,file_name,FA_OPEN_APPEND|FA_WRITE);
../Src/usb_host.c(128): warning:  #167-D: argument of type "char *" is incompatible with parameter of type "uint8_t *"
  				HAL_UART_Transmit(&huart3, &wbytes[0], 50,1000);
../Src/usb_host.c(80): warning:  #177-D: variable "bytesread"  was declared but never referenced
  	UINT bytesread;
../Src/usb_host.c(71): warning:  #177-D: variable "uart_length"  was declared but never referenced
  static int32_t uart_length=0;
../Src/usb_host.c: 8 warnings, 0 errors
linking...
Program Size: Code=30504 RO-data=716 RW-data=76 ZI-data=19604  
FromELF: creating hex file...
"usb_final\usb_final.axf" - 0 Error(s), 8 Warning(s).

<h2>Software Packages used:</h2>

Package Vendor: ARM
                http://www.keil.com/pack/ARM.CMSIS.5.7.0.pack
                ARM.CMSIS.5.7.0
                CMSIS (Cortex Microcontroller Software Interface Standard)
   * Component: CORE Version: 5.4.0

Package Vendor: Keil
                http://www.keil.com/pack/Keil.STM32F4xx_DFP.2.14.0.pack
                Keil.STM32F4xx_DFP.2.14.0
                STMicroelectronics STM32F4 Series Device Support, Drivers and Examples

<h2>Collection of Component include folders:</h2>
  .\RTE\_usb_final
  C:\Users\Stein´s Gate\AppData\Local\Arm\Packs\ARM\CMSIS\5.7.0\CMSIS\Core\Include
  C:\Users\Stein´s Gate\AppData\Local\Arm\Packs\Keil\STM32F4xx_DFP\2.14.0\Drivers\CMSIS\Device\ST\STM32F4xx\Include

<h2>Collection of Component Files used:</h2>

   * Component: ARM::CMSIS:CORE:5.4.0
Build Time Elapsed:  00:00:02
</pre>
</body>
</html>
