Component: ARM Compiler 5.06 update 6 (build 750) Tool: armlink [4d35ed]

==============================================================================

Section Cross References

    startup_stm32f413xx.o(STACK) refers (Special) to heapauxi.o(.text) for __use_two_region_memory
    startup_stm32f413xx.o(HEAP) refers (Special) to heapauxi.o(.text) for __use_two_region_memory
    startup_stm32f413xx.o(RESET) refers (Special) to heapauxi.o(.text) for __use_two_region_memory
    startup_stm32f413xx.o(RESET) refers to startup_stm32f413xx.o(STACK) for __initial_sp
    startup_stm32f413xx.o(RESET) refers to startup_stm32f413xx.o(.text) for Reset_Handler
    startup_stm32f413xx.o(RESET) refers to stm32f4xx_it.o(i.NMI_Handler) for NMI_Handler
    startup_stm32f413xx.o(RESET) refers to stm32f4xx_it.o(i.HardFault_Handler) for HardFault_Handler
    startup_stm32f413xx.o(RESET) refers to stm32f4xx_it.o(i.MemManage_Handler) for MemManage_Handler
    startup_stm32f413xx.o(RESET) refers to stm32f4xx_it.o(i.BusFault_Handler) for BusFault_Handler
    startup_stm32f413xx.o(RESET) refers to stm32f4xx_it.o(i.UsageFault_Handler) for UsageFault_Handler
    startup_stm32f413xx.o(RESET) refers to stm32f4xx_it.o(i.SVC_Handler) for SVC_Handler
    startup_stm32f413xx.o(RESET) refers to stm32f4xx_it.o(i.DebugMon_Handler) for DebugMon_Handler
    startup_stm32f413xx.o(RESET) refers to stm32f4xx_it.o(i.PendSV_Handler) for PendSV_Handler
    startup_stm32f413xx.o(RESET) refers to stm32f4xx_it.o(i.SysTick_Handler) for SysTick_Handler
    startup_stm32f413xx.o(RESET) refers to stm32f4xx_it.o(i.TIM1_UP_TIM10_IRQHandler) for TIM1_UP_TIM10_IRQHandler
    startup_stm32f413xx.o(RESET) refers to stm32f4xx_it.o(i.RTC_Alarm_IRQHandler) for RTC_Alarm_IRQHandler
    startup_stm32f413xx.o(RESET) refers to stm32f4xx_it.o(i.OTG_FS_IRQHandler) for OTG_FS_IRQHandler
    startup_stm32f413xx.o(.text) refers (Special) to heapauxi.o(.text) for __use_two_region_memory
    startup_stm32f413xx.o(.text) refers to system_stm32f4xx.o(i.SystemInit) for SystemInit
    startup_stm32f413xx.o(.text) refers to __main.o(!!!main) for __main
    startup_stm32f413xx.o(.text) refers to startup_stm32f413xx.o(HEAP) for Heap_Mem
    startup_stm32f413xx.o(.text) refers to startup_stm32f413xx.o(STACK) for Stack_Mem
    main.o(i.HAL_RTC_AlarmAEventCallback) refers to componentsmanager.o(i._ZN17ComponentsManager21GetDS18B20MeasurementER20DS18B20MeasureObject) for ComponentsManager::GetDS18B20Measurement(DS18B20MeasureObject&)
    main.o(i.HAL_RTC_AlarmAEventCallback) refers to main.o(.data) for .data
    main.o(i._Z11MX_RTC_Initv) refers to rt_memclr_w.o(.text) for __aeabi_memclr4
    main.o(i._Z11MX_RTC_Initv) refers to stm32f4xx_hal_rtc.o(i.HAL_RTC_Init) for HAL_RTC_Init
    main.o(i._Z11MX_RTC_Initv) refers to main.o(i.Error_Handler) for Error_Handler
    main.o(i._Z11MX_RTC_Initv) refers to stm32f4xx_hal_rtc.o(i.HAL_RTC_SetTime) for HAL_RTC_SetTime
    main.o(i._Z11MX_RTC_Initv) refers to stm32f4xx_hal_rtc.o(i.HAL_RTC_SetDate) for HAL_RTC_SetDate
    main.o(i._Z11MX_RTC_Initv) refers to stm32f4xx_hal_rtc.o(i.HAL_RTC_SetAlarm_IT) for HAL_RTC_SetAlarm_IT
    main.o(i._Z11MX_RTC_Initv) refers to main.o(.bss) for .bss
    main.o(i._Z12MX_GPIO_Initv) refers to rt_memclr_w.o(.text) for __aeabi_memclr4
    main.o(i._Z12MX_GPIO_Initv) refers to stm32f4xx_hal_gpio.o(i.HAL_GPIO_WritePin) for HAL_GPIO_WritePin
    main.o(i._Z12MX_GPIO_Initv) refers to stm32f4xx_hal_gpio.o(i.HAL_GPIO_Init) for HAL_GPIO_Init
    main.o(i._Z12MX_I2C1_Initv) refers to stm32f4xx_hal_i2c.o(i.HAL_I2C_Init) for HAL_I2C_Init
    main.o(i._Z12MX_I2C1_Initv) refers to main.o(i.Error_Handler) for Error_Handler
    main.o(i._Z12MX_I2C1_Initv) refers to main.o(.bss) for .bss
    main.o(i._Z13MX_TIM10_Initv) refers to stm32f4xx_hal_tim.o(i.HAL_TIM_Base_Init) for HAL_TIM_Base_Init
    main.o(i._Z13MX_TIM10_Initv) refers to main.o(i.Error_Handler) for Error_Handler
    main.o(i._Z13MX_TIM10_Initv) refers to main.o(.bss) for .bss
    main.o(i._Z18SystemClock_Configv) refers to rt_memclr_w.o(.text) for __aeabi_memclr4
    main.o(i._Z18SystemClock_Configv) refers to stm32f4xx_hal_rcc_ex.o(i.HAL_RCC_OscConfig) for HAL_RCC_OscConfig
    main.o(i._Z18SystemClock_Configv) refers to main.o(i.Error_Handler) for Error_Handler
    main.o(i._Z18SystemClock_Configv) refers to stm32f4xx_hal_rcc.o(i.HAL_RCC_ClockConfig) for HAL_RCC_ClockConfig
    main.o(i._Z18SystemClock_Configv) refers to stm32f4xx_hal_rcc_ex.o(i.HAL_RCCEx_PeriphCLKConfig) for HAL_RCCEx_PeriphCLKConfig
    main.o(i._Z19MX_USART3_UART_Initv) refers to stm32f4xx_hal_uart.o(i.HAL_UART_Init) for HAL_UART_Init
    main.o(i._Z19MX_USART3_UART_Initv) refers to main.o(i.Error_Handler) for Error_Handler
    main.o(i._Z19MX_USART3_UART_Initv) refers to main.o(.bss) for .bss
    main.o(i.main) refers to stm32f4xx_hal.o(i.HAL_Init) for HAL_Init
    main.o(i.main) refers to main.o(i._Z18SystemClock_Configv) for SystemClock_Config()
[...]
    __sigvec_lookup                           - Undefined Weak Reference
    __user_heap_extent                        - Undefined Weak Reference
    _atexit_init                              - Undefined Weak Reference
    _call_atexit_fns                          - Undefined Weak Reference
    _clock_init                               - Undefined Weak Reference
    _fp_trap_init                             - Undefined Weak Reference
    _fp_trap_shutdown                         - Undefined Weak Reference
    _get_lc_collate                           - Undefined Weak Reference
    _get_lc_ctype                             - Undefined Weak Reference
    _get_lc_monetary                          - Undefined Weak Reference
    _get_lc_numeric                           - Undefined Weak Reference
    _get_lc_time                              - Undefined Weak Reference
    _getenv_init                              - Undefined Weak Reference
    _handle_redirection                       - Undefined Weak Reference
    _initio                                   - Undefined Weak Reference
    _mutex_acquire                            - Undefined Weak Reference
    _mutex_free                               - Undefined Weak Reference
    _mutex_release                            - Undefined Weak Reference
    _printf_post_padding                      - Undefined Weak Reference
    _printf_pre_padding                       - Undefined Weak Reference
    _printf_truncate_signed                   - Undefined Weak Reference
    _printf_truncate_unsigned                 - Undefined Weak Reference
    _rand_init                                - Undefined Weak Reference
    _signal_finish                            - Undefined Weak Reference
    _signal_init                              - Undefined Weak Reference
    _terminateio                              - Undefined Weak Reference
    __Vectors_Size                           0x000001d8   Number         0  startup_stm32f413xx.o ABSOLUTE
    __Vectors                                0x08000000   Data           4  startup_stm32f413xx.o(RESET)
    __Vectors_End                            0x080001d8   Data           0  startup_stm32f413xx.o(RESET)
    __main                                   0x080001d9   Thumb Code     8  __main.o(!!!main)
    __scatterload                            0x080001e1   Thumb Code     0  __scatter.o(!!!scatter)
    __scatterload_rt2                        0x080001e1   Thumb Code    44  __scatter.o(!!!scatter)
    __scatterload_rt2_thumb_only             0x080001e1   Thumb Code     0  __scatter.o(!!!scatter)
    __scatterload_null                       0x080001ef   Thumb Code     0  __scatter.o(!!!scatter)
    __scatterload_copy                       0x08000215   Thumb Code    26  __scatter_copy.o(!!handler_copy)
    __scatterload_zeroinit                   0x08000231   Thumb Code    28  __scatter_zi.o(!!handler_zi)
    __rt_lib_init                            0x0800024d   Thumb Code     0  libinit.o(.ARM.Collect$$libinit$$00000000)
    __rt_lib_init_fp_1                       0x0800024f   Thumb Code     0  libinit2.o(.ARM.Collect$$libinit$$00000001)
    __rt_lib_init_heap_2                     0x08000253   Thumb Code     0  libinit2.o(.ARM.Collect$$libinit$$00000005)
    __rt_lib_init_preinit_1                  0x08000253   Thumb Code     0  libinit2.o(.ARM.Collect$$libinit$$00000004)
    __rt_lib_init_alloca_1                   0x0800025b   Thumb Code     0  libinit2.o(.ARM.Collect$$libinit$$0000002E)
    __rt_lib_init_argv_1                     0x0800025b   Thumb Code     0  libinit2.o(.ARM.Collect$$libinit$$0000002C)
    __rt_lib_init_atexit_1                   0x0800025b   Thumb Code     0  libinit2.o(.ARM.Collect$$libinit$$0000001B)
    __rt_lib_init_clock_1                    0x0800025b   Thumb Code     0  libinit2.o(.ARM.Collect$$libinit$$00000021)
    __rt_lib_init_cpp_1                      0x0800025b   Thumb Code     0  libinit2.o(.ARM.Collect$$libinit$$00000032)
    __rt_lib_init_exceptions_1               0x0800025b   Thumb Code     0  libinit2.o(.ARM.Collect$$libinit$$00000030)
    __rt_lib_init_fp_trap_1                  0x0800025b   Thumb Code     0  libinit2.o(.ARM.Collect$$libinit$$0000001F)
    __rt_lib_init_getenv_1                   0x0800025b   Thumb Code     0  libinit2.o(.ARM.Collect$$libinit$$00000023)
    __rt_lib_init_heap_1                     0x0800025b   Thumb Code     0  libinit2.o(.ARM.Collect$$libinit$$0000000A)
    __rt_lib_init_lc_collate_1               0x0800025b   Thumb Code     0  libinit2.o(.ARM.Collect$$libinit$$00000011)
    __rt_lib_init_lc_ctype_1                 0x0800025b   Thumb Code     0  libinit2.o(.ARM.Collect$$libinit$$00000013)
    __rt_lib_init_lc_monetary_1              0x0800025b   Thumb Code     0  libinit2.o(.ARM.Collect$$libinit$$00000015)
    __rt_lib_init_lc_numeric_1               0x0800025b   Thumb Code     0  libinit2.o(.ARM.Collect$$libinit$$00000017)
    __rt_lib_init_lc_time_1                  0x0800025b   Thumb Code     0  libinit2.o(.ARM.Collect$$libinit$$00000019)
    __rt_lib_init_rand_1                     0x0800025b   Thumb Code     0  libinit2.o(.ARM.Collect$$libinit$$0000000E)
    __rt_lib_init_return                     0x0800025b   Thumb Code     0  libinit2.o(.ARM.Collect$$libinit$$00000033)
    __rt_lib_init_signal_1                   0x0800025b   Thumb Code     0  libinit2.o(.ARM.Collect$$libinit$$0000001D)
    __rt_lib_init_stdio_1                    0x0800025b   Thumb Code     0  libinit2.o(.ARM.Collect$$libinit$$00000025)
    __rt_lib_init_user_alloc_1               0x0800025b   Thumb Code     0  libinit2.o(.ARM.Collect$$libinit$$0000000C)
    __rt_lib_shutdown                        0x0800025d   Thumb Code     0  libshutdown.o(.ARM.Collect$$libshutdown$$00000000)
    __rt_lib_shutdown_cpp_1                  0x0800025f   Thumb Code     0  libshutdown2.o(.ARM.Collect$$libshutdown$$00000002)
    __rt_lib_shutdown_fp_trap_1              0x0800025f   Thumb Code     0  libshutdown2.o(.ARM.Collect$$libshutdown$$00000007)
    __rt_lib_shutdown_heap_1                 0x0800025f   Thumb Code     0  libshutdown2.o(.ARM.Collect$$libshutdown$$0000000F)
    __rt_lib_shutdown_return                 0x0800025f   Thumb Code     0  libshutdown2.o(.ARM.Collect$$libshutdown$$00000010)
    __rt_lib_shutdown_signal_1               0x0800025f   Thumb Code     0  libshutdown2.o(.ARM.Collect$$libshutdown$$0000000A)
    __rt_lib_shutdown_stdio_1                0x0800025f   Thumb Code     0  libshutdown2.o(.ARM.Collect$$libshutdown$$00000004)
    __rt_lib_shutdown_user_alloc_1           0x0800025f   Thumb Code     0  libshutdown2.o(.ARM.Collect$$libshutdown$$0000000C)
    __rt_entry                               0x08000261   Thumb Code     0  __rtentry.o(.ARM.Collect$$rtentry$$00000000)
    __rt_entry_presh_1                       0x08000261   Thumb Code     0  __rtentry2.o(.ARM.Collect$$rtentry$$00000002)
    __rt_entry_sh                            0x08000261   Thumb Code     0  __rtentry4.o(.ARM.Collect$$rtentry$$00000004)
    __rt_entry_li                            0x08000267   Thumb Code     0  __rtentry2.o(.ARM.Collect$$rtentry$$0000000A)
    __rt_entry_postsh_1                      0x08000267   Thumb Code     0  __rtentry2.o(.ARM.Collect$$rtentry$$00000009)
    __rt_entry_main                          0x0800026b   Thumb Code     0  __rtentry2.o(.ARM.Collect$$rtentry$$0000000D)
    __rt_entry_postli_1                      0x0800026b   Thumb Code     0  __rtentry2.o(.ARM.Collect$$rtentry$$0000000C)
    __rt_exit                                0x08000273   Thumb Code     0  rtexit.o(.ARM.Collect$$rtexit$$00000000)
    __rt_exit_ls                             0x08000275   Thumb Code     0  rtexit2.o(.ARM.Collect$$rtexit$$00000003)
    __rt_exit_prels_1                        0x08000275   Thumb Code     0  rtexit2.o(.ARM.Collect$$rtexit$$00000002)
    __rt_exit_exit                           0x08000279   Thumb Code     0  rtexit2.o(.ARM.Collect$$rtexit$$00000004)
    Reset_Handler                            0x08000281   Thumb Code     8  startup_stm32f413xx.o(.text)
    _maybe_terminate_alloc                   0x08000281   Thumb Code     0  maybetermalloc1.o(.emb_text)
    ADC_IRQHandler                           0x0800029b   Thumb Code     0  startup_stm32f413xx.o(.text)
    CAN1_RX0_IRQHandler                      0x0800029b   Thumb Code     0  startup_stm32f413xx.o(.text)
    CAN1_RX1_IRQHandler                      0x0800029b   Thumb Code     0  startup_stm32f413xx.o(.text)
    CAN1_SCE_IRQHandler                      0x0800029b   Thumb Code     0  startup_stm32f413xx.o(.text)
    CAN1_TX_IRQHandler                       0x0800029b   Thumb Code     0  startup_stm32f413xx.o(.text)
    CAN2_RX0_IRQHandler                      0x0800029b   Thumb Code     0  startup_stm32f413xx.o(.text)
    CAN2_RX1_IRQHandler                      0x0800029b   Thumb Code     0  startup_stm32f413xx.o(.text)
    CAN2_SCE_IRQHandler                      0x0800029b   Thumb Code     0  startup_stm32f413xx.o(.text)
    CAN2_TX_IRQHandler                       0x0800029b   Thumb Code     0  startup_stm32f413xx.o(.text)
    CAN3_RX0_IRQHandler                      0x0800029b   Thumb Code     0  startup_stm32f413xx.o(.text)
    CAN3_RX1_IRQHandler                      0x0800029b   Thumb Code     0  startup_stm32f413xx.o(.text)
    CAN3_SCE_IRQHandler                      0x0800029b   Thumb Code     0  startup_stm32f413xx.o(.text)
    CAN3_TX_IRQHandler                       0x0800029b   Thumb Code     0  startup_stm32f413xx.o(.text)
    DFSDM1_FLT0_IRQHandler                   0x0800029b   Thumb Code     0  startup_stm32f413xx.o(.text)
    DFSDM1_FLT1_IRQHandler                   0x0800029b   Thumb Code     0  startup_stm32f413xx.o(.text)
    DFSDM2_FLT0_IRQHandler                   0x0800029b   Thumb Code     0  startup_stm32f413xx.o(.text)
    DFSDM2_FLT1_IRQHandler                   0x0800029b   Thumb Code     0  startup_stm32f413xx.o(.text)
    DFSDM2_FLT2_IRQHandler                   0x0800029b   Thumb Code     0  startup_stm32f413xx.o(.text)
    DFSDM2_FLT3_IRQHandler                   0x0800029b   Thumb Code     0  startup_stm32f413xx.o(.text)
    DMA1_Stream0_IRQHandler                  0x0800029b   Thumb Code     0  startup_stm32f413xx.o(.text)
    DMA1_Stream1_IRQHandler                  0x0800029b   Thumb Code     0  startup_stm32f413xx.o(.text)
    DMA1_Stream2_IRQHandler                  0x0800029b   Thumb Code     0  startup_stm32f413xx.o(.text)
    DMA1_Stream3_IRQHandler                  0x0800029b   Thumb Code     0  startup_stm32f413xx.o(.text)
    DMA1_Stream4_IRQHandler                  0x0800029b   Thumb Code     0  startup_stm32f413xx.o(.text)
    DMA1_Stream5_IRQHandler                  0x0800029b   Thumb Code     0  startup_stm32f413xx.o(.text)
    DMA1_Stream6_IRQHandler                  0x0800029b   Thumb Code     0  startup_stm32f413xx.o(.text)
    DMA1_Stream7_IRQHandler                  0x0800029b   Thumb Code     0  startup_stm32f413xx.o(.text)
    DMA2_Stream0_IRQHandler                  0x0800029b   Thumb Code     0  startup_stm32f413xx.o(.text)
    DMA2_Stream1_IRQHandler                  0x0800029b   Thumb Code     0  startup_stm32f413xx.o(.text)
    DMA2_Stream2_IRQHandler                  0x0800029b   Thumb Code     0  startup_stm32f413xx.o(.text)
    DMA2_Stream3_IRQHandler                  0x0800029b   Thumb Code     0  startup_stm32f413xx.o(.text)
    DMA2_Stream4_IRQHandler                  0x0800029b   Thumb Code     0  startup_stm32f413xx.o(.text)
    DMA2_Stream5_IRQHandler                  0x0800029b   Thumb Code     0  startup_stm32f413xx.o(.text)
    DMA2_Stream6_IRQHandler                  0x0800029b   Thumb Code     0  startup_stm32f413xx.o(.text)
    DMA2_Stream7_IRQHandler                  0x0800029b   Thumb Code     0  startup_stm32f413xx.o(.text)
    EXTI0_IRQHandler                         0x0800029b   Thumb Code     0  startup_stm32f413xx.o(.text)
    EXTI15_10_IRQHandler                     0x0800029b   Thumb Code     0  startup_stm32f413xx.o(.text)
    EXTI1_IRQHandler                         0x0800029b   Thumb Code     0  startup_stm32f413xx.o(.text)
    EXTI2_IRQHandler                         0x0800029b   Thumb Code     0  startup_stm32f413xx.o(.text)
    EXTI3_IRQHandler                         0x0800029b   Thumb Code     0  startup_stm32f413xx.o(.text)
    EXTI4_IRQHandler                         0x0800029b   Thumb Code     0  startup_stm32f413xx.o(.text)
    EXTI9_5_IRQHandler                       0x0800029b   Thumb Code     0  startup_stm32f413xx.o(.text)
    FLASH_IRQHandler                         0x0800029b   Thumb Code     0  startup_stm32f413xx.o(.text)
    FMPI2C1_ER_IRQHandler                    0x0800029b   Thumb Code     0  startup_stm32f413xx.o(.text)
    FMPI2C1_EV_IRQHandler                    0x0800029b   Thumb Code     0  startup_stm32f413xx.o(.text)
    FPU_IRQHandler                           0x0800029b   Thumb Code     0  startup_stm32f413xx.o(.text)
    FSMC_IRQHandler                          0x0800029b   Thumb Code     0  startup_stm32f413xx.o(.text)
    I2C1_ER_IRQHandler                       0x0800029b   Thumb Code     0  startup_stm32f413xx.o(.text)
    I2C1_EV_IRQHandler                       0x0800029b   Thumb Code     0  startup_stm32f413xx.o(.text)
    I2C2_ER_IRQHandler                       0x0800029b   Thumb Code     0  startup_stm32f413xx.o(.text)
    I2C2_EV_IRQHandler                       0x0800029b   Thumb Code     0  startup_stm32f413xx.o(.text)
    I2C3_ER_IRQHandler                       0x0800029b   Thumb Code     0  startup_stm32f413xx.o(.text)
    I2C3_EV_IRQHandler                       0x0800029b   Thumb Code     0  startup_stm32f413xx.o(.text)
    LPTIM1_IRQHandler                        0x0800029b   Thumb Code     0  startup_stm32f413xx.o(.text)
    OTG_FS_WKUP_IRQHandler                   0x0800029b   Thumb Code     0  startup_stm32f413xx.o(.text)
    PVD_IRQHandler                           0x0800029b   Thumb Code     0  startup_stm32f413xx.o(.text)
    QUADSPI_IRQHandler                       0x0800029b   Thumb Code     0  startup_stm32f413xx.o(.text)
    RCC_IRQHandler                           0x0800029b   Thumb Code     0  startup_stm32f413xx.o(.text)
    RNG_IRQHandler                           0x0800029b   Thumb Code     0  startup_stm32f413xx.o(.text)
    RTC_WKUP_IRQHandler                      0x0800029b   Thumb Code     0  startup_stm32f413xx.o(.text)
    SAI1_IRQHandler                          0x0800029b   Thumb Code     0  startup_stm32f413xx.o(.text)
    SDIO_IRQHandler                          0x0800029b   Thumb Code     0  startup_stm32f413xx.o(.text)
    SPI1_IRQHandler                          0x0800029b   Thumb Code     0  startup_stm32f413xx.o(.text)
    SPI2_IRQHandler                          0x0800029b   Thumb Code     0  startup_stm32f413xx.o(.text)
    SPI3_IRQHandler                          0x0800029b   Thumb Code     0  startup_stm32f413xx.o(.text)
    SPI4_IRQHandler                          0x0800029b   Thumb Code     0  startup_stm32f413xx.o(.text)
    SPI5_IRQHandler                          0x0800029b   Thumb Code     0  startup_stm32f413xx.o(.text)
    TAMP_STAMP_IRQHandler                    0x0800029b   Thumb Code     0  startup_stm32f413xx.o(.text)
    TIM1_BRK_TIM9_IRQHandler                 0x0800029b   Thumb Code     0  startup_stm32f413xx.o(.text)
    TIM1_CC_IRQHandler                       0x0800029b   Thumb Code     0  startup_stm32f413xx.o(.text)
    TIM1_TRG_COM_TIM11_IRQHandler            0x0800029b   Thumb Code     0  startup_stm32f413xx.o(.text)
    TIM2_IRQHandler                          0x0800029b   Thumb Code     0  startup_stm32f413xx.o(.text)
    TIM3_IRQHandler                          0x0800029b   Thumb Code     0  startup_stm32f413xx.o(.text)
    TIM4_IRQHandler                          0x0800029b   Thumb Code     0  startup_stm32f413xx.o(.text)
    TIM5_IRQHandler                          0x0800029b   Thumb Code     0  startup_stm32f413xx.o(.text)
    TIM6_DAC_IRQHandler                      0x0800029b   Thumb Code     0  startup_stm32f413xx.o(.text)
    TIM7_IRQHandler                          0x0800029b   Thumb Code     0  startup_stm32f413xx.o(.text)
    TIM8_BRK_TIM12_IRQHandler                0x0800029b   Thumb Code     0  startup_stm32f413xx.o(.text)
    TIM8_CC_IRQHandler                       0x0800029b   Thumb Code     0  startup_stm32f413xx.o(.text)
    TIM8_TRG_COM_TIM14_IRQHandler            0x0800029b   Thumb Code     0  startup_stm32f413xx.o(.text)
    TIM8_UP_TIM13_IRQHandler                 0x0800029b   Thumb Code     0  startup_stm32f413xx.o(.text)
    UART10_IRQHandler                        0x0800029b   Thumb Code     0  startup_stm32f413xx.o(.text)
    UART4_IRQHandler                         0x0800029b   Thumb Code     0  startup_stm32f413xx.o(.text)
    UART5_IRQHandler                         0x0800029b   Thumb Code     0  startup_stm32f413xx.o(.text)
    UART7_IRQHandler                         0x0800029b   Thumb Code     0  startup_stm32f413xx.o(.text)
    UART8_IRQHandler                         0x0800029b   Thumb Code     0  startup_stm32f413xx.o(.text)
    UART9_IRQHandler                         0x0800029b   Thumb Code     0  startup_stm32f413xx.o(.text)
    USART1_IRQHandler                        0x0800029b   Thumb Code     0  startup_stm32f413xx.o(.text)
    USART2_IRQHandler                        0x0800029b   Thumb Code     0  startup_stm32f413xx.o(.text)
    USART3_IRQHandler                        0x0800029b   Thumb Code     0  startup_stm32f413xx.o(.text)
    USART6_IRQHandler                        0x0800029b   Thumb Code     0  startup_stm32f413xx.o(.text)
    WWDG_IRQHandler                          0x0800029b   Thumb Code     0  startup_stm32f413xx.o(.text)
    __user_initial_stackheap                 0x0800029d   Thumb Code     0  startup_stm32f413xx.o(.text)
    malloc                                   0x080002c1   Thumb Code    94  h1_alloc.o(.text)
    free                                     0x0800031f   Thumb Code    78  h1_free.o(.text)
    __aeabi_uldivmod                         0x0800036d   Thumb Code     0  lludivv7m.o(.text)
    _ll_udiv                                 0x0800036d   Thumb Code   238  lludivv7m.o(.text)
    __aeabi_memcpy                           0x0800045b   Thumb Code     0  rt_memcpy_v6.o(.text)
    __rt_memcpy                              0x0800045b   Thumb Code   138  rt_memcpy_v6.o(.text)
    _memcpy_lastbytes                        0x080004c1   Thumb Code     0  rt_memcpy_v6.o(.text)
    __aeabi_memcpy4                          0x080004e5   Thumb Code     0  rt_memcpy_w.o(.text)
    __aeabi_memcpy8                          0x080004e5   Thumb Code     0  rt_memcpy_w.o(.text)
    __rt_memcpy_w                            0x080004e5   Thumb Code   100  rt_memcpy_w.o(.text)
    _memcpy_lastbytes_aligned                0x0800052d   Thumb Code     0  rt_memcpy_w.o(.text)
    __aeabi_memclr                           0x08000549   Thumb Code     0  rt_memclr.o(.text)
    __rt_memclr                              0x08000549   Thumb Code    68  rt_memclr.o(.text)
    _memset                                  0x0800054d   Thumb Code     0  rt_memclr.o(.text)
    __aeabi_memclr4                          0x0800058d   Thumb Code     0  rt_memclr_w.o(.text)
    __aeabi_memclr8                          0x0800058d   Thumb Code     0  rt_memclr_w.o(.text)
    __rt_memclr_w                            0x0800058d   Thumb Code    78  rt_memclr_w.o(.text)
    _memset_w                                0x08000591   Thumb Code     0  rt_memclr_w.o(.text)
    __use_two_region_memory                  0x080005db   Thumb Code     2  heapauxi.o(.text)
    __rt_heap_escrow                         0x080005dd   Thumb Code     2  heapauxi.o(.text)
    __rt_heap_expand                         0x080005df   Thumb Code     2  heapauxi.o(.text)
    __rt_heap_descriptor                     0x080005e1   Thumb Code     8  rt_heap_descriptor_intlibspace.o(.text)
    __rt_new_handler_addr                    0x080005e9   Thumb Code     8  rt_new_handler_addr_intlibspace.o(.text)
    __use_no_heap                            0x080005f1   Thumb Code     2  hguard.o(.text)
    __heap$guard                             0x080005f3   Thumb Code     2  hguard.o(.text)
    _terminate_user_alloc                    0x080005f5   Thumb Code     2  init_alloc.o(.text)
    _init_user_alloc                         0x080005f7   Thumb Code     2  init_alloc.o(.text)
    __Heap_Full                              0x080005f9   Thumb Code    34  init_alloc.o(.text)
    __Heap_Broken                            0x0800061b   Thumb Code     6  init_alloc.o(.text)
    _init_alloc                              0x08000621   Thumb Code    94  init_alloc.o(.text)
    __Heap_Initialize                        0x0800067f   Thumb Code    10  h1_init.o(.text)
    __Heap_DescSize                          0x08000689   Thumb Code     4  h1_init.o(.text)
    __default_new_handler()                  0x0800068d   Thumb Code     4  arm_newhandler_noexceptions.o(.text)
    __user_libspace                          0x08000691   Thumb Code     8  libspace.o(.text)
    __user_perproc_libspace                  0x08000691   Thumb Code     0  libspace.o(.text)
    __user_perthread_libspace                0x08000691   Thumb Code     0  libspace.o(.text)
    __Heap_ProvideMemory                     0x08000699   Thumb Code    52  h1_extend.o(.text)
    __rt_SIGRTMEM                            0x080006cd   Thumb Code    14  defsig_rtmem_outer.o(.text)
    std::terminate()                         0x080006db   Thumb Code    26  arm_exceptions_terminate.o(.text)
    __cxa_get_globals                        0x080006fb   Thumb Code    62  arm_exceptions_globs.o(.text)
    __I$use$semihosting                      0x08000745   Thumb Code     0  use_no_semi.o(.text)
    __use_no_semihosting_swi                 0x08000745   Thumb Code     2  use_no_semi.o(.text)
    __semihosting_library_function           0x08000747   Thumb Code     0  indicate_semi.o(.text)
    __user_setup_stackheap                   0x08000747   Thumb Code    74  sys_stackheap_outer.o(.text)
    __rt_eh_globals_addr                     0x08000791   Thumb Code     8  rt_eh_globals_addr_intlibspace.o(.text)
    exit                                     0x08000799   Thumb Code    18  exit.o(.text)
    abort                                    0x080007ab   Thumb Code    22  abort.o(.text)
    __sig_exit                               0x080007c1   Thumb Code    10  defsig_exit.o(.text)
    __rt_SIGRTMEM_inner                      0x080007cd   Thumb Code    22  defsig_rtmem_inner.o(.text)
    __ARM_exceptions_buffer_init             0x0800081d   Thumb Code    18  arm_exceptions_mem.o(.text)
    __ARM_exceptions_buffer_allocate         0x0800082f   Thumb Code    22  arm_exceptions_mem.o(.text)
    __ARM_exceptions_buffer_free             0x08000845   Thumb Code    20  arm_exceptions_mem.o(.text)
    _sys_exit                                0x08000859   Thumb Code     8  sys_exit.o(.text)
    __default_signal_display                 0x08000865   Thumb Code    50  defsig_general.o(.text)
    __rt_SIGABRT                             0x08000897   Thumb Code    14  defsig_abrt_outer.o(.text)
    _ttywrch                                 0x080008a5   Thumb Code    14  sys_wrch.o(.text)
    __rt_SIGABRT_inner                       0x080008b5   Thumb Code    14  defsig_abrt_inner.o(.text)
    BusFault_Handler                         0x080008e5   Thumb Code     2  stm32f4xx_it.o(i.BusFault_Handler)
    DebugMon_Handler                         0x08000935   Thumb Code     2  stm32f4xx_it.o(i.DebugMon_Handler)
    Error_Handler                            0x08000937   Thumb Code     2  main.o(i.Error_Handler)
    FATFS_LinkDriver                         0x08000939   Thumb Code     6  ff_gen_drv.o(i.FATFS_LinkDriver)
    FATFS_LinkDriverEx                       0x08000941   Thumb Code    58  ff_gen_drv.o(i.FATFS_LinkDriverEx)
    HAL_Delay                                0x08000981   Thumb Code    32  stm32f4xx_hal.o(i.HAL_Delay)
    HAL_GPIO_Init                            0x080009a5   Thumb Code   380  stm32f4xx_hal_gpio.o(i.HAL_GPIO_Init)
    HAL_GPIO_ReadPin                         0x08000b49   Thumb Code    14  stm32f4xx_hal_gpio.o(i.HAL_GPIO_ReadPin)
    HAL_GPIO_WritePin                        0x08000b57   Thumb Code    14  stm32f4xx_hal_gpio.o(i.HAL_GPIO_WritePin)
    HAL_GetTick                              0x08000b65   Thumb Code     6  stm32f4xx_hal.o(i.HAL_GetTick)
    HAL_HCD_Connect_Callback                 0x08000b71   Thumb Code     8  usbh_conf.o(i.HAL_HCD_Connect_Callback)
    HAL_HCD_Disconnect_Callback              0x08000b79   Thumb Code     8  usbh_conf.o(i.HAL_HCD_Disconnect_Callback)
    HAL_HCD_GetCurrentFrame                  0x08000b81   Thumb Code     6  stm32f4xx_hal_hcd.o(i.HAL_HCD_GetCurrentFrame)
    HAL_HCD_HC_GetURBState                   0x08000b87   Thumb Code    14  stm32f4xx_hal_hcd.o(i.HAL_HCD_HC_GetURBState)
    HAL_HCD_HC_GetXferCount                  0x08000b95   Thumb Code    12  stm32f4xx_hal_hcd.o(i.HAL_HCD_HC_GetXferCount)
    HAL_HCD_HC_Halt                          0x08000ba1   Thumb Code    36  stm32f4xx_hal_hcd.o(i.HAL_HCD_HC_Halt)
    HAL_HCD_HC_Init                          0x08000bc5   Thumb Code   104  stm32f4xx_hal_hcd.o(i.HAL_HCD_HC_Init)
    HAL_HCD_HC_NotifyURBChange_Callback      0x08000c2d   Thumb Code     2  usbh_conf.o(i.HAL_HCD_HC_NotifyURBChange_Callback)
    HAL_HCD_HC_SubmitRequest                 0x08000c2f   Thumb Code   222  stm32f4xx_hal_hcd.o(i.HAL_HCD_HC_SubmitRequest)
    HAL_HCD_IRQHandler                       0x08000d0d   Thumb Code   306  stm32f4xx_hal_hcd.o(i.HAL_HCD_IRQHandler)
    HAL_HCD_Init                             0x08000e3f   Thumb Code   116  stm32f4xx_hal_hcd.o(i.HAL_HCD_Init)
    HAL_HCD_MspInit                          0x08000eb5   Thumb Code   140  usbh_conf.o(i.HAL_HCD_MspInit)
    HAL_HCD_PortDisabled_Callback            0x08000f49   Thumb Code     8  usbh_conf.o(i.HAL_HCD_PortDisabled_Callback)
    HAL_HCD_PortEnabled_Callback             0x08000f51   Thumb Code     8  usbh_conf.o(i.HAL_HCD_PortEnabled_Callback)
    HAL_HCD_SOF_Callback                     0x08000f59   Thumb Code     8  usbh_conf.o(i.HAL_HCD_SOF_Callback)
    HAL_HCD_Start                            0x08000f61   Thumb Code    44  stm32f4xx_hal_hcd.o(i.HAL_HCD_Start)
    HAL_HCD_Stop                             0x08000f8d   Thumb Code    36  stm32f4xx_hal_hcd.o(i.HAL_HCD_Stop)
    HAL_I2C_Init                             0x08000fb1   Thumb Code   392  stm32f4xx_hal_i2c.o(i.HAL_I2C_Init)
    HAL_I2C_Master_Transmit                  0x08001149   Thumb Code   318  stm32f4xx_hal_i2c.o(i.HAL_I2C_Master_Transmit)
    HAL_I2C_MspInit                          0x08001291   Thumb Code    94  stm32f4xx_hal_msp.o(i.HAL_I2C_MspInit)
    HAL_IncTick                              0x080012fd   Thumb Code    12  stm32f4xx_hal.o(i.HAL_IncTick)
    HAL_Init                                 0x0800130d   Thumb Code    48  stm32f4xx_hal.o(i.HAL_Init)
    HAL_InitTick                             0x08001341   Thumb Code    58  stm32f4xx_hal.o(i.HAL_InitTick)
    HAL_MspInit                              0x08001385   Thumb Code    42  stm32f4xx_hal_msp.o(i.HAL_MspInit)
    HAL_NVIC_EnableIRQ                       0x080013b5   Thumb Code    26  stm32f4xx_hal_cortex.o(i.HAL_NVIC_EnableIRQ)
    HAL_NVIC_SetPriority                     0x080013d1   Thumb Code    60  stm32f4xx_hal_cortex.o(i.HAL_NVIC_SetPriority)
    HAL_NVIC_SetPriorityGrouping             0x08001411   Thumb Code    26  stm32f4xx_hal_cortex.o(i.HAL_NVIC_SetPriorityGrouping)
    HAL_RCCEx_PeriphCLKConfig                0x08001435   Thumb Code   818  stm32f4xx_hal_rcc_ex.o(i.HAL_RCCEx_PeriphCLKConfig)
    HAL_RCC_ClockConfig                      0x08001789   Thumb Code   310  stm32f4xx_hal_rcc.o(i.HAL_RCC_ClockConfig)
    HAL_RCC_GetHCLKFreq                      0x080018d5   Thumb Code     6  stm32f4xx_hal_rcc.o(i.HAL_RCC_GetHCLKFreq)
    HAL_RCC_GetPCLK1Freq                     0x080018e1   Thumb Code    22  stm32f4xx_hal_rcc.o(i.HAL_RCC_GetPCLK1Freq)
    HAL_RCC_GetPCLK2Freq                     0x08001901   Thumb Code    22  stm32f4xx_hal_rcc.o(i.HAL_RCC_GetPCLK2Freq)
    HAL_RCC_GetSysClockFreq                  0x08001921   Thumb Code    94  stm32f4xx_hal_rcc.o(i.HAL_RCC_GetSysClockFreq)
    HAL_RCC_OscConfig                        0x08001989   Thumb Code   890  stm32f4xx_hal_rcc_ex.o(i.HAL_RCC_OscConfig)
    HAL_RTCEx_AlarmBEventCallback            0x08001d15   Thumb Code     2  stm32f4xx_hal_rtc_ex.o(i.HAL_RTCEx_AlarmBEventCallback)
    HAL_RTC_AlarmAEventCallback              0x08001d19   Thumb Code    14  main.o(i.HAL_RTC_AlarmAEventCallback)
    HAL_RTC_AlarmIRQHandler                  0x08001d2d   Thumb Code    86  stm32f4xx_hal_rtc.o(i.HAL_RTC_AlarmIRQHandler)
    HAL_RTC_Init                             0x08001d89   Thumb Code   180  stm32f4xx_hal_rtc.o(i.HAL_RTC_Init)
    HAL_RTC_MspInit                          0x08001e41   Thumb Code    38  stm32f4xx_hal_msp.o(i.HAL_RTC_MspInit)
    HAL_RTC_SetAlarm_IT                      0x08001e71   Thumb Code   394  stm32f4xx_hal_rtc.o(i.HAL_RTC_SetAlarm_IT)
    HAL_RTC_SetDate                          0x08002005   Thumb Code   210  stm32f4xx_hal_rtc.o(i.HAL_RTC_SetDate)
    HAL_RTC_SetTime                          0x080020dd   Thumb Code   244  stm32f4xx_hal_rtc.o(i.HAL_RTC_SetTime)
    HAL_RTC_WaitForSynchro                   0x080021d5   Thumb Code    52  stm32f4xx_hal_rtc.o(i.HAL_RTC_WaitForSynchro)
    HAL_SYSTICK_Config                       0x08002209   Thumb Code    40  stm32f4xx_hal_cortex.o(i.HAL_SYSTICK_Config)
    HAL_TIMEx_BreakCallback                  0x08002231   Thumb Code     2  stm32f4xx_hal_tim_ex.o(i.HAL_TIMEx_BreakCallback)
    HAL_TIMEx_CommutCallback                 0x08002233   Thumb Code     2  stm32f4xx_hal_tim_ex.o(i.HAL_TIMEx_CommutCallback)
    HAL_TIMEx_MasterConfigSynchronization    0x08002235   Thumb Code   114  stm32f4xx_hal_tim_ex.o(i.HAL_TIMEx_MasterConfigSynchronization)
    HAL_TIM_Base_Init                        0x080022c5   Thumb Code    56  stm32f4xx_hal_tim.o(i.HAL_TIM_Base_Init)
    HAL_TIM_Base_MspInit                     0x080022fd   Thumb Code    76  stm32f4xx_hal_msp.o(i.HAL_TIM_Base_MspInit)
    HAL_TIM_Base_Start                       0x08002355   Thumb Code    36  stm32f4xx_hal_tim.o(i.HAL_TIM_Base_Start)
    HAL_TIM_Base_Start_IT                    0x08002379   Thumb Code    34  stm32f4xx_hal_tim.o(i.HAL_TIM_Base_Start_IT)
    HAL_TIM_ConfigClockSource                0x0800239b   Thumb Code   226  stm32f4xx_hal_tim.o(i.HAL_TIM_ConfigClockSource)
    HAL_TIM_IC_CaptureCallback               0x0800247d   Thumb Code     2  stm32f4xx_hal_tim.o(i.HAL_TIM_IC_CaptureCallback)
    HAL_TIM_IRQHandler                       0x0800247f   Thumb Code   366  stm32f4xx_hal_tim.o(i.HAL_TIM_IRQHandler)
    HAL_TIM_OC_DelayElapsedCallback          0x080025ed   Thumb Code     2  stm32f4xx_hal_tim.o(i.HAL_TIM_OC_DelayElapsedCallback)
    HAL_TIM_PWM_PulseFinishedCallback        0x080025ef   Thumb Code     2  stm32f4xx_hal_tim.o(i.HAL_TIM_PWM_PulseFinishedCallback)
    HAL_TIM_PeriodElapsedCallback            0x080025f1   Thumb Code     2  main.o(i.HAL_TIM_PeriodElapsedCallback)
    HAL_TIM_TriggerCallback                  0x080025f3   Thumb Code     2  stm32f4xx_hal_tim.o(i.HAL_TIM_TriggerCallback)
    HAL_UART_Init                            0x080025f5   Thumb Code   100  stm32f4xx_hal_uart.o(i.HAL_UART_Init)
    HAL_UART_MspInit                         0x08002659   Thumb Code    94  stm32f4xx_hal_msp.o(i.HAL_UART_MspInit)
    HardFault_Handler                        0x08002cc5   Thumb Code     2  stm32f4xx_it.o(i.HardFault_Handler)
    MX_FATFS_Init                            0x08002f65   Thumb Code    18  fatfs.o(i.MX_FATFS_Init)
    MX_USB_HOST_Init                         0x08002f81   Thumb Code    52  usb_host.o(i.MX_USB_HOST_Init)
    MemManage_Handler                        0x08002fc1   Thumb Code     2  stm32f4xx_it.o(i.MemManage_Handler)
    NMI_Handler                              0x08002fc3   Thumb Code     2  stm32f4xx_it.o(i.NMI_Handler)
    OTG_FS_IRQHandler                        0x08002fc5   Thumb Code     6  stm32f4xx_it.o(i.OTG_FS_IRQHandler)
    PendSV_Handler                           0x08002fd1   Thumb Code     2  stm32f4xx_it.o(i.PendSV_Handler)
    RTC_Alarm_IRQHandler                     0x08002fd5   Thumb Code     6  stm32f4xx_it.o(i.RTC_Alarm_IRQHandler)
    RTC_ByteToBcd2                           0x08002fe1   Thumb Code    22  stm32f4xx_hal_rtc.o(i.RTC_ByteToBcd2)
    RTC_EnterInitMode                        0x08002ff7   Thumb Code    56  stm32f4xx_hal_rtc.o(i.RTC_EnterInitMode)
    SVC_Handler                              0x0800302f   Thumb Code     2  stm32f4xx_it.o(i.SVC_Handler)
    SysTick_Handler                          0x08003031   Thumb Code     4  stm32f4xx_it.o(i.SysTick_Handler)
    SystemInit                               0x08003035   Thumb Code    22  system_stm32f4xx.o(i.SystemInit)
    TIM1_UP_TIM10_IRQHandler                 0x08003051   Thumb Code     6  stm32f4xx_it.o(i.TIM1_UP_TIM10_IRQHandler)
    TIM_Base_SetConfig                       0x0800305d   Thumb Code   160  stm32f4xx_hal_tim.o(i.TIM_Base_SetConfig)
    TIM_ETR_SetConfig                        0x08003129   Thumb Code    20  stm32f4xx_hal_tim.o(i.TIM_ETR_SetConfig)
    USBH_AllocPipe                           0x08003391   Thumb Code    40  usbh_pipes.o(i.USBH_AllocPipe)
    USBH_BulkReceiveData                     0x080033b9   Thumb Code    32  usbh_ioreq.o(i.USBH_BulkReceiveData)
    USBH_BulkSendData                        0x080033d9   Thumb Code    44  usbh_ioreq.o(i.USBH_BulkSendData)
    USBH_ClosePipe                           0x08003405   Thumb Code    10  usbh_pipes.o(i.USBH_ClosePipe)
    USBH_ClrFeature                          0x0800340f   Thumb Code    30  usbh_ctlreq.o(i.USBH_ClrFeature)
    USBH_CtlReceiveData                      0x0800342d   Thumb Code    32  usbh_ioreq.o(i.USBH_CtlReceiveData)
    USBH_CtlReq                              0x0800344d   Thumb Code    58  usbh_ctlreq.o(i.USBH_CtlReq)
    USBH_CtlSendData                         0x08003487   Thumb Code    44  usbh_ioreq.o(i.USBH_CtlSendData)
    USBH_CtlSendSetup                        0x080034b3   Thumb Code    30  usbh_ioreq.o(i.USBH_CtlSendSetup)
    USBH_FindInterface                       0x080034d1   Thumb Code    68  usbh_core.o(i.USBH_FindInterface)
    USBH_FreePipe                            0x08003515   Thumb Code    24  usbh_pipes.o(i.USBH_FreePipe)
    USBH_Get_USB_Status                      0x0800354b   Thumb Code    36  usbh_conf.o(i.USBH_Get_USB_Status)
    USBH_Init                                0x08003745   Thumb Code    66  usbh_core.o(i.USBH_Init)
    USBH_LL_ClosePipe                        0x08003787   Thumb Code    18  usbh_conf.o(i.USBH_LL_ClosePipe)
    USBH_LL_Connect                          0x08003799   Thumb Code    18  usbh_core.o(i.USBH_LL_Connect)
    USBH_LL_Disconnect                       0x080037ab   Thumb Code    46  usbh_core.o(i.USBH_LL_Disconnect)
    USBH_LL_DriverVBUS                       0x080037d9   Thumb Code    30  usbh_conf.o(i.USBH_LL_DriverVBUS)
    USBH_LL_GetLastXferSize                  0x080037fd   Thumb Code     8  usbh_conf.o(i.USBH_LL_GetLastXferSize)
    USBH_LL_GetToggle                        0x08003805   Thumb Code    32  usbh_conf.o(i.USBH_LL_GetToggle)
    USBH_LL_GetURBState                      0x08003825   Thumb Code     8  usbh_conf.o(i.USBH_LL_GetURBState)
    USBH_LL_IncTimer                         0x0800382d   Thumb Code    14  usbh_core.o(i.USBH_LL_IncTimer)
    USBH_LL_Init                             0x0800383d   Thumb Code    74  usbh_conf.o(i.USBH_LL_Init)
    USBH_LL_OpenPipe                         0x0800388d   Thumb Code    30  usbh_conf.o(i.USBH_LL_OpenPipe)
    USBH_LL_PortDisabled                     0x080038ab   Thumb Code     8  usbh_core.o(i.USBH_LL_PortDisabled)
    USBH_LL_PortEnabled                      0x080038b3   Thumb Code     8  usbh_core.o(i.USBH_LL_PortEnabled)
    USBH_LL_SetTimer                         0x080038bb   Thumb Code     6  usbh_core.o(i.USBH_LL_SetTimer)
    USBH_LL_SetToggle                        0x080038c1   Thumb Code    34  usbh_conf.o(i.USBH_LL_SetToggle)
    USBH_LL_Start                            0x080038e3   Thumb Code    18  usbh_conf.o(i.USBH_LL_Start)
    USBH_LL_Stop                             0x080038f5   Thumb Code    18  usbh_conf.o(i.USBH_LL_Stop)
    USBH_LL_SubmitURB                        0x08003907   Thumb Code    38  usbh_conf.o(i.USBH_LL_SubmitURB)
    USBH_MSC_BOT_Init                        0x08003951   Thumb Code    26  usbh_msc_bot.o(i.USBH_MSC_BOT_Init)
    USBH_MSC_BOT_Process                     0x08003975   Thumb Code   550  usbh_msc_bot.o(i.USBH_MSC_BOT_Process)
    USBH_MSC_BOT_REQ_GetMaxLUN               0x08003b9b   Thumb Code    22  usbh_msc_bot.o(i.USBH_MSC_BOT_REQ_GetMaxLUN)
    USBH_MSC_BOT_REQ_Reset                   0x08003bb1   Thumb Code    24  usbh_msc_bot.o(i.USBH_MSC_BOT_REQ_Reset)
    USBH_MSC_GetLUNInfo                      0x08003c8d   Thumb Code    46  usbh_msc.o(i.USBH_MSC_GetLUNInfo)
    USBH_MSC_Read                            0x080041e9   Thumb Code   140  usbh_msc.o(i.USBH_MSC_Read)
    USBH_MSC_SCSI_Inquiry                    0x08004275   Thumb Code   200  usbh_msc_scsi.o(i.USBH_MSC_SCSI_Inquiry)
    USBH_MSC_SCSI_Read                       0x0800433d   Thumb Code   126  usbh_msc_scsi.o(i.USBH_MSC_SCSI_Read)
    USBH_MSC_SCSI_ReadCapacity               0x080043bb   Thumb Code   134  usbh_msc_scsi.o(i.USBH_MSC_SCSI_ReadCapacity)
    USBH_MSC_SCSI_RequestSense               0x08004441   Thumb Code   134  usbh_msc_scsi.o(i.USBH_MSC_SCSI_RequestSense)
    USBH_MSC_SCSI_TestUnitReady              0x080044c7   Thumb Code    74  usbh_msc_scsi.o(i.USBH_MSC_SCSI_TestUnitReady)
    USBH_MSC_SCSI_Write                      0x08004511   Thumb Code   126  usbh_msc_scsi.o(i.USBH_MSC_SCSI_Write)
    USBH_MSC_UnitIsReady                     0x08004593   Thumb Code    38  usbh_msc.o(i.USBH_MSC_UnitIsReady)
    USBH_MSC_Write                           0x080045b9   Thumb Code   140  usbh_msc.o(i.USBH_MSC_Write)
    USBH_OpenPipe                            0x08004645   Thumb Code    22  usbh_pipes.o(i.USBH_OpenPipe)
    USBH_RegisterClass                       0x0800465b   Thumb Code    34  usbh_core.o(i.USBH_RegisterClass)
    USBH_SelectInterface                     0x0800467d   Thumb Code    22  usbh_core.o(i.USBH_SelectInterface)
    USBH_Start                               0x08004693   Thumb Code    22  usbh_core.o(i.USBH_Start)
    USBH_initialize                          0x080046d1   Thumb Code     4  usbh_diskio.o(i.USBH_initialize)
    USBH_ioctl                               0x080046d5   Thumb Code   108  usbh_diskio.o(i.USBH_ioctl)
    USBH_read                                0x08004745   Thumb Code    62  usbh_diskio.o(i.USBH_read)
    USBH_status                              0x08004789   Thumb Code    20  usbh_diskio.o(i.USBH_status)
    USBH_write                               0x080047a1   Thumb Code    70  usbh_diskio.o(i.USBH_write)
    USB_CoreInit                             0x080047ed   Thumb Code   122  stm32f4xx_ll_usb.o(i.USB_CoreInit)
    USB_DisableGlobalInt                     0x080048a5   Thumb Code    12  stm32f4xx_ll_usb.o(i.USB_DisableGlobalInt)
    USB_DoPing                               0x080048b1   Thumb Code    28  stm32f4xx_ll_usb.o(i.USB_DoPing)
    USB_DriveVbus                            0x080048d1   Thumb Code    58  stm32f4xx_ll_usb.o(i.USB_DriveVbus)
    USB_EnableGlobalInt                      0x0800490b   Thumb Code    12  stm32f4xx_ll_usb.o(i.USB_EnableGlobalInt)
    USB_FlushRxFifo                          0x08004919   Thumb Code    28  stm32f4xx_ll_usb.o(i.USB_FlushRxFifo)
    USB_FlushTxFifo                          0x08004939   Thumb Code    32  stm32f4xx_ll_usb.o(i.USB_FlushTxFifo)
    USB_GetCurrentFrame                      0x0800495d   Thumb Code     8  stm32f4xx_ll_usb.o(i.USB_GetCurrentFrame)
    USB_GetMode                              0x08004965   Thumb Code     8  stm32f4xx_ll_usb.o(i.USB_GetMode)
    USB_HC_Halt                              0x0800496d   Thumb Code   196  stm32f4xx_ll_usb.o(i.USB_HC_Halt)
    USB_HC_Init                              0x08004a31   Thumb Code   272  stm32f4xx_ll_usb.o(i.USB_HC_Init)
    USB_HC_ReadInterrupt                     0x08004b41   Thumb Code     8  stm32f4xx_ll_usb.o(i.USB_HC_ReadInterrupt)
    USB_HC_StartXfer                         0x08004b49   Thumb Code   326  stm32f4xx_ll_usb.o(i.USB_HC_StartXfer)
    USB_HostInit                             0x08004c95   Thumb Code   204  stm32f4xx_ll_usb.o(i.USB_HostInit)
    USB_InitFSLSPClkSel                      0x08004d75   Thumb Code    58  stm32f4xx_ll_usb.o(i.USB_InitFSLSPClkSel)
    USB_ReadInterrupts                       0x08004daf   Thumb Code     8  stm32f4xx_ll_usb.o(i.USB_ReadInterrupts)
    USB_ReadPacket                           0x08004db7   Thumb Code    30  stm32f4xx_ll_usb.o(i.USB_ReadPacket)
    USB_SetCurrentMode                       0x08004dd5   Thumb Code    48  stm32f4xx_ll_usb.o(i.USB_SetCurrentMode)
    USB_StopHost                             0x08004e05   Thumb Code   128  stm32f4xx_ll_usb.o(i.USB_StopHost)
    USB_WritePacket                          0x08004e85   Thumb Code    38  stm32f4xx_ll_usb.o(i.USB_WritePacket)
    UsageFault_Handler                       0x08004eab   Thumb Code     2  stm32f4xx_it.o(i.UsageFault_Handler)
    MX_TIM3_Init()                           0x080050ed   Thumb Code    94  tim_delay.o(i._Z12MX_TIM3_Initv)
    lcd_send_cmd(char)                       0x08005155   Thumb Code    58  i2c_lcd.o(i._Z12lcd_send_cmdc)
    Error_Handler()                          0x08005195   Thumb Code     2  tim_delay.o(i._Z13Error_Handlerv)
    lcd_send_data(char)                      0x080051d1   Thumb Code    58  i2c_lcd.o(i._Z13lcd_send_datac)
    SystemClock_Config()                     0x08005211   Thumb Code   178  main.o(i._Z18SystemClock_Configv)
    delay(unsigned short)                    0x08005305   Thumb Code    18  tim_delay.o(i._Z5delayt)
    lcd_init()                               0x0800531d   Thumb Code   120  i2c_lcd.o(i._Z8lcd_initv)
    TIM_Start()                              0x08005395   Thumb Code     6  tim_delay.o(i._Z9TIM_Startv)
    lcd_clear()                              0x080053a1   Thumb Code    24  i2c_lcd.o(i._Z9lcd_clearv)
    ComponentsManager::getInstance()         0x080053b9   Thumb Code    26  componentsmanager.o(i._ZN17ComponentsManager11getInstanceEv)
    ComponentsManager::GetDS18B20Measurement(DS18B20MeasureObject&) 0x080053d9   Thumb Code     6  componentsmanager.o(i._ZN17ComponentsManager21GetDS18B20MeasurementER20DS18B20MeasureObject)
    ComponentsManager::ComponentsManager()   0x080053e1   Thumb Code    26  componentsmanager.o(i._ZN17ComponentsManagerC1Ev)
    ComponentsManager::ComponentsManager__sub_object() 0x080053e1   Thumb Code     0  componentsmanager.o(i._ZN17ComponentsManagerC1Ev)
    DHT22::DHT22(unsigned short, GPIO_TypeDef*) 0x08005401   Thumb Code    10  dht22.o(i._ZN5DHT22C1EtP12GPIO_TypeDef)
    DHT22::DHT22__sub_object(unsigned short, GPIO_TypeDef*) 0x08005401   Thumb Code     0  dht22.o(i._ZN5DHT22C1EtP12GPIO_TypeDef)
    DS18B20::Check_Response()                0x08005411   Thumb Code    36  ds18b20.o(i._ZN7DS18B2014Check_ResponseEv)
    DS18B20::GetMeasurement(DS18B20MeasureObject&) 0x08005435   Thumb Code   150  ds18b20.o(i._ZN7DS18B2014GetMeasurementER20DS18B20MeasureObject)
    DS18B20::Read()                          0x080054d1   Thumb Code    82  ds18b20.o(i._ZN7DS18B204ReadEv)
    DS18B20::Start()                         0x08005523   Thumb Code    42  ds18b20.o(i._ZN7DS18B205StartEv)
    DS18B20::Write(unsigned char)            0x0800554d   Thumb Code   110  ds18b20.o(i._ZN7DS18B205WriteEh)
    DS18B20::DS18B20(unsigned short, GPIO_TypeDef*) 0x080055bd   Thumb Code    10  ds18b20.o(i._ZN7DS18B20C1EtP12GPIO_TypeDef)
    DS18B20::DS18B20__sub_object(unsigned short, GPIO_TypeDef*) 0x080055bd   Thumb Code     0  ds18b20.o(i._ZN7DS18B20C1EtP12GPIO_TypeDef)
    ISensor::Set_Pin_Input(GPIO_TypeDef*, unsigned short) 0x080055cd   Thumb Code    36  isensor.o(i._ZN7ISensor13Set_Pin_InputEP12GPIO_TypeDeft)
    ISensor::Set_Pin_Output(GPIO_TypeDef*, unsigned short) 0x080055f1   Thumb Code    38  isensor.o(i._ZN7ISensor14Set_Pin_OutputEP12GPIO_TypeDeft)
    operator new(unsigned)                   0x08005619   Thumb Code    34  new.o(i._Znwj)
    main                                     0x08005661   Thumb Code    68  main.o(i.main)
    _fp_init                                 0x080056ad   Thumb Code    10  fpinit.o(x$fpl$fpinit)
    __fplib_config_fpu_vfp                   0x080056b5   Thumb Code     0  fpinit.o(x$fpl$fpinit)
    __fplib_config_pureend_doubles           0x080056b5   Thumb Code     0  fpinit.o(x$fpl$fpinit)
    USBH_Driver                              0x080056b8   Data          20  usbh_diskio.o(.constdata)
    AHBPrescTable                            0x080056cc   Data          16  system_stm32f4xx.o(.constdata)
    APBPrescTable                            0x080056dc   Data           8  system_stm32f4xx.o(.constdata)
    vtable for DHT22                         0x080056e4   Data          28  dht22.o(.constdata__ZTV5DHT22)
    vtable for DS18B20                       0x08005700   Data          28  ds18b20.o(.constdata__ZTV7DS18B20)
    Region$$Table$$Base                      0x08005720   Number         0  anon$$obj.o(Region$$Table)
    Region$$Table$$Limit                     0x08005740   Number         0  anon$$obj.o(Region$$Table)
    l_manager                                0x20000000   Data           4  main.o(.data)
    retUSBH                                  0x20000004   Data           1  fatfs.o(.data)
    USBHPath                                 0x20000005   Data           4  fatfs.o(.data)
    Appli_state                              0x20000009   Data           1  usb_host.o(.data)
    isMounted                                0x2000000a   Data           1  usb_host.o(.data)
    isChanged                                0x2000000b   Data           1  usb_host.o(.data)
    uwTickFreq                               0x20000010   Data           1  stm32f4xx_hal.o(.data)
    uwTickPrio                               0x20000014   Data           4  stm32f4xx_hal.o(.data)
    uwTick                                   0x20000018   Data           4  stm32f4xx_hal.o(.data)
    SystemCoreClock                          0x2000001c   Data           4  system_stm32f4xx.o(.data)
    USBH_msc                                 0x20000020   Data          32  usbh_msc.o(.data)
    ComponentsManager::m_Instance            0x20000040   Data           4  componentsmanager.o(.data)
    hi2c1                                    0x20000044   Data          84  main.o(.bss)
    hrtc                                     0x20000098   Data          32  main.o(.bss)
    htim10                                   0x200000b8   Data          64  main.o(.bss)
    huart3                                   0x200000f8   Data          64  main.o(.bss)
    hUsbHostFS                               0x20000138   Data         984  usb_host.o(.bss)
    USBH_fatfs                               0x20000510   Data         560  usb_host.o(.bss)
    MyFile                                   0x20000740   Data         560  usb_host.o(.bss)
    fno                                      0x20000970   Data          24  usb_host.o(.bss)
    hhcd_USB_OTG_FS                          0x20000988   Data         708  usbh_conf.o(.bss)
    disk                                     0x20000c4c   Data          12  ff_gen_drv.o(.bss)
    __libspace_start                         0x20000c98   Data          96  libspace.o(.bss)
    __temporary_stack_top$libspace           0x20000cf8   Data           0  libspace.o(.bss)



==============================================================================

Memory Map of the image

  Image Entry point : 0x080001d9

  Load Region LR_IROM1 (Base: 0x08000000, Size: 0x00005784, Max: 0x00180000, ABSOLUTE)

    Execution Region ER_IROM1 (Exec base: 0x08000000, Load base: 0x08000000, Size: 0x00005740, Max: 0x00180000, ABSOLUTE)

    Exec Addr    Load Addr    Size         Type   Attr      Idx    E Section Name        Object

    0x08000000   0x08000000   0x000001d8   Data   RO            3    RESET               startup_stm32f413xx.o
    0x080001d8   0x080001d8   0x00000008   Code   RO         6398  * !!!main             c_w.l(__main.o)
    0x080001e0   0x080001e0   0x00000034   Code   RO         6842    !!!scatter          c_w.l(__scatter.o)
    0x08000214   0x08000214   0x0000001a   Code   RO         6844    !!handler_copy      c_w.l(__scatter_copy.o)
    0x0800022e   0x0800022e   0x00000002   PAD
    0x08000230   0x08000230   0x0000001c   Code   RO         6846    !!handler_zi        c_w.l(__scatter_zi.o)
    0x0800024c   0x0800024c   0x00000002   Code   RO         6762    .ARM.Collect$$libinit$$00000000  c_w.l(libinit.o)
    0x0800024e   0x0800024e   0x00000004   Code   RO         6571    .ARM.Collect$$libinit$$00000001  c_w.l(libinit2.o)
    0x08000252   0x08000252   0x00000000   Code   RO         6574    .ARM.Collect$$libinit$$00000004  c_w.l(libinit2.o)
    0x08000252   0x08000252   0x00000008   Code   RO         6575    .ARM.Collect$$libinit$$00000005  c_w.l(libinit2.o)
    0x0800025a   0x0800025a   0x00000000   Code   RO         6577    .ARM.Collect$$libinit$$0000000A  c_w.l(libinit2.o)
    0x0800025a   0x0800025a   0x00000000   Code   RO         6579    .ARM.Collect$$libinit$$0000000C  c_w.l(libinit2.o)
    0x0800025a   0x0800025a   0x00000000   Code   RO         6581    .ARM.Collect$$libinit$$0000000E  c_w.l(libinit2.o)
    0x0800025a   0x0800025a   0x00000000   Code   RO         6584    .ARM.Collect$$libinit$$00000011  c_w.l(libinit2.o)
    0x0800025a   0x0800025a   0x00000000   Code   RO         6586    .ARM.Collect$$libinit$$00000013  c_w.l(libinit2.o)
    0x0800025a   0x0800025a   0x00000000   Code   RO         6588    .ARM.Collect$$libinit$$00000015  c_w.l(libinit2.o)
    0x0800025a   0x0800025a   0x00000000   Code   RO         6590    .ARM.Collect$$libinit$$00000017  c_w.l(libinit2.o)
    0x0800025a   0x0800025a   0x00000000   Code   RO         6592    .ARM.Collect$$libinit$$00000019  c_w.l(libinit2.o)
    0x0800025a   0x0800025a   0x00000000   Code   RO         6594    .ARM.Collect$$libinit$$0000001B  c_w.l(libinit2.o)
    0x0800025a   0x0800025a   0x00000000   Code   RO         6596    .ARM.Collect$$libinit$$0000001D  c_w.l(libinit2.o)
    0x0800025a   0x0800025a   0x00000000   Code   RO         6598    .ARM.Collect$$libinit$$0000001F  c_w.l(libinit2.o)
    0x0800025a   0x0800025a   0x00000000   Code   RO         6600    .ARM.Collect$$libinit$$00000021  c_w.l(libinit2.o)
    0x0800025a   0x0800025a   0x00000000   Code   RO         6602    .ARM.Collect$$libinit$$00000023  c_w.l(libinit2.o)
    0x0800025a   0x0800025a   0x00000000   Code   RO         6604    .ARM.Collect$$libinit$$00000025  c_w.l(libinit2.o)
    0x0800025a   0x0800025a   0x00000000   Code   RO         6608    .ARM.Collect$$libinit$$0000002C  c_w.l(libinit2.o)
    0x0800025a   0x0800025a   0x00000000   Code   RO         6610    .ARM.Collect$$libinit$$0000002E  c_w.l(libinit2.o)
    0x0800025a   0x0800025a   0x00000000   Code   RO         6612    .ARM.Collect$$libinit$$00000030  c_w.l(libinit2.o)
    0x0800025a   0x0800025a   0x00000000   Code   RO         6614    .ARM.Collect$$libinit$$00000032  c_w.l(libinit2.o)
    0x0800025a   0x0800025a   0x00000002   Code   RO         6615    .ARM.Collect$$libinit$$00000033  c_w.l(libinit2.o)
    0x0800025c   0x0800025c   0x00000002   Code   RO         6839    .ARM.Collect$$libshutdown$$00000000  c_w.l(libshutdown.o)
    0x0800025e   0x0800025e   0x00000000   Code   RO         6797    .ARM.Collect$$libshutdown$$00000002  c_w.l(libshutdown2.o)
    0x0800025e   0x0800025e   0x00000000   Code   RO         6799    .ARM.Collect$$libshutdown$$00000004  c_w.l(libshutdown2.o)
    0x0800025e   0x0800025e   0x00000000   Code   RO         6802    .ARM.Collect$$libshutdown$$00000007  c_w.l(libshutdown2.o)
    0x0800025e   0x0800025e   0x00000000   Code   RO         6805    .ARM.Collect$$libshutdown$$0000000A  c_w.l(libshutdown2.o)
    0x0800025e   0x0800025e   0x00000000   Code   RO         6807    .ARM.Collect$$libshutdown$$0000000C  c_w.l(libshutdown2.o)
    0x0800025e   0x0800025e   0x00000000   Code   RO         6810    .ARM.Collect$$libshutdown$$0000000F  c_w.l(libshutdown2.o)
    0x0800025e   0x0800025e   0x00000002   Code   RO         6811    .ARM.Collect$$libshutdown$$00000010  c_w.l(libshutdown2.o)
    0x08000260   0x08000260   0x00000000   Code   RO         6527    .ARM.Collect$$rtentry$$00000000  c_w.l(__rtentry.o)
    0x08000260   0x08000260   0x00000000   Code   RO         6661    .ARM.Collect$$rtentry$$00000002  c_w.l(__rtentry2.o)
    0x08000260   0x08000260   0x00000006   Code   RO         6673    .ARM.Collect$$rtentry$$00000004  c_w.l(__rtentry4.o)
    0x08000266   0x08000266   0x00000000   Code   RO         6663    .ARM.Collect$$rtentry$$00000009  c_w.l(__rtentry2.o)
    0x08000266   0x08000266   0x00000004   Code   RO         6664    .ARM.Collect$$rtentry$$0000000A  c_w.l(__rtentry2.o)
    0x0800026a   0x0800026a   0x00000000   Code   RO         6666    .ARM.Collect$$rtentry$$0000000C  c_w.l(__rtentry2.o)
    0x0800026a   0x0800026a   0x00000008   Code   RO         6667    .ARM.Collect$$rtentry$$0000000D  c_w.l(__rtentry2.o)
    0x08000272   0x08000272   0x00000002   Code   RO         6778    .ARM.Collect$$rtexit$$00000000  c_w.l(rtexit.o)
    0x08000274   0x08000274   0x00000000   Code   RO         6815    .ARM.Collect$$rtexit$$00000002  c_w.l(rtexit2.o)
    0x08000274   0x08000274   0x00000004   Code   RO         6816    .ARM.Collect$$rtexit$$00000003  c_w.l(rtexit2.o)
    0x08000278   0x08000278   0x00000006   Code   RO         6817    .ARM.Collect$$rtexit$$00000004  c_w.l(rtexit2.o)
    0x0800027e   0x0800027e   0x00000002   PAD
    0x08000280   0x08000280   0x00000000   Code   RO         6679    .emb_text           c_w.l(maybetermalloc1.o)
    0x08000280   0x08000280   0x00000040   Code   RO            4    .text               startup_stm32f413xx.o
    0x080002c0   0x080002c0   0x0000005e   Code   RO         6296    .text               c_w.l(h1_alloc.o)
    0x0800031e   0x0800031e   0x0000004e   Code   RO         6298    .text               c_w.l(h1_free.o)
    0x0800036c   0x0800036c   0x000000ee   Code   RO         6354    .text               c_w.l(lludivv7m.o)
    0x0800045a   0x0800045a   0x0000008a   Code   RO         6388    .text               c_w.l(rt_memcpy_v6.o)
    0x080004e4   0x080004e4   0x00000064   Code   RO         6390    .text               c_w.l(rt_memcpy_w.o)
    0x08000548   0x08000548   0x00000044   Code   RO         6392    .text               c_w.l(rt_memclr.o)
    0x0800058c   0x0800058c   0x0000004e   Code   RO         6394    .text               c_w.l(rt_memclr_w.o)
    0x080005da   0x080005da   0x00000006   Code   RO         6396    .text               c_w.l(heapauxi.o)
    0x080005e0   0x080005e0   0x00000008   Code   RO         6535    .text               c_w.l(rt_heap_descriptor_intlibspace.o)
    0x080005e8   0x080005e8   0x00000008   Code   RO         6540    .text               c_w.l(rt_new_handler_addr_intlibspace.o)
    0x080005f0   0x080005f0   0x00000004   Code   RO         6542    .text               c_w.l(hguard.o)
    0x080005f4   0x080005f4   0x0000008a   Code   RO         6544    .text               c_w.l(init_alloc.o)
    0x0800067e   0x0800067e   0x0000000e   Code   RO         6548    .text               c_w.l(h1_init.o)
    0x0800068c   0x0800068c   0x00000004   Code   RO         6619    .text               cpprt_w.l(arm_newhandler_noexceptions.o)
    0x08000690   0x08000690   0x00000008   Code   RO         6657    .text               c_w.l(libspace.o)
    0x08000698   0x08000698   0x00000034   Code   RO         6681    .text               c_w.l(h1_extend.o)
    0x080006cc   0x080006cc   0x0000000e   Code   RO         6687    .text               c_w.l(defsig_rtmem_outer.o)
    0x080006da   0x080006da   0x0000001a   Code   RO         6712    .text               cpprt_w.l(arm_exceptions_terminate.o)
    0x080006f4   0x080006f4   0x00000050   Code   RO         6719    .text               cpprt_w.l(arm_exceptions_globs.o)
    0x08000744   0x08000744   0x00000002   Code   RO         6727    .text               c_w.l(use_no_semi.o)
    0x08000746   0x08000746   0x00000000   Code   RO         6729    .text               c_w.l(indicate_semi.o)
    0x08000746   0x08000746   0x0000004a   Code   RO         6730    .text               c_w.l(sys_stackheap_outer.o)
    0x08000790   0x08000790   0x00000008   Code   RO         6737    .text               c_w.l(rt_eh_globals_addr_intlibspace.o)
    0x08000798   0x08000798   0x00000012   Code   RO         6741    .text               c_w.l(exit.o)
    0x080007aa   0x080007aa   0x00000016   Code   RO         6743    .text               c_w.l(abort.o)
    0x080007c0   0x080007c0   0x0000000a   Code   RO         6745    .text               c_w.l(defsig_exit.o)
    0x080007ca   0x080007ca   0x00000002   PAD
    0x080007cc   0x080007cc   0x00000050   Code   RO         6751    .text               c_w.l(defsig_rtmem_inner.o)
    0x0800081c   0x0800081c   0x0000003c   Code   RO         6766    .text               cpprt_w.l(arm_exceptions_mem.o)
    0x08000858   0x08000858   0x0000000c   Code   RO         6776    .text               c_w.l(sys_exit.o)
    0x08000864   0x08000864   0x00000032   Code   RO         6788    .text               c_w.l(defsig_general.o)
    0x08000896   0x08000896   0x0000000e   Code   RO         6790    .text               c_w.l(defsig_abrt_outer.o)
    0x080008a4   0x080008a4   0x0000000e   Code   RO         6812    .text               c_w.l(sys_wrch.o)
    0x080008b2   0x080008b2   0x00000002   PAD
    0x080008b4   0x080008b4   0x00000030   Code   RO         6821    .text               c_w.l(defsig_abrt_inner.o)
    0x080008e4   0x080008e4   0x00000002   Code   RO          836    i.BusFault_Handler  stm32f4xx_it.o
    0x080008e6   0x080008e6   0x0000004e   Code   RO         5398    i.DeInitStateMachine  usbh_core.o
    0x08000934   0x08000934   0x00000002   Code   RO          837    i.DebugMon_Handler  stm32f4xx_it.o
    0x08000936   0x08000936   0x00000002   Code   RO           13    i.Error_Handler     main.o
    0x08000938   0x08000938   0x00000006   Code   RO         5324    i.FATFS_LinkDriver  ff_gen_drv.o
    0x0800093e   0x0800093e   0x00000002   PAD
    0x08000940   0x08000940   0x00000040   Code   RO         5325    i.FATFS_LinkDriverEx  ff_gen_drv.o
    0x08000980   0x08000980   0x00000024   Code   RO         2486    i.HAL_Delay         stm32f4xx_hal.o
    0x080009a4   0x080009a4   0x000001a4   Code   RO         1936    i.HAL_GPIO_Init     stm32f4xx_hal_gpio.o
    0x08000b48   0x08000b48   0x0000000e   Code   RO         1938    i.HAL_GPIO_ReadPin  stm32f4xx_hal_gpio.o
    0x08000b56   0x08000b56   0x0000000e   Code   RO         1940    i.HAL_GPIO_WritePin  stm32f4xx_hal_gpio.o
    0x08000b64   0x08000b64   0x0000000c   Code   RO         2492    i.HAL_GetTick       stm32f4xx_hal.o
    0x08000b70   0x08000b70   0x00000008   Code   RO          631    i.HAL_HCD_Connect_Callback  usbh_conf.o
    0x08000b78   0x08000b78   0x00000008   Code   RO          632    i.HAL_HCD_Disconnect_Callback  usbh_conf.o
    0x08000b80   0x08000b80   0x00000006   Code   RO         1005    i.HAL_HCD_GetCurrentFrame  stm32f4xx_hal_hcd.o
    0x08000b86   0x08000b86   0x0000000e   Code   RO         1009    i.HAL_HCD_HC_GetURBState  stm32f4xx_hal_hcd.o
    0x08000b94   0x08000b94   0x0000000c   Code   RO         1010    i.HAL_HCD_HC_GetXferCount  stm32f4xx_hal_hcd.o
    0x08000ba0   0x08000ba0   0x00000024   Code   RO         1011    i.HAL_HCD_HC_Halt   stm32f4xx_hal_hcd.o
    0x08000bc4   0x08000bc4   0x00000068   Code   RO         1012    i.HAL_HCD_HC_Init   stm32f4xx_hal_hcd.o
    0x08000c2c   0x08000c2c   0x00000002   Code   RO          633    i.HAL_HCD_HC_NotifyURBChange_Callback  usbh_conf.o
    0x08000c2e   0x08000c2e   0x000000de   Code   RO         1014    i.HAL_HCD_HC_SubmitRequest  stm32f4xx_hal_hcd.o
    0x08000d0c   0x08000d0c   0x00000132   Code   RO         1015    i.HAL_HCD_IRQHandler  stm32f4xx_hal_hcd.o
    0x08000e3e   0x08000e3e   0x00000074   Code   RO         1016    i.HAL_HCD_Init      stm32f4xx_hal_hcd.o
    0x08000eb2   0x08000eb2   0x00000002   PAD
    0x08000eb4   0x08000eb4   0x00000094   Code   RO          635    i.HAL_HCD_MspInit   usbh_conf.o
    0x08000f48   0x08000f48   0x00000008   Code   RO          636    i.HAL_HCD_PortDisabled_Callback  usbh_conf.o
    0x08000f50   0x08000f50   0x00000008   Code   RO          637    i.HAL_HCD_PortEnabled_Callback  usbh_conf.o
    0x08000f58   0x08000f58   0x00000008   Code   RO          638    i.HAL_HCD_SOF_Callback  usbh_conf.o
    0x08000f60   0x08000f60   0x0000002c   Code   RO         1023    i.HAL_HCD_Start     stm32f4xx_hal_hcd.o
    0x08000f8c   0x08000f8c   0x00000024   Code   RO         1024    i.HAL_HCD_Stop      stm32f4xx_hal_hcd.o
    0x08000fb0   0x08000fb0   0x00000198   Code   RO         2748    i.HAL_I2C_Init      stm32f4xx_hal_i2c.o
    0x08001148   0x08001148   0x00000148   Code   RO         2761    i.HAL_I2C_Master_Transmit  stm32f4xx_hal_i2c.o
    0x08001290   0x08001290   0x0000006c   Code   RO          931    i.HAL_I2C_MspInit   stm32f4xx_hal_msp.o
    0x080012fc   0x080012fc   0x00000010   Code   RO         2498    i.HAL_IncTick       stm32f4xx_hal.o
    0x0800130c   0x0800130c   0x00000034   Code   RO         2499    i.HAL_Init          stm32f4xx_hal.o
    0x08001340   0x08001340   0x00000044   Code   RO         2500    i.HAL_InitTick      stm32f4xx_hal.o
    0x08001384   0x08001384   0x00000030   Code   RO          932    i.HAL_MspInit       stm32f4xx_hal_msp.o
    0x080013b4   0x080013b4   0x0000001a   Code   RO         2349    i.HAL_NVIC_EnableIRQ  stm32f4xx_hal_cortex.o
    0x080013ce   0x080013ce   0x00000002   PAD
    0x080013d0   0x080013d0   0x00000040   Code   RO         2355    i.HAL_NVIC_SetPriority  stm32f4xx_hal_cortex.o
    0x08001410   0x08001410   0x00000024   Code   RO         2356    i.HAL_NVIC_SetPriorityGrouping  stm32f4xx_hal_cortex.o
    0x08001434   0x08001434   0x00000354   Code   RO         1590    i.HAL_RCCEx_PeriphCLKConfig  stm32f4xx_hal_rcc_ex.o
    0x08001788   0x08001788   0x0000014c   Code   RO         1485    i.HAL_RCC_ClockConfig  stm32f4xx_hal_rcc.o
    0x080018d4   0x080018d4   0x0000000c   Code   RO         1490    i.HAL_RCC_GetHCLKFreq  stm32f4xx_hal_rcc.o
    0x080018e0   0x080018e0   0x00000020   Code   RO         1492    i.HAL_RCC_GetPCLK1Freq  stm32f4xx_hal_rcc.o
    0x08001900   0x08001900   0x00000020   Code   RO         1493    i.HAL_RCC_GetPCLK2Freq  stm32f4xx_hal_rcc.o
    0x08001920   0x08001920   0x00000068   Code   RO         1494    i.HAL_RCC_GetSysClockFreq  stm32f4xx_hal_rcc.o
    0x08001988   0x08001988   0x0000038c   Code   RO         1594    i.HAL_RCC_OscConfig  stm32f4xx_hal_rcc_ex.o
    0x08001d14   0x08001d14   0x00000002   Code   RO         3372    i.HAL_RTCEx_AlarmBEventCallback  stm32f4xx_hal_rtc_ex.o
    0x08001d16   0x08001d16   0x00000002   PAD
    0x08001d18   0x08001d18   0x00000014   Code   RO           14    i.HAL_RTC_AlarmAEventCallback  main.o
    0x08001d2c   0x08001d2c   0x0000005c   Code   RO         3235    i.HAL_RTC_AlarmIRQHandler  stm32f4xx_hal_rtc.o
    0x08001d88   0x08001d88   0x000000b8   Code   RO         3242    i.HAL_RTC_Init      stm32f4xx_hal_rtc.o
    0x08001e40   0x08001e40   0x00000030   Code   RO          934    i.HAL_RTC_MspInit   stm32f4xx_hal_msp.o
    0x08001e70   0x08001e70   0x00000194   Code   RO         3247    i.HAL_RTC_SetAlarm_IT  stm32f4xx_hal_rtc.o
    0x08002004   0x08002004   0x000000d8   Code   RO         3248    i.HAL_RTC_SetDate   stm32f4xx_hal_rtc.o
    0x080020dc   0x080020dc   0x000000f8   Code   RO         3249    i.HAL_RTC_SetTime   stm32f4xx_hal_rtc.o
    0x080021d4   0x080021d4   0x00000034   Code   RO         3250    i.HAL_RTC_WaitForSynchro  stm32f4xx_hal_rtc.o
    0x08002208   0x08002208   0x00000028   Code   RO         2360    i.HAL_SYSTICK_Config  stm32f4xx_hal_cortex.o
    0x08002230   0x08002230   0x00000002   Code   RO         4288    i.HAL_TIMEx_BreakCallback  stm32f4xx_hal_tim_ex.o
    0x08002232   0x08002232   0x00000002   Code   RO         4289    i.HAL_TIMEx_CommutCallback  stm32f4xx_hal_tim_ex.o
    0x08002234   0x08002234   0x00000090   Code   RO         4306    i.HAL_TIMEx_MasterConfigSynchronization  stm32f4xx_hal_tim_ex.o
    0x080022c4   0x080022c4   0x00000038   Code   RO         3602    i.HAL_TIM_Base_Init  stm32f4xx_hal_tim.o
    0x080022fc   0x080022fc   0x00000058   Code   RO          936    i.HAL_TIM_Base_MspInit  stm32f4xx_hal_msp.o
    0x08002354   0x08002354   0x00000024   Code   RO         3605    i.HAL_TIM_Base_Start  stm32f4xx_hal_tim.o
    0x08002378   0x08002378   0x00000022   Code   RO         3607    i.HAL_TIM_Base_Start_IT  stm32f4xx_hal_tim.o
    0x0800239a   0x0800239a   0x000000e2   Code   RO         3611    i.HAL_TIM_ConfigClockSource  stm32f4xx_hal_tim.o
    0x0800247c   0x0800247c   0x00000002   Code   RO         3631    i.HAL_TIM_IC_CaptureCallback  stm32f4xx_hal_tim.o
    0x0800247e   0x0800247e   0x0000016e   Code   RO         3645    i.HAL_TIM_IRQHandler  stm32f4xx_hal_tim.o
    0x080025ec   0x080025ec   0x00000002   Code   RO         3648    i.HAL_TIM_OC_DelayElapsedCallback  stm32f4xx_hal_tim.o
    0x080025ee   0x080025ee   0x00000002   Code   RO         3675    i.HAL_TIM_PWM_PulseFinishedCallback  stm32f4xx_hal_tim.o
    0x080025f0   0x080025f0   0x00000002   Code   RO           15    i.HAL_TIM_PeriodElapsedCallback  main.o
    0x080025f2   0x080025f2   0x00000002   Code   RO         3688    i.HAL_TIM_TriggerCallback  stm32f4xx_hal_tim.o
    0x080025f4   0x080025f4   0x00000064   Code   RO         4564    i.HAL_UART_Init     stm32f4xx_hal_uart.o
    0x08002658   0x08002658   0x0000006c   Code   RO          938    i.HAL_UART_MspInit  stm32f4xx_hal_msp.o
    0x080026c4   0x080026c4   0x000002ae   Code   RO         1025    i.HCD_HC_IN_IRQHandler  stm32f4xx_hal_hcd.o
    0x08002972   0x08002972   0x00000242   Code   RO         1026    i.HCD_HC_OUT_IRQHandler  stm32f4xx_hal_hcd.o
    0x08002bb4   0x08002bb4   0x000000a0   Code   RO         1027    i.HCD_Port_IRQHandler  stm32f4xx_hal_hcd.o
    0x08002c54   0x08002c54   0x00000070   Code   RO         1028    i.HCD_RXQLVL_IRQHandler  stm32f4xx_hal_hcd.o
    0x08002cc4   0x08002cc4   0x00000002   Code   RO          838    i.HardFault_Handler  stm32f4xx_it.o
    0x08002cc6   0x08002cc6   0x0000002e   Code   RO         2791    i.I2C_IsAcknowledgeFailed  stm32f4xx_hal_i2c.o
    0x08002cf4   0x08002cf4   0x000000b0   Code   RO         2795    i.I2C_MasterRequestWrite  stm32f4xx_hal_i2c.o
    0x08002da4   0x08002da4   0x0000004e   Code   RO         2811    i.I2C_WaitOnBTFFlagUntilTimeout  stm32f4xx_hal_i2c.o
    0x08002df2   0x08002df2   0x0000007a   Code   RO         2812    i.I2C_WaitOnFlagUntilTimeout  stm32f4xx_hal_i2c.o
    0x08002e6c   0x08002e6c   0x000000a8   Code   RO         2813    i.I2C_WaitOnMasterAddressFlagUntilTimeout  stm32f4xx_hal_i2c.o
    0x08002f14   0x08002f14   0x0000004e   Code   RO         2816    i.I2C_WaitOnTXEFlagUntilTimeout  stm32f4xx_hal_i2c.o
    0x08002f62   0x08002f62   0x00000002   PAD
    0x08002f64   0x08002f64   0x0000001c   Code   RO          528    i.MX_FATFS_Init     fatfs.o
    0x08002f80   0x08002f80   0x00000040   Code   RO          570    i.MX_USB_HOST_Init  usb_host.o
    0x08002fc0   0x08002fc0   0x00000002   Code   RO          839    i.MemManage_Handler  stm32f4xx_it.o
    0x08002fc2   0x08002fc2   0x00000002   Code   RO          840    i.NMI_Handler       stm32f4xx_it.o
    0x08002fc4   0x08002fc4   0x0000000c   Code   RO          841    i.OTG_FS_IRQHandler  stm32f4xx_it.o
    0x08002fd0   0x08002fd0   0x00000002   Code   RO          842    i.PendSV_Handler    stm32f4xx_it.o
    0x08002fd2   0x08002fd2   0x00000002   PAD
    0x08002fd4   0x08002fd4   0x0000000c   Code   RO          843    i.RTC_Alarm_IRQHandler  stm32f4xx_it.o
    0x08002fe0   0x08002fe0   0x00000016   Code   RO         3252    i.RTC_ByteToBcd2    stm32f4xx_hal_rtc.o
    0x08002ff6   0x08002ff6   0x00000038   Code   RO         3253    i.RTC_EnterInitMode  stm32f4xx_hal_rtc.o
    0x0800302e   0x0800302e   0x00000002   Code   RO          844    i.SVC_Handler       stm32f4xx_it.o
    0x08003030   0x08003030   0x00000004   Code   RO          845    i.SysTick_Handler   stm32f4xx_it.o
    0x08003034   0x08003034   0x0000001c   Code   RO         4871    i.SystemInit        system_stm32f4xx.o
    0x08003050   0x08003050   0x0000000c   Code   RO          846    i.TIM1_UP_TIM10_IRQHandler  stm32f4xx_it.o
    0x0800305c   0x0800305c   0x000000cc   Code   RO         3690    i.TIM_Base_SetConfig  stm32f4xx_hal_tim.o
    0x08003128   0x08003128   0x00000014   Code   RO         3701    i.TIM_ETR_SetConfig  stm32f4xx_hal_tim.o
    0x0800313c   0x0800313c   0x00000010   Code   RO         3702    i.TIM_ITRx_SetConfig  stm32f4xx_hal_tim.o
    0x0800314c   0x0800314c   0x00000022   Code   RO         3708    i.TIM_TI1_ConfigInputStage  stm32f4xx_hal_tim.o
    0x0800316e   0x0800316e   0x00000024   Code   RO         3710    i.TIM_TI2_ConfigInputStage  stm32f4xx_hal_tim.o
    0x08003192   0x08003192   0x00000002   PAD
    0x08003194   0x08003194   0x000001fc   Code   RO         4591    i.UART_SetConfig    stm32f4xx_hal_uart.o
    0x08003390   0x08003390   0x00000028   Code   RO         5725    i.USBH_AllocPipe    usbh_pipes.o
    0x080033b8   0x080033b8   0x00000020   Code   RO         5653    i.USBH_BulkReceiveData  usbh_ioreq.o
    0x080033d8   0x080033d8   0x0000002c   Code   RO         5654    i.USBH_BulkSendData  usbh_ioreq.o
    0x08003404   0x08003404   0x0000000a   Code   RO         5726    i.USBH_ClosePipe    usbh_pipes.o
    0x0800340e   0x0800340e   0x0000001e   Code   RO         5539    i.USBH_ClrFeature   usbh_ctlreq.o
    0x0800342c   0x0800342c   0x00000020   Code   RO         5655    i.USBH_CtlReceiveData  usbh_ioreq.o
    0x0800344c   0x0800344c   0x0000003a   Code   RO         5540    i.USBH_CtlReq       usbh_ctlreq.o
    0x08003486   0x08003486   0x0000002c   Code   RO         5656    i.USBH_CtlSendData  usbh_ioreq.o
    0x080034b2   0x080034b2   0x0000001e   Code   RO         5657    i.USBH_CtlSendSetup  usbh_ioreq.o
    0x080034d0   0x080034d0   0x00000044   Code   RO         5400    i.USBH_FindInterface  usbh_core.o
    0x08003514   0x08003514   0x00000018   Code   RO         5727    i.USBH_FreePipe     usbh_pipes.o
    0x0800352c   0x0800352c   0x0000001e   Code   RO         5728    i.USBH_GetFreePipe  usbh_pipes.o
    0x0800354a   0x0800354a   0x00000024   Code   RO          640    i.USBH_Get_USB_Status  usbh_conf.o
    0x0800356e   0x0800356e   0x000001c2   Code   RO         5546    i.USBH_HandleControl  usbh_ctlreq.o
    0x08003730   0x08003730   0x00000014   Code   RO         5404    i.USBH_HandleSof    usbh_core.o
    0x08003744   0x08003744   0x00000042   Code   RO         5405    i.USBH_Init         usbh_core.o
    0x08003786   0x08003786   0x00000012   Code   RO          641    i.USBH_LL_ClosePipe  usbh_conf.o
    0x08003798   0x08003798   0x00000012   Code   RO         5407    i.USBH_LL_Connect   usbh_core.o
    0x080037aa   0x080037aa   0x0000002e   Code   RO         5408    i.USBH_LL_Disconnect  usbh_core.o
    0x080037d8   0x080037d8   0x00000024   Code   RO          643    i.USBH_LL_DriverVBUS  usbh_conf.o
    0x080037fc   0x080037fc   0x00000008   Code   RO          644    i.USBH_LL_GetLastXferSize  usbh_conf.o
    0x08003804   0x08003804   0x00000020   Code   RO          646    i.USBH_LL_GetToggle  usbh_conf.o
    0x08003824   0x08003824   0x00000008   Code   RO          647    i.USBH_LL_GetURBState  usbh_conf.o
    0x0800382c   0x0800382c   0x0000000e   Code   RO         5409    i.USBH_LL_IncTimer  usbh_core.o
    0x0800383a   0x0800383a   0x00000002   PAD
    0x0800383c   0x0800383c   0x00000050   Code   RO          648    i.USBH_LL_Init      usbh_conf.o
    0x0800388c   0x0800388c   0x0000001e   Code   RO          649    i.USBH_LL_OpenPipe  usbh_conf.o
    0x080038aa   0x080038aa   0x00000008   Code   RO         5410    i.USBH_LL_PortDisabled  usbh_core.o
    0x080038b2   0x080038b2   0x00000008   Code   RO         5411    i.USBH_LL_PortEnabled  usbh_core.o
    0x080038ba   0x080038ba   0x00000006   Code   RO         5412    i.USBH_LL_SetTimer  usbh_core.o
    0x080038c0   0x080038c0   0x00000022   Code   RO          651    i.USBH_LL_SetToggle  usbh_conf.o
    0x080038e2   0x080038e2   0x00000012   Code   RO          652    i.USBH_LL_Start     usbh_conf.o
    0x080038f4   0x080038f4   0x00000012   Code   RO          653    i.USBH_LL_Stop      usbh_conf.o
    0x08003906   0x08003906   0x00000026   Code   RO          654    i.USBH_LL_SubmitURB  usbh_conf.o
    0x0800392c   0x0800392c   0x00000024   Code   RO         5863    i.USBH_MSC_BOT_Abort  usbh_msc_bot.o
    0x08003950   0x08003950   0x00000024   Code   RO         5864    i.USBH_MSC_BOT_Init  usbh_msc_bot.o
    0x08003974   0x08003974   0x00000226   Code   RO         5865    i.USBH_MSC_BOT_Process  usbh_msc_bot.o
    0x08003b9a   0x08003b9a   0x00000016   Code   RO         5866    i.USBH_MSC_BOT_REQ_GetMaxLUN  usbh_msc_bot.o
    0x08003bb0   0x08003bb0   0x00000018   Code   RO         5867    i.USBH_MSC_BOT_REQ_Reset  usbh_msc_bot.o
    0x08003bc8   0x08003bc8   0x00000078   Code   RO         5772    i.USBH_MSC_ClassRequest  usbh_msc.o
    0x08003c40   0x08003c40   0x0000004c   Code   RO         5868    i.USBH_MSC_DecodeCSW  usbh_msc_bot.o
    0x08003c8c   0x08003c8c   0x0000002e   Code   RO         5773    i.USBH_MSC_GetLUNInfo  usbh_msc.o
    0x08003cba   0x08003cba   0x0000004c   Code   RO         5775    i.USBH_MSC_InterfaceDeInit  usbh_msc.o
    0x08003d06   0x08003d06   0x00000100   Code   RO         5776    i.USBH_MSC_InterfaceInit  usbh_msc.o
    0x08003e06   0x08003e06   0x0000032c   Code   RO         5778    i.USBH_MSC_Process  usbh_msc.o
    0x08004132   0x08004132   0x000000b6   Code   RO         5779    i.USBH_MSC_RdWrProcess  usbh_msc.o
    0x080041e8   0x080041e8   0x0000008c   Code   RO         5780    i.USBH_MSC_Read     usbh_msc.o
    0x08004274   0x08004274   0x000000c8   Code   RO         5915    i.USBH_MSC_SCSI_Inquiry  usbh_msc_scsi.o
    0x0800433c   0x0800433c   0x0000007e   Code   RO         5916    i.USBH_MSC_SCSI_Read  usbh_msc_scsi.o
    0x080043ba   0x080043ba   0x00000086   Code   RO         5917    i.USBH_MSC_SCSI_ReadCapacity  usbh_msc_scsi.o
    0x08004440   0x08004440   0x00000086   Code   RO         5918    i.USBH_MSC_SCSI_RequestSense  usbh_msc_scsi.o
    0x080044c6   0x080044c6   0x0000004a   Code   RO         5919    i.USBH_MSC_SCSI_TestUnitReady  usbh_msc_scsi.o
    0x08004510   0x08004510   0x0000007e   Code   RO         5920    i.USBH_MSC_SCSI_Write  usbh_msc_scsi.o
    0x0800458e   0x0800458e   0x00000004   Code   RO         5781    i.USBH_MSC_SOFProcess  usbh_msc.o
    0x08004592   0x08004592   0x00000026   Code   RO         5782    i.USBH_MSC_UnitIsReady  usbh_msc.o
    0x080045b8   0x080045b8   0x0000008c   Code   RO         5783    i.USBH_MSC_Write    usbh_msc.o
    0x08004644   0x08004644   0x00000016   Code   RO         5729    i.USBH_OpenPipe     usbh_pipes.o
    0x0800465a   0x0800465a   0x00000022   Code   RO         5415    i.USBH_RegisterClass  usbh_core.o
    0x0800467c   0x0800467c   0x00000016   Code   RO         5416    i.USBH_SelectInterface  usbh_core.o
    0x08004692   0x08004692   0x00000016   Code   RO         5417    i.USBH_Start        usbh_core.o
    0x080046a8   0x080046a8   0x00000028   Code   RO          572    i.USBH_UserProcess  usb_host.o
    0x080046d0   0x080046d0   0x00000004   Code   RO          304    i.USBH_initialize   usbh_diskio.o
    0x080046d4   0x080046d4   0x00000070   Code   RO          305    i.USBH_ioctl        usbh_diskio.o
    0x08004744   0x08004744   0x00000044   Code   RO          306    i.USBH_read         usbh_diskio.o
    0x08004788   0x08004788   0x00000018   Code   RO          307    i.USBH_status       usbh_diskio.o
    0x080047a0   0x080047a0   0x0000004c   Code   RO          308    i.USBH_write        usbh_diskio.o
    0x080047ec   0x080047ec   0x00000080   Code   RO         1183    i.USB_CoreInit      stm32f4xx_ll_usb.o
    0x0800486c   0x0800486c   0x00000038   Code   RO         1184    i.USB_CoreReset     stm32f4xx_ll_usb.o
    0x080048a4   0x080048a4   0x0000000c   Code   RO         1191    i.USB_DisableGlobalInt  stm32f4xx_ll_usb.o
    0x080048b0   0x080048b0   0x00000020   Code   RO         1192    i.USB_DoPing        stm32f4xx_ll_usb.o
    0x080048d0   0x080048d0   0x0000003a   Code   RO         1193    i.USB_DriveVbus     stm32f4xx_ll_usb.o
    0x0800490a   0x0800490a   0x0000000c   Code   RO         1199    i.USB_EnableGlobalInt  stm32f4xx_ll_usb.o
    0x08004916   0x08004916   0x00000002   PAD
    0x08004918   0x08004918   0x00000020   Code   RO         1200    i.USB_FlushRxFifo   stm32f4xx_ll_usb.o
    0x08004938   0x08004938   0x00000024   Code   RO         1201    i.USB_FlushTxFifo   stm32f4xx_ll_usb.o
    0x0800495c   0x0800495c   0x00000008   Code   RO         1202    i.USB_GetCurrentFrame  stm32f4xx_ll_usb.o
    0x08004964   0x08004964   0x00000008   Code   RO         1205    i.USB_GetMode       stm32f4xx_ll_usb.o
    0x0800496c   0x0800496c   0x000000c4   Code   RO         1206    i.USB_HC_Halt       stm32f4xx_ll_usb.o
    0x08004a30   0x08004a30   0x00000110   Code   RO         1207    i.USB_HC_Init       stm32f4xx_ll_usb.o
    0x08004b40   0x08004b40   0x00000008   Code   RO         1208    i.USB_HC_ReadInterrupt  stm32f4xx_ll_usb.o
    0x08004b48   0x08004b48   0x0000014c   Code   RO         1209    i.USB_HC_StartXfer  stm32f4xx_ll_usb.o
    0x08004c94   0x08004c94   0x000000e0   Code   RO         1210    i.USB_HostInit      stm32f4xx_ll_usb.o
    0x08004d74   0x08004d74   0x0000003a   Code   RO         1211    i.USB_InitFSLSPClkSel  stm32f4xx_ll_usb.o
    0x08004dae   0x08004dae   0x00000008   Code   RO         1216    i.USB_ReadInterrupts  stm32f4xx_ll_usb.o
    0x08004db6   0x08004db6   0x0000001e   Code   RO         1217    i.USB_ReadPacket    stm32f4xx_ll_usb.o
    0x08004dd4   0x08004dd4   0x00000030   Code   RO         1219    i.USB_SetCurrentMode  stm32f4xx_ll_usb.o
    0x08004e04   0x08004e04   0x00000080   Code   RO         1224    i.USB_StopHost      stm32f4xx_ll_usb.o
    0x08004e84   0x08004e84   0x00000026   Code   RO         1225    i.USB_WritePacket   stm32f4xx_ll_usb.o
    0x08004eaa   0x08004eaa   0x00000002   Code   RO          847    i.UsageFault_Handler  stm32f4xx_it.o
    0x08004eac   0x08004eac   0x000000cc   Code   RO           16    i._Z11MX_RTC_Initv  main.o
    0x08004f78   0x08004f78   0x00000134   Code   RO           17    i._Z12MX_GPIO_Initv  main.o
    0x080050ac   0x080050ac   0x00000040   Code   RO           18    i._Z12MX_I2C1_Initv  main.o
    0x080050ec   0x080050ec   0x00000068   Code   RO         5969    i._Z12MX_TIM3_Initv  tim_delay.o
    0x08005154   0x08005154   0x00000040   Code   RO         6130    i._Z12lcd_send_cmdc  i2c_lcd.o
    0x08005194   0x08005194   0x00000002   Code   RO         5970    i._Z13Error_Handlerv  tim_delay.o
    0x08005196   0x08005196   0x00000002   PAD
    0x08005198   0x08005198   0x00000038   Code   RO           19    i._Z13MX_TIM10_Initv  main.o
    0x080051d0   0x080051d0   0x00000040   Code   RO         6131    i._Z13lcd_send_datac  i2c_lcd.o
    0x08005210   0x08005210   0x000000bc   Code   RO           20    i._Z18SystemClock_Configv  main.o
    0x080052cc   0x080052cc   0x00000038   Code   RO           21    i._Z19MX_USART3_UART_Initv  main.o
    0x08005304   0x08005304   0x00000018   Code   RO         5971    i._Z5delayt         tim_delay.o
    0x0800531c   0x0800531c   0x00000078   Code   RO         6133    i._Z8lcd_initv      i2c_lcd.o
    0x08005394   0x08005394   0x0000000c   Code   RO         5972    i._Z9TIM_Startv     tim_delay.o
    0x080053a0   0x080053a0   0x00000018   Code   RO         6134    i._Z9lcd_clearv     i2c_lcd.o
    0x080053b8   0x080053b8   0x00000020   Code   RO         6249    i._ZN17ComponentsManager11getInstanceEv  componentsmanager.o
    0x080053d8   0x080053d8   0x00000006   Code   RO         6251    i._ZN17ComponentsManager21GetDS18B20MeasurementER20DS18B20MeasureObject  componentsmanager.o
    0x080053de   0x080053de   0x00000002   PAD
    0x080053e0   0x080053e0   0x00000020   Code   RO         6252    i._ZN17ComponentsManagerC1Ev  componentsmanager.o
    0x08005400   0x08005400   0x00000010   Code   RO         6025    i._ZN5DHT22C1EtP12GPIO_TypeDef  dht22.o
    0x08005410   0x08005410   0x00000024   Code   RO         6184    i._ZN7DS18B2014Check_ResponseEv  ds18b20.o
    0x08005434   0x08005434   0x0000009c   Code   RO         6185    i._ZN7DS18B2014GetMeasurementER20DS18B20MeasureObject  ds18b20.o
    0x080054d0   0x080054d0   0x00000052   Code   RO         6186    i._ZN7DS18B204ReadEv  ds18b20.o
    0x08005522   0x08005522   0x0000002a   Code   RO         6187    i._ZN7DS18B205StartEv  ds18b20.o
    0x0800554c   0x0800554c   0x0000006e   Code   RO         6188    i._ZN7DS18B205WriteEh  ds18b20.o
    0x080055ba   0x080055ba   0x00000002   PAD
    0x080055bc   0x080055bc   0x00000010   Code   RO         6189    i._ZN7DS18B20C1EtP12GPIO_TypeDef  ds18b20.o
    0x080055cc   0x080055cc   0x00000024   Code   RO         6087    i._ZN7ISensor13Set_Pin_InputEP12GPIO_TypeDeft  isensor.o
    0x080055f0   0x080055f0   0x00000026   Code   RO         6088    i._ZN7ISensor14Set_Pin_OutputEP12GPIO_TypeDeft  isensor.o
    0x08005616   0x08005616   0x00000002   PAD
    0x08005618   0x08005618   0x00000028   Code   RO         6403    i._Znwj             cpprt_w.l(new.o)
    0x08005640   0x08005640   0x00000020   Code   RO         2362    i.__NVIC_SetPriority  stm32f4xx_hal_cortex.o
    0x08005660   0x08005660   0x0000004c   Code   RO           22    i.main              main.o
    0x080056ac   0x080056ac   0x0000000a   Code   RO         6725    x$fpl$fpinit        fz_wm.l(fpinit.o)
    0x080056b6   0x080056b6   0x00000002   PAD
    0x080056b8   0x080056b8   0x00000014   Data   RO          309    .constdata          usbh_diskio.o
    0x080056cc   0x080056cc   0x00000010   Data   RO         4872    .constdata          system_stm32f4xx.o
    0x080056dc   0x080056dc   0x00000008   Data   RO         4873    .constdata          system_stm32f4xx.o
    0x080056e4   0x080056e4   0x0000001c   Data   RO         6070    .constdata__ZTV5DHT22  dht22.o
    0x08005700   0x08005700   0x0000001c   Data   RO         6234    .constdata__ZTV7DS18B20  ds18b20.o
    0x0800571c   0x0800571c   0x00000004   Data   RO         5784    .conststring        usbh_msc.o
    0x08005720   0x08005720   0x00000020   Data   RO         6840    Region$$Table       anon$$obj.o


    Execution Region RW_IRAM1 (Exec base: 0x20000000, Load base: 0x08005740, Size: 0x00004cf8, Max: 0x00050000, ABSOLUTE)

    Exec Addr    Load Addr    Size         Type   Attr      Idx    E Section Name        Object

    0x20000000   0x08005740   0x00000004   Data   RW           34    .data               main.o
    0x20000004   0x08005744   0x00000005   Data   RW          532    .data               fatfs.o
    0x20000009   0x08005749   0x00000003   Data   RW          580    .data               usb_host.o
    0x2000000c   0x0800574c   0x00000004   Data   RW         1226    .data               stm32f4xx_ll_usb.o
    0x20000010   0x08005750   0x0000000c   Data   RW         2506    .data               stm32f4xx_hal.o
    0x2000001c   0x0800575c   0x00000004   Data   RW         4874    .data               system_stm32f4xx.o
    0x20000020   0x08005760   0x00000020   Data   RW         5785    .data               usbh_msc.o
    0x20000040   0x08005780   0x00000004   Data   RW         6257    .data               componentsmanager.o
    0x20000044        -       0x000000f4   Zero   RW           33    .bss                main.o
    0x20000138        -       0x00000850   Zero   RW          574    .bss                usb_host.o
    0x20000988        -       0x000002c4   Zero   RW          655    .bss                usbh_conf.o
    0x20000c4c        -       0x0000000c   Zero   RW         5328    .bss                ff_gen_drv.o
    0x20000c58        -       0x00000040   Zero   RW         5977    .bss                tim_delay.o
    0x20000c98        -       0x00000060   Zero   RW         6658    .bss                c_w.l(libspace.o)
    0x20000cf8        -       0x00002000   Zero   RW            2    HEAP                startup_stm32f413xx.o
    0x20002cf8        -       0x00002000   Zero   RW            1    STACK               startup_stm32f413xx.o


==============================================================================

Image component sizes


      Code (inc. data)   RO Data    RW Data    ZI Data      Debug   Object Name

        70         12          0          4          0       2040   componentsmanager.o
        16          6         28          0          0       1692   dht22.o
       442         12         28          0          0       5284   ds18b20.o
        28         10          0          5          0       1266   fatfs.o
        70          6          0          0         12       1867   ff_gen_drv.o
       272         12          0          0          0       2678   i2c_lcd.o
        74          0          0          0          0       2396   isensor.o
       976         94          0          4        244     722807   main.o
        64         26        472          0      16384        924   startup_stm32f413xx.o
       184         28          0         12          0      10173   stm32f4xx_hal.o
       198         14          0          0          0      34523   stm32f4xx_hal_cortex.o
       448         40          0          0          0       3491   stm32f4xx_hal_gpio.o
      2432          4          0          0          0      14023   stm32f4xx_hal_hcd.o
      1404         30          0          0          0       9113   stm32f4xx_hal_i2c.o
       400         56          0          0          0       3988   stm32f4xx_hal_msp.o
       512         58          0          0          0       4768   stm32f4xx_hal_rcc.o
      1760         52          0          0          0       4140   stm32f4xx_hal_rcc_ex.o
      1274         30          0          0          0       7949   stm32f4xx_hal_rtc.o
         2          0          0          0          0       1148   stm32f4xx_hal_rtc_ex.o
      1036         44          0          0          0      11620   stm32f4xx_hal_tim.o
       148         30          0          0          0       2849   stm32f4xx_hal_tim_ex.o
       608         16          0          0          0       2216   stm32f4xx_hal_uart.o
        56         18          0          0          0       6436   stm32f4xx_it.o
      1724         50          0          4          0      18444   stm32f4xx_ll_usb.o
        28          6         24          4          0       1371   system_stm32f4xx.o
       142         22          0          0         64       2595   tim_delay.o
       104         16          0          3       2128       3876   usb_host.o
       546         20          0          0        708      13861   usbh_conf.o
       410          0          0          0          0      10424   usbh_core.o
       538         12          0          0          0       3540   usbh_ctlreq.o
       284         20         20          0          0     756764   usbh_diskio.o
       182          0          0          0          0       4888   usbh_ioreq.o
      1814         10          4         32          0      12189   usbh_msc.o
       744         28          0          0          0       6121   usbh_msc_bot.o
       794          0          0          0          0       6851   usbh_msc_scsi.o
       126          0          0          0          0       4398   usbh_pipes.o

    ----------------------------------------------------------------------
     19936        782        608         68      19540    1702713   Object Totals
         0          0         32          0          0          0   (incl. Generated)
        26          0          0          0          0          0   (incl. Padding)

    ----------------------------------------------------------------------

      Code (inc. data)   RO Data    RW Data    ZI Data      Debug   Library Member Name

         8          0          0          0          0         68   __main.o
         0          0          0          0          0          0   __rtentry.o
        12          0          0          0          0          0   __rtentry2.o
         6          0          0          0          0          0   __rtentry4.o
        52          8          0          0          0          0   __scatter.o
        26          0          0          0          0          0   __scatter_copy.o
        28          0          0          0          0          0   __scatter_zi.o
        22          0          0          0          0         80   abort.o
        48         34          0          0          0         76   defsig_abrt_inner.o
        14          0          0          0          0         80   defsig_abrt_outer.o
        10          0          0          0          0         68   defsig_exit.o
        50          0          0          0          0         88   defsig_general.o
        80         58          0          0          0         76   defsig_rtmem_inner.o
        14          0          0          0          0         80   defsig_rtmem_outer.o
        18          0          0          0          0         80   exit.o
        94          0          0          0          0         80   h1_alloc.o
        52          0          0          0          0         68   h1_extend.o
        78          0          0          0          0         80   h1_free.o
        14          0          0          0          0         84   h1_init.o
         6          0          0          0          0        152   heapauxi.o
         4          0          0          0          0        136   hguard.o
         0          0          0          0          0          0   indicate_semi.o
       138          0          0          0          0        168   init_alloc.o
         2          0          0          0          0          0   libinit.o
        14          0          0          0          0          0   libinit2.o
         2          0          0          0          0          0   libshutdown.o
         2          0          0          0          0          0   libshutdown2.o
         8          4          0          0         96         68   libspace.o
       238          0          0          0          0        100   lludivv7m.o
         0          0          0          0          0          0   maybetermalloc1.o
         8          4          0          0          0         68   rt_eh_globals_addr_intlibspace.o
         8          4          0          0          0         68   rt_heap_descriptor_intlibspace.o
        68          0          0          0          0         68   rt_memclr.o
        78          0          0          0          0         80   rt_memclr_w.o
       138          0          0          0          0         68   rt_memcpy_v6.o
       100          0          0          0          0         80   rt_memcpy_w.o
         8          4          0          0          0         68   rt_new_handler_addr_intlibspace.o
         2          0          0          0          0          0   rtexit.o
        10          0          0          0          0          0   rtexit2.o
        12          4          0          0          0         68   sys_exit.o
        74          0          0          0          0         80   sys_stackheap_outer.o
        14          0          0          0          0         76   sys_wrch.o
         2          0          0          0          0         68   use_no_semi.o
        80         12          0          0          0        104   arm_exceptions_globs.o
        60          0          0          0          0        108   arm_exceptions_mem.o
        26          0          0          0          0         76   arm_exceptions_terminate.o
         4          0          0          0          0         68   arm_newhandler_noexceptions.o
        40          6          0          0          0         76   new.o
        10          0          0          0          0        116   fpinit.o

    ----------------------------------------------------------------------
      1792        138          0          0         96       2972   Library Totals
        10          0          0          0          0          0   (incl. Padding)

    ----------------------------------------------------------------------

      Code (inc. data)   RO Data    RW Data    ZI Data      Debug   Library Name

      1562        120          0          0         96       2424   c_w.l
       210         18          0          0          0        432   cpprt_w.l
        10          0          0          0          0        116   fz_wm.l

    ----------------------------------------------------------------------
      1792        138          0          0         96       2972   Library Totals

    ----------------------------------------------------------------------

==============================================================================


      Code (inc. data)   RO Data    RW Data    ZI Data      Debug   

     21728        920        608         68      19636    1683173   Grand Totals
     21728        920        608         68      19636    1683173   ELF Image Totals
     21728        920        608         68          0          0   ROM Totals

==============================================================================

    Total RO  Size (Code + RO Data)                22336 (  21.81kB)
    Total RW  Size (RW Data + ZI Data)             19704 (  19.24kB)
    Total ROM Size (Code + RO Data + RW Data)      22404 (  21.88kB)

==============================================================================

